144.76.95.231 - - [26/Aug/2014:07:16:22 -0600] "GET /region/859/filter HTTP/1.0" 200 13788 "-" "Mozilla/5.0 (compatible; MJ12bot/v1.4.5; http://www.majestic12.co.uk/bot.php?+)"
207.46.13.94 - - [26/Aug/2014:07:16:24 -0600] "GET /site/help HTTP/1.1" 200 12781 "-" "Mozilla/5.0 (compatible; bingbot/2.0; +http://www.bing.com/bingbot.htm)"
131.253.24.96 - - [26/Aug/2014:07:16:27 -0600] "GET /region/2871/map HTTP/1.1" 200 4262 "-" "Mozilla/5.0 (compatible; MSIE 9.0; Windows NT 6.1; Trident/5.0;  Trident/5.0)"
66.249.69.193 - - [26/Aug/2014:07:16:28 -0600] "GET /entry/near/32.1657,-100.55/filter?unit=mile;distance=25;sort_order=ASC;page=;order_by=distance;address=79535;limit= HTTP/1.1" 200 6213 "-" "Mozilla/5.0 (compatible; Googlebot/2.1; +http://www.google.com/bot.html)"
183.60.214.53 - - [26/Aug/2014:07:16:33 -0600] "GET /region/104 HTTP/1.1" 200 9486 "-" "Mozilla/5.0 (compatible; EasouSpider; +http://www.easou.com/search/spider.html)"
188.121.41.53 - - [26/Aug/2014:07:16:42 -0600] "GET /search/by-lat-long/-8.397584,115.057293/filter/category_id=1;category_id=2;category_id=3;category_id=4;category_id=5;category_id=6;category_id=7;category_id=8;category_id=9?limit=10;unit=km;distance=10 HTTP/1.1" 200 341 "-" "-"
144.76.95.231 - - [26/Aug/2014:07:16:44 -0600] "GET /region/99/filter?sort_order=ASC;page=4;order_by=name;limit=20 HTTP/1.0" 200 49729 "-" "Mozilla/5.0 (compatible; MJ12bot/v1.4.5; http://www.majestic12.co.uk/bot.php?+)"
68.180.225.35 - - [26/Aug/2014:07:16:45 -0600] "GET /entry/1376 HTTP/1.1" 200 5104 "-" "Mozilla/5.0 (compatible; Yahoo! Slurp; http://help.yahoo.com/help/us/ysearch/slurp)"
66.249.69.193 - - [26/Aug/2014:07:16:48 -0600] "GET /entry-images/10569/10569-5943-mini.jpg HTTP/1.1" 200 59286 "-" "Googlebot-Image/1.0"
157.55.39.148 - - [26/Aug/2014:07:16:53 -0600] "GET /region/1248/filter/veg_level=2 HTTP/1.1" 200 4331 "-" "Mozilla/5.0 (compatible; bingbot/2.0; +http://www.bing.com/bingbot.htm)"
66.249.69.177 - - [26/Aug/2014:07:16:55 -0600] "GET /region/659 HTTP/1.1" 200 8790 "-" "Mozilla/5.0 (compatible; Googlebot/2.1; +http://www.google.com/bot.html)"
202.46.49.194 - - [26/Aug/2014:07:16:56 -0600] "GET / HTTP/1.1" 200 10098 "-" "Mozilla/5.0 (Windows NT 6.1; WOW64; rv:22.0) Gecko/20100101 Firefox/22.0"
63.117.201.120 - - [26/Aug/2014:07:17:00 -0600] "GET /entry/10295 HTTP/1.1" 200 5371 "-" "Mozilla/5.0 (compatible; MSIE 10.0; Windows NT 6.1; Trident/6.0)"
63.117.201.120 - - [26/Aug/2014:07:17:03 -0600] "GET /7b0744/css/vegguide-combined.css HTTP/1.1" 200 20810 "-" "Mozilla/5.0 (compatible; MSIE 10.0; Windows NT 6.1; Trident/6.0)"
63.117.201.120 - - [26/Aug/2014:07:17:03 -0600] "GET /user-images/4145-small.png HTTP/1.1" 200 5528 "-" "Mozilla/5.0 (compatible; MSIE 10.0; Windows NT 6.1; Trident/6.0)"
63.117.201.120 - - [26/Aug/2014:07:17:03 -0600] "GET /images/close-button.png HTTP/1.1" 200 693 "-" "Mozilla/5.0 (compatible; MSIE 10.0; Windows NT 6.1; Trident/6.0)"
63.117.201.120 - - [26/Aug/2014:07:17:03 -0600] "GET /images/vegguide-logo.png HTTP/1.1" 200 20540 "-" "Mozilla/5.0 (compatible; MSIE 10.0; Windows NT 6.1; Trident/6.0)"
63.117.201.120 - - [26/Aug/2014:07:17:03 -0600] "GET /7b0744/images/ratings/green-3-50.png HTTP/1.1" 200 1283 "-" "Mozilla/5.0 (compatible; MSIE 10.0; Windows NT 6.1; Trident/6.0)"
63.117.201.120 - - [26/Aug/2014:07:17:03 -0600] "GET /7b0744/images/ratings/green-3-00.png HTTP/1.1" 200 1105 "-" "Mozilla/5.0 (compatible; MSIE 10.0; Windows NT 6.1; Trident/6.0)"
63.117.201.120 - - [26/Aug/2014:07:17:03 -0600] "GET /images/caa-logo.png HTTP/1.1" 200 10681 "-" "Mozilla/5.0 (compatible; MSIE 10.0; Windows NT 6.1; Trident/6.0)"
63.117.201.120 - - [26/Aug/2014:07:17:03 -0600] "GET /images/thl-logo.png HTTP/1.1" 200 2925 "-" "Mozilla/5.0 (compatible; MSIE 10.0; Windows NT 6.1; Trident/6.0)"
63.117.201.120 - - [26/Aug/2014:07:17:03 -0600] "GET /images/peta-logo.jpg HTTP/1.1" 200 14774 "-" "Mozilla/5.0 (compatible; MSIE 10.0; Windows NT 6.1; Trident/6.0)"
63.117.201.120 - - [26/Aug/2014:07:17:03 -0600] "GET /images/cok-logo.png HTTP/1.1" 200 8577 "-" "Mozilla/5.0 (compatible; MSIE 10.0; Windows NT 6.1; Trident/6.0)"
63.117.201.120 - - [26/Aug/2014:07:17:03 -0600] "GET /7b0744/js/vegguide-combined.js HTTP/1.1" 200 94167 "-" "Mozilla/5.0 (compatible; MSIE 10.0; Windows NT 6.1; Trident/6.0)"
63.117.201.120 - - [26/Aug/2014:07:17:03 -0600] "GET /images/fs-logo.png HTTP/1.1" 200 10293 "-" "Mozilla/5.0 (compatible; MSIE 10.0; Windows NT 6.1; Trident/6.0)"
63.117.201.120 - - [26/Aug/2014:07:17:03 -0600] "GET /images/vo-logo.gif HTTP/1.1" 200 1553 "-" "Mozilla/5.0 (compatible; MSIE 10.0; Windows NT 6.1; Trident/6.0)"
63.117.201.120 - - [26/Aug/2014:07:17:03 -0600] "GET /images/loader.gif HTTP/1.1" 200 3208 "-" "Mozilla/5.0 (compatible; MSIE 10.0; Windows NT 6.1; Trident/6.0)"
63.117.201.120 - - [26/Aug/2014:07:17:03 -0600] "GET /entry-images/10295/10295-4219-small.png HTTP/1.1" 200 173342 "-" "Mozilla/5.0 (compatible; MSIE 10.0; Windows NT 6.1; Trident/6.0)"
63.117.201.120 - - [26/Aug/2014:07:17:03 -0600] "GET /images/red-bullet.png HTTP/1.1" 200 231 "-" "Mozilla/5.0 (compatible; MSIE 10.0; Windows NT 6.1; Trident/6.0)"
63.117.201.120 - - [26/Aug/2014:07:17:03 -0600] "GET /images/transparent.gif HTTP/1.1" 200 49 "-" "Mozilla/5.0 (compatible; MSIE 10.0; Windows NT 6.1; Trident/6.0)"
63.117.201.120 - - [26/Aug/2014:07:17:04 -0600] "GET /images/ratings/blue-1-00.png HTTP/1.1" 200 1037 "-" "Mozilla/5.0 (compatible; MSIE 10.0; Windows NT 6.1; Trident/6.0)"
63.117.201.120 - - [26/Aug/2014:07:17:04 -0600] "GET /images/ratings/blue-2-00.png HTTP/1.1" 200 1375 "-" "Mozilla/5.0 (compatible; MSIE 10.0; Windows NT 6.1; Trident/6.0)"
63.117.201.120 - - [26/Aug/2014:07:17:04 -0600] "GET /images/ratings/blue-3-00.png HTTP/1.1" 200 1416 "-" "Mozilla/5.0 (compatible; MSIE 10.0; Windows NT 6.1; Trident/6.0)"
63.117.201.120 - - [26/Aug/2014:07:17:04 -0600] "GET /images/ratings/blue-4-00.png HTTP/1.1" 200 1375 "-" "Mozilla/5.0 (compatible; MSIE 10.0; Windows NT 6.1; Trident/6.0)"
63.117.201.120 - - [26/Aug/2014:07:17:04 -0600] "GET /images/ratings/blue-5-00.png HTTP/1.1" 200 1198 "-" "Mozilla/5.0 (compatible; MSIE 10.0; Windows NT 6.1; Trident/6.0)"
63.117.201.120 - - [26/Aug/2014:07:17:04 -0600] "GET /images/favicon.ico HTTP/1.1" 200 1022 "-" "Mozilla/5.0 (compatible; MSIE 10.0; Windows NT 6.1; Trident/6.0)"
144.76.95.231 - - [26/Aug/2014:07:17:06 -0600] "GET /user/11108 HTTP/1.0" 200 8306 "-" "Mozilla/5.0 (compatible; MJ12bot/v1.4.5; http://www.majestic12.co.uk/bot.php?+)"
66.249.69.193 - - [26/Aug/2014:07:17:07 -0600] "GET /region/312.rss HTTP/1.1" 200 457625 "-" "Mozilla/5.0 (compatible; Googlebot/2.1; +http://www.google.com/bot.html)"
131.253.24.94 - - [26/Aug/2014:07:17:12 -0600] "GET /entry/5120 HTTP/1.1" 200 4911 "-" "Mozilla/5.0 (compatible; MSIE 9.0; Windows NT 6.1; Trident/5.0;  Trident/5.0)"
96.31.33.37 - - [26/Aug/2014:07:17:12 -0600] "HEAD / HTTP/1.1" 200 0 "-" "Mozilla/5.0 (compatible; MSIE 9.0; Windows NT 6.1; WOW64; Trident/5.0)"
131.253.24.94 - - [26/Aug/2014:07:17:13 -0600] "GET /7b0744/css/vegguide-combined.css HTTP/1.1" 200 20810 "-" "Mozilla/5.0 (compatible; MSIE 9.0; Windows NT 6.1; Trident/5.0;  Trident/5.0)"
131.253.24.94 - - [26/Aug/2014:07:17:14 -0600] "GET /7b0744/js/vegguide-combined.js HTTP/1.1" 200 94167 "-" "Mozilla/5.0 (compatible; MSIE 9.0; Windows NT 6.1; Trident/5.0;  Trident/5.0)"
66.249.91.182 - - [26/Aug/2014:07:17:16 -0600] "GET /site/recent.rss HTTP/1.1" 200 20227 "-" "Feedfetcher-Google; (+http://www.google.com/feedfetcher.html; 111 subscribers; feed-id=9953011714734062373)"
66.249.69.177 - - [26/Aug/2014:07:17:20 -0600] "GET /entry/near/39.3359,-81.6758/filter/category_id=1?unit=mile;distance=25;sort_order=DESC;page=1;order_by=rating;address=45784;limit=20 HTTP/1.1" 200 7849 "-" "Mozilla/5.0 (compatible; Googlebot/2.1; +http://www.google.com/bot.html)"
157.55.39.147 - - [26/Aug/2014:07:17:23 -0600] "GET /user/11216 HTTP/1.1" 200 3304 "-" "Mozilla/5.0 (compatible; bingbot/2.0; +http://www.bing.com/bingbot.htm)"
66.249.91.182 - - [26/Aug/2014:07:17:25 -0600] "GET /region/13/recent.rss HTTP/1.1" 200 20115 "-" "Feedfetcher-Google; (+http://www.google.com/feedfetcher.html; 2 subscribers; feed-id=3035295366102503626)"
144.76.95.231 - - [26/Aug/2014:07:17:27 -0600] "GET /user/2798/entries HTTP/1.0" 200 9008 "-" "Mozilla/5.0 (compatible; MJ12bot/v1.4.5; http://www.majestic12.co.uk/bot.php?+)"
68.180.225.35 - - [26/Aug/2014:07:17:30 -0600] "GET /entry/1660 HTTP/1.1" 200 5276 "-" "Mozilla/5.0 (compatible; Yahoo! Slurp; http://help.yahoo.com/help/us/ysearch/slurp)"
37.58.100.142 - - [26/Aug/2014:07:17:39 -0600] "GET /entry/near/41.244%2C-111.967/filter?unit=mile;distance=25;sort_order=ASC;page=;order_by=distance;address=84407;limit= HTTP/1.1" 200 7489 "-" "Mozilla/5.0 (compatible; AhrefsBot/5.0; +http://ahrefs.com/robot/)"
144.76.95.231 - - [26/Aug/2014:07:17:49 -0600] "GET /user/2798/reviews HTTP/1.0" 200 14547 "-" "Mozilla/5.0 (compatible; MJ12bot/v1.4.5; http://www.majestic12.co.uk/bot.php?+)"
66.249.69.193 - - [26/Aug/2014:07:17:51 -0600] "GET /location/data.rss?location_id=99&include_hours=1 HTTP/1.1" 301 178 "-" "Mozilla/5.0 (compatible; Googlebot/2.1; +http://www.google.com/bot.html)"
157.55.39.148 - - [26/Aug/2014:07:17:53 -0600] "GET /region/1248/filter/veg_level=2 HTTP/1.1" 200 4331 "-" "Mozilla/5.0 (compatible; bingbot/2.0; +http://www.bing.com/bingbot.htm)"
66.249.69.177 - - [26/Aug/2014:07:17:58 -0600] "GET /region/99.rss HTTP/1.1" 200 507626 "-" "Mozilla/5.0 (compatible; Googlebot/2.1; +http://www.google.com/bot.html)"
202.160.16.52 - - [26/Aug/2014:07:18:03 -0600] "GET /favicon.ico HTTP/1.1" 301 178 "-" "Mozilla/5.0 (Windows NT 6.3; WOW64) AppleWebKit/537.36 (KHTML, like Gecko) Chrome/36.0.1985.143 Safari/537.36"
66.249.69.193 - - [26/Aug/2014:07:18:04 -0600] "GET /region/26 HTTP/1.1" 200 9061 "-" "Mozilla/5.0 (compatible; Googlebot/2.1; +http://www.google.com/bot.html)"
202.160.16.52 - - [26/Aug/2014:07:18:05 -0600] "GET /favicon.ico HTTP/1.1" 200 1022 "-" "Mozilla/5.0 (Windows NT 6.3; WOW64) AppleWebKit/537.36 (KHTML, like Gecko) Chrome/36.0.1985.143 Safari/537.36"
66.249.69.161 - - [26/Aug/2014:07:18:06 -0600] "GET /region/98/recent.atom HTTP/1.1" 200 20711 "-" "Mozilla/5.0 (compatible; Googlebot/2.1; +http://www.google.com/bot.html)"
202.160.16.52 - - [26/Aug/2014:07:18:08 -0600] "GET /region/653 HTTP/1.1" 200 3525 "-" "Mozilla/5.0 (Windows NT 6.3; WOW64) AppleWebKit/537.36 (KHTML, like Gecko) Chrome/36.0.1985.143 Safari/537.36"
202.160.16.52 - - [26/Aug/2014:07:18:08 -0600] "GET /7b0744/css/vegguide-combined.css HTTP/1.1" 200 20810 "-" "Mozilla/5.0 (Windows NT 6.3; WOW64) AppleWebKit/537.36 (KHTML, like Gecko) Chrome/36.0.1985.143 Safari/537.36"
202.160.16.52 - - [26/Aug/2014:07:18:09 -0600] "GET /images/close-button.png HTTP/1.1" 200 693 "-" "Mozilla/5.0 (Windows NT 6.3; WOW64) AppleWebKit/537.36 (KHTML, like Gecko) Chrome/36.0.1985.143 Safari/537.36"
202.160.16.52 - - [26/Aug/2014:07:18:09 -0600] "GET /user-images/4795-small.jpg HTTP/1.1" 200 11487 "-" "Mozilla/5.0 (Windows NT 6.3; WOW64) AppleWebKit/537.36 (KHTML, like Gecko) Chrome/36.0.1985.143 Safari/537.36"
202.160.16.52 - - [26/Aug/2014:07:18:09 -0600] "GET /images/caa-logo.png HTTP/1.1" 200 10681 "-" "Mozilla/5.0 (Windows NT 6.3; WOW64) AppleWebKit/537.36 (KHTML, like Gecko) Chrome/36.0.1985.143 Safari/537.36"
202.160.16.52 - - [26/Aug/2014:07:18:09 -0600] "GET /images/thl-logo.png HTTP/1.1" 200 2925 "-" "Mozilla/5.0 (Windows NT 6.3; WOW64) AppleWebKit/537.36 (KHTML, like Gecko) Chrome/36.0.1985.143 Safari/537.36"
66.249.69.177 - - [26/Aug/2014:07:18:09 -0600] "GET /entry/near/41.3876,-93.2689/filter/category_id=1?unit=mile;distance=5;sort_order=ASC;page=1;order_by=distance;address=50225;limit=20 HTTP/1.1" 200 6313 "-" "Mozilla/5.0 (compatible; Googlebot/2.1; +http://www.google.com/bot.html)"
202.160.16.52 - - [26/Aug/2014:07:18:10 -0600] "GET /images/peta-logo.jpg HTTP/1.1" 200 14774 "-" "Mozilla/5.0 (Windows NT 6.3; WOW64) AppleWebKit/537.36 (KHTML, like Gecko) Chrome/36.0.1985.143 Safari/537.36"
202.160.16.52 - - [26/Aug/2014:07:18:10 -0600] "GET /images/vegguide-logo.png HTTP/1.1" 200 20540 "-" "Mozilla/5.0 (Windows NT 6.3; WOW64) AppleWebKit/537.36 (KHTML, like Gecko) Chrome/36.0.1985.143 Safari/537.36"
202.160.16.52 - - [26/Aug/2014:07:18:10 -0600] "GET /images/cok-logo.png HTTP/1.1" 200 8577 "-" "Mozilla/5.0 (Windows NT 6.3; WOW64) AppleWebKit/537.36 (KHTML, like Gecko) Chrome/36.0.1985.143 Safari/537.36"
202.160.16.52 - - [26/Aug/2014:07:18:10 -0600] "GET /images/fs-logo.png HTTP/1.1" 200 10293 "-" "Mozilla/5.0 (Windows NT 6.3; WOW64) AppleWebKit/537.36 (KHTML, like Gecko) Chrome/36.0.1985.143 Safari/537.36"
202.160.16.52 - - [26/Aug/2014:07:18:10 -0600] "GET /images/vo-logo.gif HTTP/1.1" 200 1553 "-" "Mozilla/5.0 (Windows NT 6.3; WOW64) AppleWebKit/537.36 (KHTML, like Gecko) Chrome/36.0.1985.143 Safari/537.36"
144.76.95.231 - - [26/Aug/2014:07:18:12 -0600] "GET /user/5047/entries HTTP/1.0" 200 7890 "-" "Mozilla/5.0 (compatible; MJ12bot/v1.4.5; http://www.majestic12.co.uk/bot.php?+)"
202.160.16.52 - - [26/Aug/2014:07:18:12 -0600] "GET /7b0744/js/vegguide-combined.js HTTP/1.1" 200 94167 "-" "Mozilla/5.0 (Windows NT 6.3; WOW64) AppleWebKit/537.36 (KHTML, like Gecko) Chrome/36.0.1985.143 Safari/537.36"
188.121.41.53 - - [26/Aug/2014:07:18:13 -0600] "GET /search/by-lat-long/-36.25841,145.566261/filter/category_id=1;category_id=2;category_id=3;category_id=4;category_id=5;category_id=6;category_id=7;category_id=8;category_id=9?limit=10;unit=km;distance=10 HTTP/1.1" 200 341 "-" "-"
202.160.16.52 - - [26/Aug/2014:07:18:13 -0600] "GET /images/loader.gif HTTP/1.1" 200 3208 "-" "Mozilla/5.0 (Windows NT 6.3; WOW64) AppleWebKit/537.36 (KHTML, like Gecko) Chrome/36.0.1985.143 Safari/537.36"
202.160.16.52 - - [26/Aug/2014:07:18:13 -0600] "GET /images/transparent.gif HTTP/1.1" 200 49 "-" "Mozilla/5.0 (Windows NT 6.3; WOW64) AppleWebKit/537.36 (KHTML, like Gecko) Chrome/36.0.1985.143 Safari/537.36"
202.160.16.52 - - [26/Aug/2014:07:18:14 -0600] "GET /images/favicon.ico HTTP/1.1" 200 1022 "-" "Mozilla/5.0 (Windows NT 6.3; WOW64) AppleWebKit/537.36 (KHTML, like Gecko) Chrome/36.0.1985.143 Safari/537.36"
68.180.225.35 - - [26/Aug/2014:07:18:15 -0600] "GET /region/130/comment_form HTTP/1.1" 302 338 "-" "Mozilla/5.0 (compatible; Yahoo! Slurp; http://help.yahoo.com/help/us/ysearch/slurp)"
199.21.99.207 - - [26/Aug/2014:07:18:23 -0600] "GET /61db66/images/ratings/green-0-00.png HTTP/1.1" 200 791 "-" "Mozilla/5.0 (compatible; YandexImages/3.0; +http://yandex.com/bots)"
157.55.39.70 - - [26/Aug/2014:07:18:24 -0600] "GET /entry/20247/map HTTP/1.1" 200 3608 "-" "Mozilla/5.0 (compatible; bingbot/2.0; +http://www.bing.com/bingbot.htm)"
37.58.100.142 - - [26/Aug/2014:07:18:27 -0600] "GET /vendor/view.mhtml?vendor_id=956 HTTP/1.1" 301 178 "-" "Mozilla/5.0 (compatible; AhrefsBot/5.0; +http://ahrefs.com/robot/)"
37.58.100.142 - - [26/Aug/2014:07:18:31 -0600] "GET /entry/3411 HTTP/1.1" 200 4829 "-" "Mozilla/5.0 (compatible; AhrefsBot/5.0; +http://ahrefs.com/robot/)"
144.76.95.231 - - [26/Aug/2014:07:18:33 -0600] "GET /user/5047/reviews HTTP/1.0" 200 21355 "-" "Mozilla/5.0 (compatible; MJ12bot/v1.4.5; http://www.majestic12.co.uk/bot.php?+)"
37.58.100.142 - - [26/Aug/2014:07:18:42 -0600] "GET /entry/near/37.184%2C-112.999/filter?unit=mile;distance=25;sort_order=ASC;page=;order_by=distance;address=84767;limit= HTTP/1.1" 200 6577 "-" "Mozilla/5.0 (compatible; AhrefsBot/5.0; +http://ahrefs.com/robot/)"
183.60.214.53 - - [26/Aug/2014:07:18:52 -0600] "GET /entry/18539 HTTP/1.1" 200 4536 "-" "Mozilla/5.0 (compatible; EasouSpider; +http://www.easou.com/search/spider.html)"
157.55.39.71 - - [26/Aug/2014:07:18:54 -0600] "GET /entry/4016 HTTP/1.1" 200 5574 "-" "Mozilla/5.0 (compatible; bingbot/2.0; +http://www.bing.com/bingbot.htm)"
65.55.215.250 - - [26/Aug/2014:07:18:55 -0600] "GET /region/339 HTTP/1.1" 200 8531 "-" "Mozilla/5.0 (compatible; MSIE 9.0; Windows NT 6.1; Trident/5.0;  Trident/5.0)"
131.253.24.92 - - [26/Aug/2014:07:18:55 -0600] "GET /entry/19121 HTTP/1.1" 200 4340 "-" "Mozilla/5.0 (compatible; MSIE 9.0; Windows NT 6.0; Trident/5.0;  Trident/5.0)"
131.253.24.92 - - [26/Aug/2014:07:18:55 -0600] "GET /7b0744/css/vegguide-combined.css HTTP/1.1" 200 20810 "-" "Mozilla/5.0 (compatible; MSIE 9.0; Windows NT 6.0; Trident/5.0;  Trident/5.0)"
131.253.24.92 - - [26/Aug/2014:07:18:56 -0600] "GET /7b0744/js/vegguide-combined.js HTTP/1.1" 200 94167 "-" "Mozilla/5.0 (compatible; MSIE 9.0; Windows NT 6.0; Trident/5.0;  Trident/5.0)"
65.55.215.250 - - [26/Aug/2014:07:18:56 -0600] "GET /7b0744/css/vegguide-combined.css HTTP/1.1" 200 20810 "-" "Mozilla/5.0 (compatible; MSIE 9.0; Windows NT 6.1; Trident/5.0;  Trident/5.0)"
144.76.95.231 - - [26/Aug/2014:07:18:56 -0600] "GET /user/6204/entries HTTP/1.0" 200 7796 "-" "Mozilla/5.0 (compatible; MJ12bot/v1.4.5; http://www.majestic12.co.uk/bot.php?+)"
65.55.215.250 - - [26/Aug/2014:07:18:56 -0600] "GET /7b0744/js/vegguide-combined.js HTTP/1.1" 200 94167 "-" "Mozilla/5.0 (compatible; MSIE 9.0; Windows NT 6.1; Trident/5.0;  Trident/5.0)"
183.60.213.53 - - [26/Aug/2014:07:18:58 -0600] "GET /region/405 HTTP/1.1" 200 8959 "-" "Mozilla/5.0 (compatible; EasouSpider; +http://www.easou.com/search/spider.html)"
68.180.225.35 - - [26/Aug/2014:07:19:00 -0600] "GET /entry/12162 HTTP/1.1" 200 4990 "-" "Mozilla/5.0 (compatible; Yahoo! Slurp; http://help.yahoo.com/help/us/ysearch/slurp)"
37.58.100.142 - - [26/Aug/2014:07:19:09 -0600] "GET /entry/near/39.2627%2C-76.4948/filter?unit=mile;distance=25;sort_order=ASC;page=;order_by=distance;address=21222;limit= HTTP/1.1" 200 8977 "-" "Mozilla/5.0 (compatible; AhrefsBot/5.0; +http://ahrefs.com/robot/)"
66.249.69.177 - - [26/Aug/2014:07:19:12 -0600] "GET /region/1367/printable/veg_level=2 HTTP/1.1" 200 549 "-" "Mozilla/5.0 (compatible; Googlebot/2.1; +http://www.google.com/bot.html)"
66.249.69.161 - - [26/Aug/2014:07:19:14 -0600] "GET /entry/near/0,0/filter?unit=mile;distance=50;sort_order=ASC;page=1;order_by=distance;address=09737;limit=20 HTTP/1.1" 200 6196 "-" "Mozilla/5.0 (compatible; Googlebot/2.1; +http://www.google.com/bot.html)"
107.202.205.209 - - [26/Aug/2014:07:19:14 -0600] "GET /entry/12449 HTTP/1.1" 200 4572 "-" "Mozilla/5.0 (Windows NT 6.3; WOW64) AppleWebKit/537.36 (KHTML, like Gecko) Chrome/36.0.1985.143 Safari/537.36"
107.202.205.209 - - [26/Aug/2014:07:19:15 -0600] "GET /7b0744/css/vegguide-combined.css HTTP/1.1" 200 20810 "-" "Mozilla/5.0 (Windows NT 6.3; WOW64) AppleWebKit/537.36 (KHTML, like Gecko) Chrome/36.0.1985.143 Safari/537.36"
107.202.205.209 - - [26/Aug/2014:07:19:15 -0600] "GET /images/close-button.png HTTP/1.1" 200 693 "-" "Mozilla/5.0 (Windows NT 6.3; WOW64) AppleWebKit/537.36 (KHTML, like Gecko) Chrome/36.0.1985.143 Safari/537.36"
107.202.205.209 - - [26/Aug/2014:07:19:15 -0600] "GET /7b0744/images/ratings/green-0-00.png HTTP/1.1" 200 791 "-" "Mozilla/5.0 (Windows NT 6.3; WOW64) AppleWebKit/537.36 (KHTML, like Gecko) Chrome/36.0.1985.143 Safari/537.36"
107.202.205.209 - - [26/Aug/2014:07:19:15 -0600] "GET /images/upload-an-image.png HTTP/1.1" 200 7026 "-" "Mozilla/5.0 (Windows NT 6.3; WOW64) AppleWebKit/537.36 (KHTML, like Gecko) Chrome/36.0.1985.143 Safari/537.36"
107.202.205.209 - - [26/Aug/2014:07:19:15 -0600] "GET /images/caa-logo.png HTTP/1.1" 200 10681 "-" "Mozilla/5.0 (Windows NT 6.3; WOW64) AppleWebKit/537.36 (KHTML, like Gecko) Chrome/36.0.1985.143 Safari/537.36"
107.202.205.209 - - [26/Aug/2014:07:19:15 -0600] "GET /images/vegguide-logo.png HTTP/1.1" 200 20540 "-" "Mozilla/5.0 (Windows NT 6.3; WOW64) AppleWebKit/537.36 (KHTML, like Gecko) Chrome/36.0.1985.143 Safari/537.36"
107.202.205.209 - - [26/Aug/2014:07:19:15 -0600] "GET /images/thl-logo.png HTTP/1.1" 200 2925 "-" "Mozilla/5.0 (Windows NT 6.3; WOW64) AppleWebKit/537.36 (KHTML, like Gecko) Chrome/36.0.1985.143 Safari/537.36"
107.202.205.209 - - [26/Aug/2014:07:19:16 -0600] "GET /images/peta-logo.jpg HTTP/1.1" 200 14774 "-" "Mozilla/5.0 (Windows NT 6.3; WOW64) AppleWebKit/537.36 (KHTML, like Gecko) Chrome/36.0.1985.143 Safari/537.36"
107.202.205.209 - - [26/Aug/2014:07:19:16 -0600] "GET /images/cok-logo.png HTTP/1.1" 200 8577 "-" "Mozilla/5.0 (Windows NT 6.3; WOW64) AppleWebKit/537.36 (KHTML, like Gecko) Chrome/36.0.1985.143 Safari/537.36"
107.202.205.209 - - [26/Aug/2014:07:19:16 -0600] "GET /images/fs-logo.png HTTP/1.1" 200 10293 "-" "Mozilla/5.0 (Windows NT 6.3; WOW64) AppleWebKit/537.36 (KHTML, like Gecko) Chrome/36.0.1985.143 Safari/537.36"
107.202.205.209 - - [26/Aug/2014:07:19:16 -0600] "GET /images/vo-logo.gif HTTP/1.1" 200 1553 "-" "Mozilla/5.0 (Windows NT 6.3; WOW64) AppleWebKit/537.36 (KHTML, like Gecko) Chrome/36.0.1985.143 Safari/537.36"
66.249.69.161 - - [26/Aug/2014:07:19:16 -0600] "GET /region/825.rss HTTP/1.1" 200 36273 "-" "Mozilla/5.0 (compatible; Googlebot/2.1; +http://www.google.com/bot.html)"
144.76.95.231 - - [26/Aug/2014:07:19:17 -0600] "GET /user/6204/reviews HTTP/1.0" 200 9435 "-" "Mozilla/5.0 (compatible; MJ12bot/v1.4.5; http://www.majestic12.co.uk/bot.php?+)"
107.202.205.209 - - [26/Aug/2014:07:19:19 -0600] "GET /7b0744/js/vegguide-combined.js HTTP/1.1" 200 94167 "-" "Mozilla/5.0 (Windows NT 6.3; WOW64) AppleWebKit/537.36 (KHTML, like Gecko) Chrome/36.0.1985.143 Safari/537.36"
107.202.205.209 - - [26/Aug/2014:07:19:19 -0600] "GET /images/loader.gif HTTP/1.1" 200 3208 "-" "Mozilla/5.0 (Windows NT 6.3; WOW64) AppleWebKit/537.36 (KHTML, like Gecko) Chrome/36.0.1985.143 Safari/537.36"
107.202.205.209 - - [26/Aug/2014:07:19:19 -0600] "GET /images/transparent.gif HTTP/1.1" 200 49 "-" "Mozilla/5.0 (Windows NT 6.3; WOW64) AppleWebKit/537.36 (KHTML, like Gecko) Chrome/36.0.1985.143 Safari/537.36"
107.202.205.209 - - [26/Aug/2014:07:19:20 -0600] "GET /images/red-bullet.png HTTP/1.1" 200 231 "-" "Mozilla/5.0 (Windows NT 6.3; WOW64) AppleWebKit/537.36 (KHTML, like Gecko) Chrome/36.0.1985.143 Safari/537.36"
107.202.205.209 - - [26/Aug/2014:07:19:20 -0600] "GET /images/ratings/blue-1-00.png HTTP/1.1" 200 1037 "-" "Mozilla/5.0 (Windows NT 6.3; WOW64) AppleWebKit/537.36 (KHTML, like Gecko) Chrome/36.0.1985.143 Safari/537.36"
107.202.205.209 - - [26/Aug/2014:07:19:21 -0600] "GET /images/ratings/blue-2-00.png HTTP/1.1" 200 1375 "-" "Mozilla/5.0 (Windows NT 6.3; WOW64) AppleWebKit/537.36 (KHTML, like Gecko) Chrome/36.0.1985.143 Safari/537.36"
107.202.205.209 - - [26/Aug/2014:07:19:21 -0600] "GET /images/ratings/blue-3-00.png HTTP/1.1" 200 1416 "-" "Mozilla/5.0 (Windows NT 6.3; WOW64) AppleWebKit/537.36 (KHTML, like Gecko) Chrome/36.0.1985.143 Safari/537.36"
107.202.205.209 - - [26/Aug/2014:07:19:21 -0600] "GET /images/ratings/blue-4-00.png HTTP/1.1" 200 1375 "-" "Mozilla/5.0 (Windows NT 6.3; WOW64) AppleWebKit/537.36 (KHTML, like Gecko) Chrome/36.0.1985.143 Safari/537.36"
107.202.205.209 - - [26/Aug/2014:07:19:21 -0600] "GET /images/ratings/blue-5-00.png HTTP/1.1" 200 1198 "-" "Mozilla/5.0 (Windows NT 6.3; WOW64) AppleWebKit/537.36 (KHTML, like Gecko) Chrome/36.0.1985.143 Safari/537.36"
107.202.205.209 - - [26/Aug/2014:07:19:23 -0600] "GET /images/favicon.ico HTTP/1.1" 200 1022 "-" "Mozilla/5.0 (Windows NT 6.3; WOW64) AppleWebKit/537.36 (KHTML, like Gecko) Chrome/36.0.1985.143 Safari/537.36"
157.55.39.5 - - [26/Aug/2014:07:19:24 -0600] "GET /region/1593.rss HTTP/1.1" 200 1612 "-" "Mozilla/5.0 (compatible; bingbot/2.0; +http://www.bing.com/bingbot.htm)"
58.22.157.127 - - [26/Aug/2014:07:19:28 -0600] "HEAD / HTTP/1.1" 200 0 "-" "Mozilla/4.0 (compatible; MSIE 6.0; Windows NT 5.1; SV1)"
58.22.157.127 - - [26/Aug/2014:07:19:29 -0600] "GET / HTTP/1.1" 200 10105 "-" "Mozilla/4.0 (compatible; MSIE 6.0; Windows NT 5.1; SV1)"
23.239.8.38 - - [26/Aug/2014:07:19:31 -0600] "GET / HTTP/1.1" 301 178 "-" "check_http/v1.4.15 (nagios-plugins 1.4.15)"
23.239.8.38 - - [26/Aug/2014:07:19:31 -0600] "GET / HTTP/1.1" 200 10098 "-" "check_http/v1.4.15 (nagios-plugins 1.4.15)"
58.22.157.127 - - [26/Aug/2014:07:19:35 -0600] "HEAD /site/about HTTP/1.1" 200 0 "-" "Mozilla/4.0 (compatible; MSIE 6.0; Windows NT 5.1; SV1)"
58.22.157.127 - - [26/Aug/2014:07:19:36 -0600] "GET /site/about HTTP/1.1" 200 13653 "-" "Mozilla/4.0 (compatible; MSIE 6.0; Windows NT 5.1; SV1)"
195.2.240.103 - - [26/Aug/2014:07:19:37 -0600] "GET /user/10960 HTTP/1.1" 200 7857 "-" "Mozilla/5.0 (Windows NT 6.1; WOW64; rv:26.1) Gecko/20100101 Firefox/26.0"
144.76.95.231 - - [26/Aug/2014:07:19:40 -0600] "GET /user/6698 HTTP/1.0" 200 10272 "-" "Mozilla/5.0 (compatible; MJ12bot/v1.4.5; http://www.majestic12.co.uk/bot.php?+)"
37.58.100.142 - - [26/Aug/2014:07:19:40 -0600] "GET /entry/6446 HTTP/1.1" 200 4578 "-" "Mozilla/5.0 (compatible; AhrefsBot/5.0; +http://ahrefs.com/robot/)"
58.22.157.127 - - [26/Aug/2014:07:19:40 -0600] "HEAD /user/login_form?return_to=http%3A%2F%2Fwww.vegguide.org%2Fsite%2Fabout HTTP/1.1" 200 0 "-" "Mozilla/4.0 (compatible; MSIE 6.0; Windows NT 5.1; SV1)"
58.22.157.127 - - [26/Aug/2014:07:19:41 -0600] "GET /user/login_form?return_to=http%3A%2F%2Fwww.vegguide.org%2Fsite%2Fabout HTTP/1.1" 200 9534 "-" "Mozilla/4.0 (compatible; MSIE 6.0; Windows NT 5.1; SV1)"
58.22.157.127 - - [26/Aug/2014:07:19:42 -0600] "HEAD /user/forgot_password_form?return_to=http%3A%2F%2Fwww.vegguide.org%2Fsite%2Fabout HTTP/1.1" 200 0 "-" "Mozilla/4.0 (compatible; MSIE 6.0; Windows NT 5.1; SV1)"
58.22.157.127 - - [26/Aug/2014:07:19:42 -0600] "GET /user/forgot_password_form?return_to=http%3A%2F%2Fwww.vegguide.org%2Fsite%2Fabout HTTP/1.1" 200 7967 "-" "Mozilla/4.0 (compatible; MSIE 6.0; Windows NT 5.1; SV1)"
58.22.157.127 - - [26/Aug/2014:07:19:44 -0600] "HEAD /user/new_user_form?return_to=http%3A%2F%2Fwww.vegguide.org%2Fsite%2Fabout HTTP/1.1" 200 0 "-" "Mozilla/4.0 (compatible; MSIE 6.0; Windows NT 5.1; SV1)"
58.22.157.127 - - [26/Aug/2014:07:19:45 -0600] "GET /user/new_user_form?return_to=http%3A%2F%2Fwww.vegguide.org%2Fsite%2Fabout HTTP/1.1" 200 10556 "-" "Mozilla/4.0 (compatible; MSIE 6.0; Windows NT 5.1; SV1)"
68.180.225.35 - - [26/Aug/2014:07:19:45 -0600] "GET /user/542 HTTP/1.1" 200 3320 "-" "Mozilla/5.0 (compatible; Yahoo! Slurp; http://help.yahoo.com/help/us/ysearch/slurp)"
37.58.100.142 - - [26/Aug/2014:07:19:46 -0600] "GET /entry/near/36.1144%2C-112.527/filter/category_id=1?unit=km;distance=5;sort_order=ASC;page=1;order_by=distance;address=86435;limit=20 HTTP/1.1" 200 6308 "-" "Mozilla/5.0 (compatible; AhrefsBot/5.0; +http://ahrefs.com/robot/)"
58.22.157.127 - - [26/Aug/2014:07:19:46 -0600] "HEAD /user/login_form?return_to=http%3A%2F%2Fwww.vegguide.org%2Fuser%2Fnew_user_form%3Freturn_to%3Dhttp%253A%252F%252Fwww.vegguide.org%252Fsite%252Fabout HTTP/1.1" 200 0 "-" "Mozilla/4.0 (compatible; MSIE 6.0; Windows NT 5.1; SV1)"
58.22.157.127 - - [26/Aug/2014:07:19:47 -0600] "GET /user/login_form?return_to=http%3A%2F%2Fwww.vegguide.org%2Fuser%2Fnew_user_form%3Freturn_to%3Dhttp%253A%252F%252Fwww.vegguide.org%252Fsite%252Fabout HTTP/1.1" 200 9828 "-" "Mozilla/4.0 (compatible; MSIE 6.0; Windows NT 5.1; SV1)"
58.22.157.127 - - [26/Aug/2014:07:19:51 -0600] "HEAD /user/forgot_password_form?return_to=http%3A%2F%2Fwww.vegguide.org%2Fuser%2Fnew_user_form%3Freturn_to%3Dhttp%253A%252F%252Fwww.vegguide.org%252Fsite%252Fabout HTTP/1.1" 200 0 "-" "Mozilla/4.0 (compatible; MSIE 6.0; Windows NT 5.1; SV1)"
58.22.157.127 - - [26/Aug/2014:07:19:51 -0600] "GET /user/forgot_password_form?return_to=http%3A%2F%2Fwww.vegguide.org%2Fuser%2Fnew_user_form%3Freturn_to%3Dhttp%253A%252F%252Fwww.vegguide.org%252Fsite%252Fabout HTTP/1.1" 200 8275 "-" "Mozilla/4.0 (compatible; MSIE 6.0; Windows NT 5.1; SV1)"
58.22.157.127 - - [26/Aug/2014:07:19:53 -0600] "HEAD /user/new_user_form?return_to=http%3A%2F%2Fwww.vegguide.org%2Fuser%2Fnew_user_form%3Freturn_to%3Dhttp%253A%252F%252Fwww.vegguide.org%252Fsite%252Fabout HTTP/1.1" 200 0 "-" "Mozilla/4.0 (compatible; MSIE 6.0; Windows NT 5.1; SV1)"
58.22.157.127 - - [26/Aug/2014:07:19:53 -0600] "GET /user/new_user_form?return_to=http%3A%2F%2Fwww.vegguide.org%2Fuser%2Fnew_user_form%3Freturn_to%3Dhttp%253A%252F%252Fwww.vegguide.org%252Fsite%252Fabout HTTP/1.1" 200 10647 "-" "Mozilla/4.0 (compatible; MSIE 6.0; Windows NT 5.1; SV1)"
157.55.39.148 - - [26/Aug/2014:07:19:54 -0600] "GET /region/403 HTTP/1.1" 200 4555 "-" "Mozilla/5.0 (compatible; bingbot/2.0; +http://www.bing.com/bingbot.htm)"
58.22.157.127 - - [26/Aug/2014:07:19:55 -0600] "HEAD /user/login_form?return_to=http%3A%2F%2Fwww.vegguide.org%2Fuser%2Fnew_user_form%3Freturn_to%3Dhttp%253A%252F%252Fwww.vegguide.org%252Fuser%252Fnew_user_form%253Freturn_to%253Dhttp%25253A%25252F%25252Fwww.vegguide.org%25252Fsite%25252Fabout HTTP/1.1" 200 0 "-" "Mozilla/4.0 (compatible; MSIE 6.0; Windows NT 5.1; SV1)"
58.22.157.127 - - [26/Aug/2014:07:19:58 -0600] "GET /user/login_form?return_to=http%3A%2F%2Fwww.vegguide.org%2Fuser%2Fnew_user_form%3Freturn_to%3Dhttp%253A%252F%252Fwww.vegguide.org%252Fuser%252Fnew_user_form%253Freturn_to%253Dhttp%25253A%25252F%25252Fwww.vegguide.org%25252Fsite%25252Fabout HTTP/1.1" 200 10178 "-" "Mozilla/4.0 (compatible; MSIE 6.0; Windows NT 5.1; SV1)"
66.249.69.177 - - [26/Aug/2014:07:20:00 -0600] "GET /entry/near/41.37,-82.0965/filter?unit=mile;distance=50;sort_order=ASC;page=1;order_by=distance;address=44036;limit=20 HTTP/1.1" 200 8731 "-" "Mozilla/5.0 (compatible; Googlebot/2.1; +http://www.google.com/bot.html)"
58.22.157.127 - - [26/Aug/2014:07:20:01 -0600] "HEAD /user/forgot_password_form?return_to=http%3A%2F%2Fwww.vegguide.org%2Fuser%2Fnew_user_form%3Freturn_to%3Dhttp%253A%252F%252Fwww.vegguide.org%252Fuser%252Fnew_user_form%253Freturn_to%253Dhttp%25253A%25252F%25252Fwww.vegguide.org%25252Fsite%25252Fabout HTTP/1.1" 200 0 "-" "Mozilla/4.0 (compatible; MSIE 6.0; Windows NT 5.1; SV1)"
58.22.157.127 - - [26/Aug/2014:07:20:01 -0600] "GET /user/forgot_password_form?return_to=http%3A%2F%2Fwww.vegguide.org%2Fuser%2Fnew_user_form%3Freturn_to%3Dhttp%253A%252F%252Fwww.vegguide.org%252Fuser%252Fnew_user_form%253Freturn_to%253Dhttp%25253A%25252F%25252Fwww.vegguide.org%25252Fsite%25252Fabout HTTP/1.1" 200 8639 "-" "Mozilla/4.0 (compatible; MSIE 6.0; Windows NT 5.1; SV1)"
144.76.95.231 - - [26/Aug/2014:07:20:01 -0600] "GET /user/8816 HTTP/1.0" 200 8138 "-" "Mozilla/5.0 (compatible; MJ12bot/v1.4.5; http://www.majestic12.co.uk/bot.php?+)"
37.58.100.142 - - [26/Aug/2014:07:20:03 -0600] "GET /entry/16865 HTTP/1.1" 200 4492 "-" "Mozilla/5.0 (compatible; AhrefsBot/5.0; +http://ahrefs.com/robot/)"
58.22.157.127 - - [26/Aug/2014:07:20:05 -0600] "HEAD /user/new_user_form?return_to=http%3A%2F%2Fwww.vegguide.org%2Fuser%2Fnew_user_form%3Freturn_to%3Dhttp%253A%252F%252Fwww.vegguide.org%252Fuser%252Fnew_user_form%253Freturn_to%253Dhttp%25253A%25252F%25252Fwww.vegguide.org%25252Fsite%25252Fabout HTTP/1.1" 200 0 "-" "Mozilla/4.0 (compatible; MSIE 6.0; Windows NT 5.1; SV1)"
58.22.157.127 - - [26/Aug/2014:07:20:05 -0600] "GET /user/new_user_form?return_to=http%3A%2F%2Fwww.vegguide.org%2Fuser%2Fnew_user_form%3Freturn_to%3Dhttp%253A%252F%252Fwww.vegguide.org%252Fuser%252Fnew_user_form%253Freturn_to%253Dhttp%25253A%25252F%25252Fwww.vegguide.org%25252Fsite%25252Fabout HTTP/1.1" 200 10752 "-" "Mozilla/4.0 (compatible; MSIE 6.0; Windows NT 5.1; SV1)"
58.22.157.127 - - [26/Aug/2014:07:20:07 -0600] "HEAD /user/login_form?return_to=http%3A%2F%2Fwww.vegguide.org%2Fuser%2Fforgot_password_form%3Freturn_to%3Dhttp%253A%252F%252Fwww.vegguide.org%252Fuser%252Fnew_user_form%253Freturn_to%253Dhttp%25253A%25252F%25252Fwww.vegguide.org%25252Fuser%25252Fnew_user_form%25253Freturn_to%25253Dhttp%2525253A%2525252F%2525252Fwww.vegguide.org%2525252Fsite%2525252Fabout HTTP/1.1" 200 0 "-" "Mozilla/4.0 (compatible; MSIE 6.0; Windows NT 5.1; SV1)"
58.22.157.127 - - [26/Aug/2014:07:20:08 -0600] "GET /user/login_form?return_to=http%3A%2F%2Fwww.vegguide.org%2Fuser%2Fforgot_password_form%3Freturn_to%3Dhttp%253A%252F%252Fwww.vegguide.org%252Fuser%252Fnew_user_form%253Freturn_to%253Dhttp%25253A%25252F%25252Fwww.vegguide.org%25252Fuser%25252Fnew_user_form%25253Freturn_to%25253Dhttp%2525253A%2525252F%2525252Fwww.vegguide.org%2525252Fsite%2525252Fabout HTTP/1.1" 200 10612 "-" "Mozilla/4.0 (compatible; MSIE 6.0; Windows NT 5.1; SV1)"
58.22.157.127 - - [26/Aug/2014:07:20:12 -0600] "HEAD /user/login_form?return_to=http%3A%2F%2Fwww.vegguide.org%2Fuser%2Flogin_form%3Freturn_to%3Dhttp%253A%252F%252Fwww.vegguide.org%252Fuser%252Fnew_user_form%253Freturn_to%253Dhttp%25253A%25252F%25252Fwww.vegguide.org%25252Fuser%25252Fnew_user_form%25253Freturn_to%25253Dhttp%2525253A%2525252F%2525252Fwww.vegguide.org%2525252Fsite%2525252Fabout HTTP/1.1" 200 0 "-" "Mozilla/4.0 (compatible; MSIE 6.0; Windows NT 5.1; SV1)"
58.22.157.127 - - [26/Aug/2014:07:20:13 -0600] "GET /user/login_form?return_to=http%3A%2F%2Fwww.vegguide.org%2Fuser%2Flogin_form%3Freturn_to%3Dhttp%253A%252F%252Fwww.vegguide.org%252Fuser%252Fnew_user_form%253Freturn_to%253Dhttp%25253A%25252F%25252Fwww.vegguide.org%25252Fuser%25252Fnew_user_form%25253Freturn_to%25253Dhttp%2525253A%2525252F%2525252Fwww.vegguide.org%2525252Fsite%2525252Fabout HTTP/1.1" 200 10572 "-" "Mozilla/4.0 (compatible; MSIE 6.0; Windows NT 5.1; SV1)"
58.22.157.127 - - [26/Aug/2014:07:20:15 -0600] "HEAD /user/forgot_password_form?return_to=http%3A%2F%2Fwww.vegguide.org%2Fuser%2Flogin_form%3Freturn_to%3Dhttp%253A%252F%252Fwww.vegguide.org%252Fuser%252Fnew_user_form%253Freturn_to%253Dhttp%25253A%25252F%25252Fwww.vegguide.org%25252Fuser%25252Fnew_user_form%25253Freturn_to%25253Dhttp%2525253A%2525252F%2525252Fwww.vegguide.org%2525252Fsite%2525252Fabout HTTP/1.1" 200 0 "-" "Mozilla/4.0 (compatible; MSIE 6.0; Windows NT 5.1; SV1)"
58.22.157.127 - - [26/Aug/2014:07:20:15 -0600] "GET /user/forgot_password_form?return_to=http%3A%2F%2Fwww.vegguide.org%2Fuser%2Flogin_form%3Freturn_to%3Dhttp%253A%252F%252Fwww.vegguide.org%252Fuser%252Fnew_user_form%253Freturn_to%253Dhttp%25253A%25252F%25252Fwww.vegguide.org%25252Fuser%25252Fnew_user_form%25253Freturn_to%25253Dhttp%2525253A%2525252F%2525252Fwww.vegguide.org%2525252Fsite%2525252Fabout HTTP/1.1" 200 9047 "-" "Mozilla/4.0 (compatible; MSIE 6.0; Windows NT 5.1; SV1)"
58.22.157.127 - - [26/Aug/2014:07:20:17 -0600] "HEAD /user/login_form?return_to=http%3A%2F%2Fwww.vegguide.org%2Fuser%2Flogin_form%3Freturn_to%3Dhttp%253A%252F%252Fwww.vegguide.org%252Fuser%252Flogin_form%253Freturn_to%253Dhttp%25253A%25252F%25252Fwww.vegguide.org%25252Fuser%25252Fnew_user_form%25253Freturn_to%25253Dhttp%2525253A%2525252F%2525252Fwww.vegguide.org%2525252Fuser%2525252Fnew_user_form%2525253Freturn_to%2525253Dhttp%252525253A%252525252F%252525252Fwww.vegguide.org%252525252Fsite%252525252Fabout HTTP/1.1" 200 0 "-" "Mozilla/4.0 (compatible; MSIE 6.0; Windows NT 5.1; SV1)"
58.22.157.127 - - [26/Aug/2014:07:20:17 -0600] "GET /user/login_form?return_to=http%3A%2F%2Fwww.vegguide.org%2Fuser%2Flogin_form%3Freturn_to%3Dhttp%253A%252F%252Fwww.vegguide.org%252Fuser%252Flogin_form%253Freturn_to%253Dhttp%25253A%25252F%25252Fwww.vegguide.org%25252Fuser%25252Fnew_user_form%25253Freturn_to%25253Dhttp%2525253A%2525252F%2525252Fwww.vegguide.org%2525252Fuser%2525252Fnew_user_form%2525253Freturn_to%2525253Dhttp%252525253A%252525252F%252525252Fwww.vegguide.org%252525252Fsite%252525252Fabout HTTP/1.1" 200 11022 "-" "Mozilla/4.0 (compatible; MSIE 6.0; Windows NT 5.1; SV1)"
151.236.0.41 - - [26/Aug/2014:07:20:21 -0600] "GET /site/recent.atom?entries_only=1 HTTP/1.1" 200 8318 "-" "Mozilla/4.0 (compatible; MSIE 6.0; Windows NT 5.2; .NET CLR 1.0.3705;)"
66.249.69.139 - - [26/Aug/2014:07:20:21 -0600] "GET /entry/9812/reviews HTTP/1.1" 200 4346 "-" "Mozilla/5.0 (compatible; Googlebot/2.1; +http://www.google.com/bot.html)"
58.22.157.127 - - [26/Aug/2014:07:20:22 -0600] "HEAD /user/login_form?return_to=http%3A%2F%2Fwww.vegguide.org%2Fuser%2Fforgot_password_form%3Freturn_to%3Dhttp%253A%252F%252Fwww.vegguide.org%252Fuser%252Fnew_user_form%253Freturn_to%253Dhttp%25253A%25252F%25252Fwww.vegguide.org%25252Fsite%25252Fabout HTTP/1.1" 200 0 "-" "Mozilla/4.0 (compatible; MSIE 6.0; Windows NT 5.1; SV1)"
58.22.157.127 - - [26/Aug/2014:07:20:23 -0600] "GET /user/login_form?return_to=http%3A%2F%2Fwww.vegguide.org%2Fuser%2Fforgot_password_form%3Freturn_to%3Dhttp%253A%252F%252Fwww.vegguide.org%252Fuser%252Fnew_user_form%253Freturn_to%253Dhttp%25253A%25252F%25252Fwww.vegguide.org%25252Fsite%25252Fabout HTTP/1.1" 200 10206 "-" "Mozilla/4.0 (compatible; MSIE 6.0; Windows NT 5.1; SV1)"
58.22.157.127 - - [26/Aug/2014:07:20:24 -0600] "HEAD /user/login_form?return_to=http%3A%2F%2Fwww.vegguide.org%2Fuser%2Flogin_form%3Freturn_to%3Dhttp%253A%252F%252Fwww.vegguide.org%252Fuser%252Fforgot_password_form%253Freturn_to%253Dhttp%25253A%25252F%25252Fwww.vegguide.org%25252Fuser%25252Fnew_user_form%25253Freturn_to%25253Dhttp%2525253A%2525252F%2525252Fwww.vegguide.org%2525252Fsite%2525252Fabout HTTP/1.1" 200 0 "-" "Mozilla/4.0 (compatible; MSIE 6.0; Windows NT 5.1; SV1)"
157.55.39.70 - - [26/Aug/2014:07:20:24 -0600] "GET /entry/8480 HTTP/1.1" 200 6285 "-" "Mozilla/5.0 (compatible; bingbot/2.0; +http://www.bing.com/bingbot.htm)"
58.22.157.127 - - [26/Aug/2014:07:20:25 -0600] "GET /user/login_form?return_to=http%3A%2F%2Fwww.vegguide.org%2Fuser%2Flogin_form%3Freturn_to%3Dhttp%253A%252F%252Fwww.vegguide.org%252Fuser%252Fforgot_password_form%253Freturn_to%253Dhttp%25253A%25252F%25252Fwww.vegguide.org%25252Fuser%25252Fnew_user_form%25253Freturn_to%25253Dhttp%2525253A%2525252F%2525252Fwww.vegguide.org%2525252Fsite%2525252Fabout HTTP/1.1" 200 10600 "-" "Mozilla/4.0 (compatible; MSIE 6.0; Windows NT 5.1; SV1)"
199.30.20.2 - - [26/Aug/2014:07:20:26 -0600] "GET /entry-images/13535/13535-5581-small.jpg HTTP/1.1" 200 25187 "-" "msnbot-media/1.1 (+http://search.msn.com/msnbot.htm)"
123.125.71.52 - - [26/Aug/2014:07:20:26 -0600] "GET /entry/10418 HTTP/1.1" 200 4476 "-" "Mozilla/5.0 (compatible; Baiduspider/2.0; +http://www.baidu.com/search/spider.html)"
58.22.157.127 - - [26/Aug/2014:07:20:28 -0600] "HEAD /user/login_form?return_to=http%3A%2F%2Fwww.vegguide.org%2Fuser%2Flogin_form%3Freturn_to%3Dhttp%253A%252F%252Fwww.vegguide.org%252Fuser%252Fnew_user_form%253Freturn_to%253Dhttp%25253A%25252F%25252Fwww.vegguide.org%25252Fsite%25252Fabout HTTP/1.1" 200 0 "-" "Mozilla/4.0 (compatible; MSIE 6.0; Windows NT 5.1; SV1)"
58.22.157.127 - - [26/Aug/2014:07:20:29 -0600] "GET /user/login_form?return_to=http%3A%2F%2Fwww.vegguide.org%2Fuser%2Flogin_form%3Freturn_to%3Dhttp%253A%252F%252Fwww.vegguide.org%252Fuser%252Fnew_user_form%253Freturn_to%253Dhttp%25253A%25252F%25252Fwww.vegguide.org%25252Fsite%25252Fabout HTTP/1.1" 200 10166 "-" "Mozilla/4.0 (compatible; MSIE 6.0; Windows NT 5.1; SV1)"
68.180.225.35 - - [26/Aug/2014:07:20:30 -0600] "GET /region/85.rss HTTP/1.1" 200 44599 "-" "Mozilla/5.0 (compatible; Yahoo! Slurp; http://help.yahoo.com/help/us/ysearch/slurp)"
58.22.157.127 - - [26/Aug/2014:07:20:31 -0600] "HEAD /user/login_form?return_to=http%3A%2F%2Fwww.vegguide.org%2Fuser%2Fforgot_password_form%3Freturn_to%3Dhttp%253A%252F%252Fwww.vegguide.org%252Fsite%252Fabout HTTP/1.1" 200 0 "-" "Mozilla/4.0 (compatible; MSIE 6.0; Windows NT 5.1; SV1)"
58.22.157.127 - - [26/Aug/2014:07:20:34 -0600] "GET /user/login_form?return_to=http%3A%2F%2Fwww.vegguide.org%2Fuser%2Fforgot_password_form%3Freturn_to%3Dhttp%253A%252F%252Fwww.vegguide.org%252Fsite%252Fabout HTTP/1.1" 200 9856 "-" "Mozilla/4.0 (compatible; MSIE 6.0; Windows NT 5.1; SV1)"
58.22.157.127 - - [26/Aug/2014:07:20:36 -0600] "HEAD /user/login_form?return_to=http%3A%2F%2Fwww.vegguide.org%2Fuser%2Flogin_form%3Freturn_to%3Dhttp%253A%252F%252Fwww.vegguide.org%252Fsite%252Fabout HTTP/1.1" 200 0 "-" "Mozilla/4.0 (compatible; MSIE 6.0; Windows NT 5.1; SV1)"
58.22.157.127 - - [26/Aug/2014:07:20:36 -0600] "GET /user/login_form?return_to=http%3A%2F%2Fwww.vegguide.org%2Fuser%2Flogin_form%3Freturn_to%3Dhttp%253A%252F%252Fwww.vegguide.org%252Fsite%252Fabout HTTP/1.1" 200 9816 "-" "Mozilla/4.0 (compatible; MSIE 6.0; Windows NT 5.1; SV1)"
66.249.69.161 - - [26/Aug/2014:07:20:41 -0600] "GET /entry/18462/images_form HTTP/1.1" 302 338 "-" "Mozilla/5.0 (compatible; Googlebot/2.1; +http://www.google.com/bot.html)"
58.22.157.127 - - [26/Aug/2014:07:20:42 -0600] "HEAD /user/ HTTP/1.1" 200 0 "-" "Mozilla/4.0 (compatible; MSIE 6.0; Windows NT 5.1; SV1)"
58.22.157.127 - - [26/Aug/2014:07:20:43 -0600] "GET /user/ HTTP/1.1" 200 16675 "-" "Mozilla/4.0 (compatible; MSIE 6.0; Windows NT 5.1; SV1)"
58.22.157.127 - - [26/Aug/2014:07:20:45 -0600] "HEAD /site HTTP/1.1" 302 0 "-" "Mozilla/4.0 (compatible; MSIE 6.0; Windows NT 5.1; SV1)"
58.22.157.127 - - [26/Aug/2014:07:20:51 -0600] "HEAD / HTTP/1.1" 200 0 "-" "Mozilla/4.0 (compatible; MSIE 6.0; Windows NT 5.1; SV1)"
37.58.100.142 - - [26/Aug/2014:07:20:52 -0600] "GET /user/185 HTTP/1.1" 200 3267 "-" "Mozilla/5.0 (compatible; AhrefsBot/5.0; +http://ahrefs.com/robot/)"
58.22.157.127 - - [26/Aug/2014:07:20:53 -0600] "GET /site HTTP/1.1" 302 280 "-" "Mozilla/4.0 (compatible; MSIE 6.0; Windows NT 5.1; SV1)"
58.22.157.127 - - [26/Aug/2014:07:20:54 -0600] "GET / HTTP/1.1" 200 10105 "-" "Mozilla/4.0 (compatible; MSIE 6.0; Windows NT 5.1; SV1)"
157.55.39.71 - - [26/Aug/2014:07:20:54 -0600] "GET /region/2845/map HTTP/1.1" 200 3189 "-" "Mozilla/5.0 (compatible; bingbot/2.0; +http://www.bing.com/bingbot.htm)"
58.22.157.127 - - [26/Aug/2014:07:20:55 -0600] "HEAD /site/ HTTP/1.1" 302 0 "-" "Mozilla/4.0 (compatible; MSIE 6.0; Windows NT 5.1; SV1)"
66.249.69.193 - - [26/Aug/2014:07:20:56 -0600] "GET /entry/19521/map HTTP/1.1" 200 3538 "-" "Mozilla/5.0 (iPhone; CPU iPhone OS 6_0 like Mac OS X) AppleWebKit/536.26 (KHTML, like Gecko) Version/6.0 Mobile/10A5376e Safari/8536.25 (compatible; Googlebot/2.1; +http://www.google.com/bot.html)"
58.22.157.127 - - [26/Aug/2014:07:21:01 -0600] "HEAD / HTTP/1.1" 200 0 "-" "Mozilla/4.0 (compatible; MSIE 6.0; Windows NT 5.1; SV1)"
58.22.157.127 - - [26/Aug/2014:07:21:02 -0600] "GET /site/ HTTP/1.1" 302 280 "-" "Mozilla/4.0 (compatible; MSIE 6.0; Windows NT 5.1; SV1)"
58.22.157.127 - - [26/Aug/2014:07:21:02 -0600] "GET / HTTP/1.1" 200 10105 "-" "Mozilla/4.0 (compatible; MSIE 6.0; Windows NT 5.1; SV1)"
37.58.100.142 - - [26/Aug/2014:07:21:03 -0600] "GET /entry/near/42.0145%2C-73.8988/filter/veg_level=2?unit=mile;distance=20;sort_order=ASC;page=1;order_by=distance;address=12504;limit=20 HTTP/1.1" 200 8815 "-" "Mozilla/5.0 (compatible; AhrefsBot/5.0; +http://ahrefs.com/robot/)"
58.22.157.127 - - [26/Aug/2014:07:21:04 -0600] "HEAD /user/new_user_form HTTP/1.1" 200 0 "-" "Mozilla/4.0 (compatible; MSIE 6.0; Windows NT 5.1; SV1)"
131.253.24.62 - - [26/Aug/2014:07:21:05 -0600] "GET /entry/4147 HTTP/1.1" 200 6000 "-" "Mozilla/5.0 (compatible; MSIE 9.0; Windows NT 6.0; Trident/5.0;  Trident/5.0)"
58.22.157.127 - - [26/Aug/2014:07:21:07 -0600] "GET /user/new_user_form HTTP/1.1" 200 10487 "-" "Mozilla/4.0 (compatible; MSIE 6.0; Windows NT 5.1; SV1)"
131.253.24.62 - - [26/Aug/2014:07:21:07 -0600] "GET /7b0744/css/vegguide-combined.css HTTP/1.1" 200 20810 "-" "Mozilla/5.0 (compatible; MSIE 9.0; Windows NT 6.0; Trident/5.0;  Trident/5.0)"
58.22.157.127 - - [26/Aug/2014:07:21:09 -0600] "HEAD /mailman/listinfo/community HTTP/1.1" 301 0 "-" "Mozilla/4.0 (compatible; MSIE 6.0; Windows NT 5.1; SV1)"
131.253.24.62 - - [26/Aug/2014:07:21:14 -0600] "GET /7b0744/js/vegguide-combined.js HTTP/1.1" 200 94167 "-" "Mozilla/5.0 (compatible; MSIE 9.0; Windows NT 6.0; Trident/5.0;  Trident/5.0)"
68.180.225.35 - - [26/Aug/2014:07:21:15 -0600] "GET /region/924 HTTP/1.1" 200 4341 "-" "Mozilla/5.0 (compatible; Yahoo! Slurp; http://help.yahoo.com/help/us/ysearch/slurp)"
58.22.157.127 - - [26/Aug/2014:07:21:15 -0600] "HEAD /site/todo HTTP/1.1" 200 0 "-" "Mozilla/4.0 (compatible; MSIE 6.0; Windows NT 5.1; SV1)"
58.22.157.127 - - [26/Aug/2014:07:21:16 -0600] "GET /site/todo HTTP/1.1" 200 12232 "-" "Mozilla/4.0 (compatible; MSIE 6.0; Windows NT 5.1; SV1)"
199.30.20.2 - - [26/Aug/2014:07:21:22 -0600] "GET /entry-images/8332/8332-8430-mini.jpg HTTP/1.1" 200 9299 "-" "msnbot-media/1.1 (+http://search.msn.com/msnbot.htm)"
188.121.41.53 - - [26/Aug/2014:07:21:23 -0600] "GET /search/by-lat-long/58.789561,14.650944/filter/category_id=1;category_id=2;category_id=3;category_id=4;category_id=5;category_id=6;category_id=7;category_id=8;category_id=9?limit=10;unit=km;distance=10 HTTP/1.1" 200 340 "-" "-"
157.55.39.147 - - [26/Aug/2014:07:21:24 -0600] "GET /region/448/filter?sort_order=ASC;page=2;order_by=name HTTP/1.1" 200 7574 "-" "Mozilla/5.0 (compatible; bingbot/2.0; +http://www.bing.com/bingbot.htm)"
37.58.100.142 - - [26/Aug/2014:07:21:24 -0600] "GET /region/218/filter?sort_order=ASC;page=1;order_by=name;limit=20 HTTP/1.1" 200 9728 "-" "Mozilla/5.0 (compatible; AhrefsBot/5.0; +http://ahrefs.com/robot/)"
58.22.157.127 - - [26/Aug/2014:07:21:27 -0600] "HEAD /site/philosophy HTTP/1.1" 200 0 "-" "Mozilla/4.0 (compatible; MSIE 6.0; Windows NT 5.1; SV1)"
58.22.157.127 - - [26/Aug/2014:07:21:28 -0600] "GET /site/philosophy HTTP/1.1" 200 12473 "-" "Mozilla/4.0 (compatible; MSIE 6.0; Windows NT 5.1; SV1)"
66.249.69.177 - - [26/Aug/2014:07:21:30 -0600] "GET /region/1551/map/veg_level=2 HTTP/1.1" 200 4367 "-" "Mozilla/5.0 (compatible; Googlebot/2.1; +http://www.google.com/bot.html)"
66.249.69.161 - - [26/Aug/2014:07:21:31 -0600] "GET /site/recent.rss%3Freviews_only%3D1 HTTP/1.1" 200 20227 "-" "Mozilla/5.0 (compatible; Googlebot/2.1; +http://www.google.com/bot.html)"
162.210.196.130 - - [26/Aug/2014:07:21:44 -0600] "GET /robots.txt HTTP/1.0" 200 151 "-" "Mozilla/5.0 (compatible; MJ12bot/v1.4.5; http://www.majestic12.co.uk/bot.php?+)"
66.249.69.193 - - [26/Aug/2014:07:21:45 -0600] "GET /entry/18462/closed_form HTTP/1.1" 302 338 "-" "Mozilla/5.0 (compatible; Googlebot/2.1; +http://www.google.com/bot.html)"
87.253.132.201 - - [26/Aug/2014:07:21:48 -0600] "HEAD /region/60.rss HTTP/1.1" 200 0 "-" "Owlin Bot v. 3.0"
157.55.39.5 - - [26/Aug/2014:07:21:54 -0600] "GET /entry/18567/reviews HTTP/1.1" 200 3093 "-" "Mozilla/5.0 (compatible; bingbot/2.0; +http://www.bing.com/bingbot.htm)"
183.60.212.148 - - [26/Aug/2014:07:21:56 -0600] "GET /user/8276 HTTP/1.1" 200 3380 "-" "Mozilla/5.0 (compatible; EasouSpider; +http://www.easou.com/search/spider.html)"
68.180.225.35 - - [26/Aug/2014:07:22:00 -0600] "GET /entry/8048/map HTTP/1.1" 200 3569 "-" "Mozilla/5.0 (compatible; Yahoo! Slurp; http://help.yahoo.com/help/us/ysearch/slurp)"
162.210.196.130 - - [26/Aug/2014:07:22:05 -0600] "GET /region/5 HTTP/1.0" 200 50122 "-" "Mozilla/5.0 (compatible; MJ12bot/v1.4.5; http://www.majestic12.co.uk/bot.php?+)"
69.171.172.213 - - [26/Aug/2014:07:22:06 -0600] "GET /images/ratings/blue-1-00.png HTTP/1.1" 200 1037 "-" "Mozilla/5.0 (Linux; Android 4.3; en-us; SAMSUNG SM-N900V Build/JSS15J) AppleWebKit/537.36 (KHTML, like Gecko) Version/1.5 Chrome/28.0.1500.94 Mobile Safari/537.36"
69.171.172.213 - - [26/Aug/2014:07:22:06 -0600] "GET /images/ratings/blue-2-00.png HTTP/1.1" 200 1375 "-" "Mozilla/5.0 (Linux; Android 4.3; en-us; SAMSUNG SM-N900V Build/JSS15J) AppleWebKit/537.36 (KHTML, like Gecko) Version/1.5 Chrome/28.0.1500.94 Mobile Safari/537.36"
69.171.172.213 - - [26/Aug/2014:07:22:06 -0600] "GET /images/ratings/blue-4-00.png HTTP/1.1" 200 1375 "-" "Mozilla/5.0 (Linux; Android 4.3; en-us; SAMSUNG SM-N900V Build/JSS15J) AppleWebKit/537.36 (KHTML, like Gecko) Version/1.5 Chrome/28.0.1500.94 Mobile Safari/537.36"
69.171.172.213 - - [26/Aug/2014:07:22:06 -0600] "GET /images/ratings/blue-3-00.png HTTP/1.1" 200 1416 "-" "Mozilla/5.0 (Linux; Android 4.3; en-us; SAMSUNG SM-N900V Build/JSS15J) AppleWebKit/537.36 (KHTML, like Gecko) Version/1.5 Chrome/28.0.1500.94 Mobile Safari/537.36"
69.171.172.213 - - [26/Aug/2014:07:22:06 -0600] "GET /images/ratings/blue-5-00.png HTTP/1.1" 200 1198 "-" "Mozilla/5.0 (Linux; Android 4.3; en-us; SAMSUNG SM-N900V Build/JSS15J) AppleWebKit/537.36 (KHTML, like Gecko) Version/1.5 Chrome/28.0.1500.94 Mobile Safari/537.36"
69.171.172.213 - - [26/Aug/2014:07:22:07 -0600] "GET /images/favicon.ico HTTP/1.1" 200 1022 "-" "Mozilla/5.0 (Linux; Android 4.3; en-us; SAMSUNG SM-N900V Build/JSS15J) AppleWebKit/537.36 (KHTML, like Gecko) Version/1.5 Chrome/28.0.1500.94 Mobile Safari/537.36"
69.171.172.213 - - [26/Aug/2014:07:22:07 -0600] "GET /apple-touch-icon-precomposed.png HTTP/1.1" 404 193 "-" "Mozilla/5.0 (Linux; Android 4.3; en-us; SAMSUNG SM-N900V Build/JSS15J) AppleWebKit/537.36 (KHTML, like Gecko) Version/1.5 Chrome/28.0.1500.94 Mobile Safari/537.36"
69.171.172.213 - - [26/Aug/2014:07:22:07 -0600] "GET /apple-touch-icon.png HTTP/1.1" 404 193 "-" "Mozilla/5.0 (Linux; Android 4.3; en-us; SAMSUNG SM-N900V Build/JSS15J) AppleWebKit/537.36 (KHTML, like Gecko) Version/1.5 Chrome/28.0.1500.94 Mobile Safari/537.36"
183.60.212.148 - - [26/Aug/2014:07:22:22 -0600] "GET /entry/8276 HTTP/1.1" 200 4748 "-" "Mozilla/5.0 (compatible; EasouSpider; +http://www.easou.com/search/spider.html)"
157.55.39.5 - - [26/Aug/2014:07:22:24 -0600] "GET /entry/16720 HTTP/1.1" 200 5051 "-" "Mozilla/5.0 (compatible; bingbot/2.0; +http://www.bing.com/bingbot.htm)"
66.249.69.161 - - [26/Aug/2014:07:22:29 -0600] "GET /entry/15351/closed_form HTTP/1.1" 302 338 "-" "Mozilla/5.0 (compatible; Googlebot/2.1; +http://www.google.com/bot.html)"
66.249.69.177 - - [26/Aug/2014:07:22:39 -0600] "GET /region/187/filter/veg_level=2;category_id=1 HTTP/1.1" 200 4435 "-" "Mozilla/5.0 (compatible; Googlebot/2.1; +http://www.google.com/bot.html)"
65.55.215.237 - - [26/Aug/2014:07:22:42 -0600] "GET /region/354 HTTP/1.1" 200 7990 "-" "Mozilla/5.0 (compatible; MSIE 9.0; Windows NT 6.1; Trident/5.0;  Trident/5.0)"
65.55.215.237 - - [26/Aug/2014:07:22:44 -0600] "GET /7b0744/css/vegguide-combined.css HTTP/1.1" 200 20810 "-" "Mozilla/5.0 (compatible; MSIE 9.0; Windows NT 6.1; Trident/5.0;  Trident/5.0)"
65.55.215.237 - - [26/Aug/2014:07:22:44 -0600] "GET /7b0744/js/vegguide-combined.js HTTP/1.1" 200 94167 "-" "Mozilla/5.0 (compatible; MSIE 9.0; Windows NT 6.1; Trident/5.0;  Trident/5.0)"
68.180.225.35 - - [26/Aug/2014:07:22:45 -0600] "GET /entry/19045 HTTP/1.1" 200 4569 "-" "Mozilla/5.0 (compatible; Yahoo! Slurp; http://help.yahoo.com/help/us/ysearch/slurp)"
