68.180.225.35 - - [26/Aug/2014:07:22:48 -0600] "GET /robots.txt HTTP/1.1" 200 151 "-" "Mozilla/5.0 (compatible; Yahoo! Slurp; http://help.yahoo.com/help/us/ysearch/slurp)"
157.55.39.5 - - [26/Aug/2014:07:22:54 -0600] "GET /entry/12940 HTTP/1.1" 200 4364 "-" "Mozilla/5.0 (compatible; bingbot/2.0; +http://www.bing.com/bingbot.htm)"
37.58.100.142 - - [26/Aug/2014:07:23:08 -0600] "GET /entry/18187 HTTP/1.1" 200 5096 "-" "Mozilla/5.0 (compatible; AhrefsBot/5.0; +http://ahrefs.com/robot/)"
37.58.100.142 - - [26/Aug/2014:07:23:08 -0600] "GET /entry/near/33.9839%2C-109.746/filter?unit=mile;distance=25;sort_order=ASC;page=;order_by=distance;address=85930;limit= HTTP/1.1" 200 6214 "-" "Mozilla/5.0 (compatible; AhrefsBot/5.0; +http://ahrefs.com/robot/)"
37.58.100.142 - - [26/Aug/2014:07:23:09 -0600] "GET /entry/2940 HTTP/1.1" 200 5267 "-" "Mozilla/5.0 (compatible; AhrefsBot/5.0; +http://ahrefs.com/robot/)"
66.249.69.161 - - [26/Aug/2014:07:23:11 -0600] "GET /entry/15351/images_form HTTP/1.1" 302 338 "-" "Mozilla/5.0 (compatible; Googlebot/2.1; +http://www.google.com/bot.html)"
157.55.39.5 - - [26/Aug/2014:07:23:24 -0600] "GET /entry/12147 HTTP/1.1" 200 4770 "-" "Mozilla/5.0 (compatible; bingbot/2.0; +http://www.bing.com/bingbot.htm)"
68.180.225.35 - - [26/Aug/2014:07:23:30 -0600] "GET /entry/near/37.5707%2C-122.319/filter?unit=mile;distance=25;sort_order=ASC;page=;order_by=distance;address=94401;limit= HTTP/1.1" 200 8827 "-" "Mozilla/5.0 (compatible; Yahoo! Slurp; http://help.yahoo.com/help/us/ysearch/slurp)"
199.30.20.1 - - [26/Aug/2014:07:23:42 -0600] "GET /entry-images/4026/4026-2175-small.jpg HTTP/1.1" 200 18509 "-" "msnbot-media/1.1 (+http://search.msn.com/msnbot.htm)"
37.58.100.142 - - [26/Aug/2014:07:23:47 -0600] "GET /region/1411/recent.atom HTTP/1.1" 200 2261 "-" "Mozilla/5.0 (compatible; AhrefsBot/5.0; +http://ahrefs.com/robot/)"
66.249.69.161 - - [26/Aug/2014:07:23:48 -0600] "GET /region/771.rss HTTP/1.1" 200 53450 "-" "Mozilla/5.0 (compatible; Googlebot/2.1; +http://www.google.com/bot.html)"
66.249.69.161 - - [26/Aug/2014:07:23:48 -0600] "GET /entry/12108/map HTTP/1.1" 200 3596 "-" "Mozilla/5.0 (compatible; Googlebot/2.1; +http://www.google.com/bot.html)"
66.249.69.177 - - [26/Aug/2014:07:23:51 -0600] "GET /site/clone_entry_form?vendor_id=15351 HTTP/1.1" 302 338 "-" "Mozilla/5.0 (compatible; Googlebot/2.1; +http://www.google.com/bot.html)"
199.21.99.207 - - [26/Aug/2014:07:23:54 -0600] "GET /61db66/images/ratings/green-4-25.png HTTP/1.1" 200 896 "-" "Mozilla/5.0 (compatible; YandexImages/3.0; +http://yandex.com/bots)"
157.55.39.5 - - [26/Aug/2014:07:23:54 -0600] "GET /entry/3906 HTTP/1.1" 200 5925 "-" "Mozilla/5.0 (compatible; bingbot/2.0; +http://www.bing.com/bingbot.htm)"
65.19.138.34 - - [26/Aug/2014:07:24:00 -0600] "GET /region/16/recent.rss HTTP/1.1" 200 18753 "-" "Feedly/1.0 (+http://www.feedly.com/fetcher.html; like FeedFetcher-Google)"
100.43.90.11 - - [26/Aug/2014:07:24:14 -0600] "GET /entry/16852 HTTP/1.1" 200 4577 "-" "Mozilla/5.0 (compatible; YandexBot/3.0; +http://yandex.com/bots)"
68.180.225.35 - - [26/Aug/2014:07:24:15 -0600] "GET /entry/7292 HTTP/1.1" 200 4787 "-" "Mozilla/5.0 (compatible; Yahoo! Slurp; http://help.yahoo.com/help/us/ysearch/slurp)"
66.249.69.161 - - [26/Aug/2014:07:24:21 -0600] "GET /region/190.rss HTTP/1.1" 200 1409068 "-" "Mozilla/5.0 (compatible; Googlebot/2.1; +http://www.google.com/bot.html)"
199.30.20.2 - - [26/Aug/2014:07:24:26 -0600] "GET /robots.txt HTTP/1.1" 200 151 "-" "msnbot-media/1.1 (+http://search.msn.com/msnbot.htm)"
199.30.20.2 - - [26/Aug/2014:07:24:26 -0600] "GET /entry-images/1695/1695-590-mini.jpg HTTP/1.1" 200 5321 "-" "msnbot-media/1.1 (+http://search.msn.com/msnbot.htm)"
157.55.39.5 - - [26/Aug/2014:07:24:28 -0600] "GET /entry/9390 HTTP/1.1" 200 5013 "-" "Mozilla/5.0 (compatible; bingbot/2.0; +http://www.bing.com/bingbot.htm)"
23.239.8.38 - - [26/Aug/2014:07:24:31 -0600] "GET / HTTP/1.1" 301 178 "-" "check_http/v1.4.15 (nagios-plugins 1.4.15)"
23.239.8.38 - - [26/Aug/2014:07:24:31 -0600] "GET / HTTP/1.1" 200 10098 "-" "check_http/v1.4.15 (nagios-plugins 1.4.15)"
65.55.215.248 - - [26/Aug/2014:07:24:35 -0600] "GET /region/2126/map HTTP/1.1" 200 4425 "-" "Mozilla/5.0 (compatible; MSIE 9.0; Windows NT 6.1; Trident/5.0;  Trident/5.0)"
65.55.215.248 - - [26/Aug/2014:07:24:35 -0600] "GET /region/1641/filter/veg_level=2 HTTP/1.1" 200 9303 "-" "Mozilla/5.0 (compatible; MSIE 9.0; Windows NT 6.1; Trident/5.0;  Trident/5.0)"
65.55.213.47 - - [26/Aug/2014:07:24:35 -0600] "GET /entry/19137 HTTP/1.1" 200 4313 "-" "Mozilla/5.0 (compatible; MSIE 9.0; Windows NT 6.1; Trident/5.0;  Trident/5.0)"
65.55.215.248 - - [26/Aug/2014:07:24:36 -0600] "GET /7b0744/css/vegguide-combined.css HTTP/1.1" 200 20810 "-" "Mozilla/5.0 (compatible; MSIE 9.0; Windows NT 6.1; Trident/5.0;  Trident/5.0)"
174.37.205.76 - - [26/Aug/2014:07:24:36 -0600] "GET /site/recent.atom HTTP/1.1" 200 20526 "-" "Mozilla/5.0 (X11; U; Linux x86_64; en-US; rv:1.9.0.19; aggregator:Spinn3r (Spinn3r 3.1); http://spinn3r.com/robot) Gecko/2010040121 Firefox/3.0.19"
65.55.213.47 - - [26/Aug/2014:07:24:36 -0600] "GET /7b0744/css/vegguide-combined.css HTTP/1.1" 200 20810 "-" "Mozilla/5.0 (compatible; MSIE 9.0; Windows NT 6.1; Trident/5.0;  Trident/5.0)"
65.55.215.248 - - [26/Aug/2014:07:24:37 -0600] "GET /7b0744/css/vegguide-combined.css HTTP/1.1" 200 20810 "-" "Mozilla/5.0 (compatible; MSIE 9.0; Windows NT 6.1; Trident/5.0;  Trident/5.0)"
65.55.213.47 - - [26/Aug/2014:07:24:37 -0600] "GET /7b0744/js/vegguide-combined.js HTTP/1.1" 200 94167 "-" "Mozilla/5.0 (compatible; MSIE 9.0; Windows NT 6.1; Trident/5.0;  Trident/5.0)"
65.55.215.248 - - [26/Aug/2014:07:24:37 -0600] "GET /7b0744/js/vegguide-combined.js HTTP/1.1" 200 94167 "-" "Mozilla/5.0 (compatible; MSIE 9.0; Windows NT 6.1; Trident/5.0;  Trident/5.0)"
65.55.215.248 - - [26/Aug/2014:07:24:37 -0600] "GET /7b0744/js/vegguide-combined.js HTTP/1.1" 200 94167 "-" "Mozilla/5.0 (compatible; MSIE 9.0; Windows NT 6.1; Trident/5.0;  Trident/5.0)"
66.249.69.161 - - [26/Aug/2014:07:24:39 -0600] "GET /site/clone_entry_form?vendor_id=18462 HTTP/1.1" 302 338 "-" "Mozilla/5.0 (compatible; Googlebot/2.1; +http://www.google.com/bot.html)"
66.249.69.177 - - [26/Aug/2014:07:24:43 -0600] "GET /region/116/recent.rss HTTP/1.1" 200 15981 "-" "Mozilla/5.0 (compatible; Googlebot/2.1; +http://www.google.com/bot.html)"
37.58.100.142 - - [26/Aug/2014:07:24:45 -0600] "GET /entry/near/59.6736%2C-151.481/filter/veg_level=2?unit=mile;distance=2;sort_order=ASC;page=1;order_by=name;address=99603;limit=20 HTTP/1.1" 200 6318 "-" "Mozilla/5.0 (compatible; AhrefsBot/5.0; +http://ahrefs.com/robot/)"
193.90.120.50 - - [26/Aug/2014:07:24:51 -0600] "GET /region/529 HTTP/1.1" 200 37184 "-" "Mozilla/5.0 (compatible; MSIE 9.0; Windows NT 6.1; WOW64; Trident/5.0)"
193.90.120.50 - - [26/Aug/2014:07:24:52 -0600] "GET /7b0744/images/ratings/green-4-50.png HTTP/1.1" 200 878 "-" "Mozilla/5.0 (compatible; MSIE 9.0; Windows NT 6.1; WOW64; Trident/5.0)"
157.55.39.71 - - [26/Aug/2014:07:24:54 -0600] "GET /entry/18705 HTTP/1.1" 200 4846 "-" "Mozilla/5.0 (compatible; bingbot/2.0; +http://www.bing.com/bingbot.htm)"
68.180.225.35 - - [26/Aug/2014:07:25:00 -0600] "GET /region/2174/filter/veg_level=2 HTTP/1.1" 200 4200 "-" "Mozilla/5.0 (compatible; Yahoo! Slurp; http://help.yahoo.com/help/us/ysearch/slurp)"
66.231.205.129 - - [26/Aug/2014:07:25:03 -0600] "GET /region/1451 HTTP/1.1" 200 4480 "-" "Mozilla/5.0 (Windows NT 6.1) AppleWebKit/537.36 (KHTML, like Gecko) Chrome/36.0.1985.143 Safari/537.36"
66.231.205.129 - - [26/Aug/2014:07:25:04 -0600] "GET /7b0744/css/vegguide-combined.css HTTP/1.1" 200 20810 "-" "Mozilla/5.0 (Windows NT 6.1) AppleWebKit/537.36 (KHTML, like Gecko) Chrome/36.0.1985.143 Safari/537.36"
66.231.205.129 - - [26/Aug/2014:07:25:04 -0600] "GET /images/close-button.png HTTP/1.1" 200 693 "-" "Mozilla/5.0 (Windows NT 6.1) AppleWebKit/537.36 (KHTML, like Gecko) Chrome/36.0.1985.143 Safari/537.36"
66.231.205.129 - - [26/Aug/2014:07:25:04 -0600] "GET /images/vegguide-logo.png HTTP/1.1" 200 20540 "-" "Mozilla/5.0 (Windows NT 6.1) AppleWebKit/537.36 (KHTML, like Gecko) Chrome/36.0.1985.143 Safari/537.36"
66.231.205.129 - - [26/Aug/2014:07:25:04 -0600] "GET /7b0744/images/sort-up.gif HTTP/1.1" 200 84 "-" "Mozilla/5.0 (Windows NT 6.1) AppleWebKit/537.36 (KHTML, like Gecko) Chrome/36.0.1985.143 Safari/537.36"
66.231.205.129 - - [26/Aug/2014:07:25:04 -0600] "GET /7b0744/images/sort-none.gif HTTP/1.1" 200 79 "-" "Mozilla/5.0 (Windows NT 6.1) AppleWebKit/537.36 (KHTML, like Gecko) Chrome/36.0.1985.143 Safari/537.36"
66.231.205.129 - - [26/Aug/2014:07:25:04 -0600] "GET /7b0744/images/ratings/green-0-00.png HTTP/1.1" 200 791 "-" "Mozilla/5.0 (Windows NT 6.1) AppleWebKit/537.36 (KHTML, like Gecko) Chrome/36.0.1985.143 Safari/537.36"
66.231.205.129 - - [26/Aug/2014:07:25:04 -0600] "GET /images/caa-logo.png HTTP/1.1" 200 10681 "-" "Mozilla/5.0 (Windows NT 6.1) AppleWebKit/537.36 (KHTML, like Gecko) Chrome/36.0.1985.143 Safari/537.36"
66.231.205.129 - - [26/Aug/2014:07:25:04 -0600] "GET /images/thl-logo.png HTTP/1.1" 200 2925 "-" "Mozilla/5.0 (Windows NT 6.1) AppleWebKit/537.36 (KHTML, like Gecko) Chrome/36.0.1985.143 Safari/537.36"
66.231.205.129 - - [26/Aug/2014:07:25:04 -0600] "GET /7b0744/js/vegguide-combined.js HTTP/1.1" 200 94167 "-" "Mozilla/5.0 (Windows NT 6.1) AppleWebKit/537.36 (KHTML, like Gecko) Chrome/36.0.1985.143 Safari/537.36"
66.231.205.129 - - [26/Aug/2014:07:25:04 -0600] "GET /images/peta-logo.jpg HTTP/1.1" 200 14774 "-" "Mozilla/5.0 (Windows NT 6.1) AppleWebKit/537.36 (KHTML, like Gecko) Chrome/36.0.1985.143 Safari/537.36"
66.231.205.129 - - [26/Aug/2014:07:25:04 -0600] "GET /images/cok-logo.png HTTP/1.1" 200 8577 "-" "Mozilla/5.0 (Windows NT 6.1) AppleWebKit/537.36 (KHTML, like Gecko) Chrome/36.0.1985.143 Safari/537.36"
66.231.205.129 - - [26/Aug/2014:07:25:04 -0600] "GET /images/fs-logo.png HTTP/1.1" 200 10293 "-" "Mozilla/5.0 (Windows NT 6.1) AppleWebKit/537.36 (KHTML, like Gecko) Chrome/36.0.1985.143 Safari/537.36"
66.231.205.129 - - [26/Aug/2014:07:25:04 -0600] "GET /images/vo-logo.gif HTTP/1.1" 200 1553 "-" "Mozilla/5.0 (Windows NT 6.1) AppleWebKit/537.36 (KHTML, like Gecko) Chrome/36.0.1985.143 Safari/537.36"
66.231.205.129 - - [26/Aug/2014:07:25:04 -0600] "GET /images/transparent.gif HTTP/1.1" 200 49 "-" "Mozilla/5.0 (Windows NT 6.1) AppleWebKit/537.36 (KHTML, like Gecko) Chrome/36.0.1985.143 Safari/537.36"
66.231.205.129 - - [26/Aug/2014:07:25:04 -0600] "GET /images/loader.gif HTTP/1.1" 200 3208 "-" "Mozilla/5.0 (Windows NT 6.1) AppleWebKit/537.36 (KHTML, like Gecko) Chrome/36.0.1985.143 Safari/537.36"
193.90.120.50 - - [26/Aug/2014:07:25:04 -0600] "GET /entry/13432 HTTP/1.1" 200 15399 "-" "Mozilla/5.0 (compatible; MSIE 9.0; Windows NT 6.1; WOW64; Trident/5.0)"
66.249.69.161 - - [26/Aug/2014:07:25:04 -0600] "GET /region/107.rss HTTP/1.1" 200 910272 "-" "Mozilla/5.0 (compatible; Googlebot/2.1; +http://www.google.com/bot.html)"
66.231.205.129 - - [26/Aug/2014:07:25:04 -0600] "GET /images/favicon.ico HTTP/1.1" 200 1022 "-" "Mozilla/5.0 (Windows NT 6.1) AppleWebKit/537.36 (KHTML, like Gecko) Chrome/36.0.1985.143 Safari/537.36"
66.249.69.193 - - [26/Aug/2014:07:25:04 -0600] "GET /entry/14285 HTTP/1.1" 200 4772 "-" "Mozilla/5.0 (compatible; Googlebot/2.1; +http://www.google.com/bot.html)"
193.90.120.50 - - [26/Aug/2014:07:25:04 -0600] "GET /7b0744/images/ratings/green-5-00.png HTTP/1.1" 200 689 "-" "Mozilla/5.0 (compatible; MSIE 9.0; Windows NT 6.1; WOW64; Trident/5.0)"
193.90.120.50 - - [26/Aug/2014:07:25:04 -0600] "GET /user-images/7054-small.png HTTP/1.1" 200 5577 "-" "Mozilla/5.0 (compatible; MSIE 9.0; Windows NT 6.1; WOW64; Trident/5.0)"
193.90.120.50 - - [26/Aug/2014:07:25:04 -0600] "GET /7b0744/images/visa.png HTTP/1.1" 200 1404 "-" "Mozilla/5.0 (compatible; MSIE 9.0; Windows NT 6.1; WOW64; Trident/5.0)"
193.90.120.50 - - [26/Aug/2014:07:25:04 -0600] "GET /entry-images/13432/13432-5335-mini.jpg HTTP/1.1" 200 24920 "-" "Mozilla/5.0 (compatible; MSIE 9.0; Windows NT 6.1; WOW64; Trident/5.0)"
193.90.120.50 - - [26/Aug/2014:07:25:05 -0600] "GET /entry-images/13432/13432-5333-mini.jpg HTTP/1.1" 200 31586 "-" "Mozilla/5.0 (compatible; MSIE 9.0; Windows NT 6.1; WOW64; Trident/5.0)"
193.90.120.50 - - [26/Aug/2014:07:25:05 -0600] "GET /entry-images/13432/13432-5334-mini.jpg HTTP/1.1" 200 28559 "-" "Mozilla/5.0 (compatible; MSIE 9.0; Windows NT 6.1; WOW64; Trident/5.0)"
193.90.120.50 - - [26/Aug/2014:07:25:05 -0600] "GET /entry-images/13432/13432-5332-small.jpg HTTP/1.1" 200 53812 "-" "Mozilla/5.0 (compatible; MSIE 9.0; Windows NT 6.1; WOW64; Trident/5.0)"
66.249.69.177 - - [26/Aug/2014:07:25:08 -0600] "GET /entry/12093/reviews HTTP/1.1" 200 4220 "-" "Mozilla/5.0 (compatible; Googlebot/2.1; +http://www.google.com/bot.html)"
193.90.120.50 - - [26/Aug/2014:07:25:08 -0600] "GET /entry/13431 HTTP/1.1" 200 15613 "-" "Mozilla/5.0 (compatible; MSIE 9.0; Windows NT 6.1; WOW64; Trident/5.0)"
193.90.120.50 - - [26/Aug/2014:07:25:09 -0600] "GET /entry-images/13431/13431-5327-small.jpg HTTP/1.1" 200 48094 "-" "Mozilla/5.0 (compatible; MSIE 9.0; Windows NT 6.1; WOW64; Trident/5.0)"
193.90.120.50 - - [26/Aug/2014:07:25:11 -0600] "GET /entry/17514 HTTP/1.1" 200 13923 "-" "Mozilla/5.0 (compatible; MSIE 9.0; Windows NT 6.1; WOW64; Trident/5.0)"
193.90.120.50 - - [26/Aug/2014:07:25:12 -0600] "GET /entry-images/17514/17514-7321-small.png HTTP/1.1" 200 31235 "-" "Mozilla/5.0 (compatible; MSIE 9.0; Windows NT 6.1; WOW64; Trident/5.0)"
193.90.120.50 - - [26/Aug/2014:07:25:15 -0600] "GET /entry/12178 HTTP/1.1" 200 14926 "-" "Mozilla/5.0 (compatible; MSIE 9.0; Windows NT 6.1; WOW64; Trident/5.0)"
37.58.100.142 - - [26/Aug/2014:07:25:24 -0600] "GET /entry/17691 HTTP/1.1" 200 4936 "-" "Mozilla/5.0 (compatible; AhrefsBot/5.0; +http://ahrefs.com/robot/)"
157.55.39.70 - - [26/Aug/2014:07:25:24 -0600] "GET /region/280/filter?sort_order=DESC;page=1;order_by=rating HTTP/1.1" 200 9754 "-" "Mozilla/5.0 (compatible; bingbot/2.0; +http://www.bing.com/bingbot.htm)"
117.217.171.195 - - [26/Aug/2014:07:25:27 -0600] "GET /entry/3511 HTTP/1.1" 200 5889 "-" "Mozilla/5.0 (Linux; Android 4.4.4; Nexus 7 Build/KTU84P) AppleWebKit/537.36 (KHTML, like Gecko) Chrome/36.0.1985.135 Safari/537.36"
66.231.205.129 - - [26/Aug/2014:07:25:27 -0600] "GET /entry/15906 HTTP/1.1" 200 4667 "-" "Mozilla/5.0 (Windows NT 6.1) AppleWebKit/537.36 (KHTML, like Gecko) Chrome/36.0.1985.143 Safari/537.36"
66.231.205.129 - - [26/Aug/2014:07:25:27 -0600] "GET /7b0744/images/visa.png HTTP/1.1" 200 1404 "-" "Mozilla/5.0 (Windows NT 6.1) AppleWebKit/537.36 (KHTML, like Gecko) Chrome/36.0.1985.143 Safari/537.36"
66.231.205.129 - - [26/Aug/2014:07:25:27 -0600] "GET /images/upload-an-image.png HTTP/1.1" 200 7026 "-" "Mozilla/5.0 (Windows NT 6.1) AppleWebKit/537.36 (KHTML, like Gecko) Chrome/36.0.1985.143 Safari/537.36"
66.231.205.129 - - [26/Aug/2014:07:25:27 -0600] "GET /7b0744/images/mastercard.png HTTP/1.1" 200 1753 "-" "Mozilla/5.0 (Windows NT 6.1) AppleWebKit/537.36 (KHTML, like Gecko) Chrome/36.0.1985.143 Safari/537.36"
66.231.205.129 - - [26/Aug/2014:07:25:27 -0600] "GET /images/red-bullet.png HTTP/1.1" 200 231 "-" "Mozilla/5.0 (Windows NT 6.1) AppleWebKit/537.36 (KHTML, like Gecko) Chrome/36.0.1985.143 Safari/537.36"
66.231.205.129 - - [26/Aug/2014:07:25:27 -0600] "GET /images/ratings/blue-1-00.png HTTP/1.1" 200 1037 "-" "Mozilla/5.0 (Windows NT 6.1) AppleWebKit/537.36 (KHTML, like Gecko) Chrome/36.0.1985.143 Safari/537.36"
66.231.205.129 - - [26/Aug/2014:07:25:27 -0600] "GET /images/ratings/blue-2-00.png HTTP/1.1" 200 1375 "-" "Mozilla/5.0 (Windows NT 6.1) AppleWebKit/537.36 (KHTML, like Gecko) Chrome/36.0.1985.143 Safari/537.36"
66.231.205.129 - - [26/Aug/2014:07:25:27 -0600] "GET /images/ratings/blue-3-00.png HTTP/1.1" 200 1416 "-" "Mozilla/5.0 (Windows NT 6.1) AppleWebKit/537.36 (KHTML, like Gecko) Chrome/36.0.1985.143 Safari/537.36"
66.231.205.129 - - [26/Aug/2014:07:25:27 -0600] "GET /images/ratings/blue-4-00.png HTTP/1.1" 200 1375 "-" "Mozilla/5.0 (Windows NT 6.1) AppleWebKit/537.36 (KHTML, like Gecko) Chrome/36.0.1985.143 Safari/537.36"
66.231.205.129 - - [26/Aug/2014:07:25:27 -0600] "GET /images/ratings/blue-5-00.png HTTP/1.1" 200 1198 "-" "Mozilla/5.0 (Windows NT 6.1) AppleWebKit/537.36 (KHTML, like Gecko) Chrome/36.0.1985.143 Safari/537.36"
117.217.171.195 - - [26/Aug/2014:07:25:27 -0600] "GET /7b0744/css/vegguide-combined.css HTTP/1.1" 200 20810 "-" "Mozilla/5.0 (Linux; Android 4.4.4; Nexus 7 Build/KTU84P) AppleWebKit/537.36 (KHTML, like Gecko) Chrome/36.0.1985.135 Safari/537.36"
117.217.171.195 - - [26/Aug/2014:07:25:27 -0600] "GET /images/vegguide-logo.png HTTP/1.1" 200 20540 "-" "Mozilla/5.0 (Linux; Android 4.4.4; Nexus 7 Build/KTU84P) AppleWebKit/537.36 (KHTML, like Gecko) Chrome/36.0.1985.135 Safari/537.36"
117.217.171.195 - - [26/Aug/2014:07:25:27 -0600] "GET /images/close-button.png HTTP/1.1" 200 693 "-" "Mozilla/5.0 (Linux; Android 4.4.4; Nexus 7 Build/KTU84P) AppleWebKit/537.36 (KHTML, like Gecko) Chrome/36.0.1985.135 Safari/537.36"
117.217.171.195 - - [26/Aug/2014:07:25:27 -0600] "GET /7b0744/images/ratings/green-4-25.png HTTP/1.1" 200 896 "-" "Mozilla/5.0 (Linux; Android 4.4.4; Nexus 7 Build/KTU84P) AppleWebKit/537.36 (KHTML, like Gecko) Chrome/36.0.1985.135 Safari/537.36"
117.217.171.195 - - [26/Aug/2014:07:25:27 -0600] "GET /7b0744/images/ratings/green-5-00.png HTTP/1.1" 200 689 "-" "Mozilla/5.0 (Linux; Android 4.4.4; Nexus 7 Build/KTU84P) AppleWebKit/537.36 (KHTML, like Gecko) Chrome/36.0.1985.135 Safari/537.36"
117.217.171.195 - - [26/Aug/2014:07:25:28 -0600] "GET /entry-images/3511/3511-1837-small.gif HTTP/1.1" 200 17686 "-" "Mozilla/5.0 (Linux; Android 4.4.4; Nexus 7 Build/KTU84P) AppleWebKit/537.36 (KHTML, like Gecko) Chrome/36.0.1985.135 Safari/537.36"
117.217.171.195 - - [26/Aug/2014:07:25:28 -0600] "GET /images/caa-logo.png HTTP/1.1" 200 10681 "-" "Mozilla/5.0 (Linux; Android 4.4.4; Nexus 7 Build/KTU84P) AppleWebKit/537.36 (KHTML, like Gecko) Chrome/36.0.1985.135 Safari/537.36"
117.217.171.195 - - [26/Aug/2014:07:25:28 -0600] "GET /images/thl-logo.png HTTP/1.1" 200 2925 "-" "Mozilla/5.0 (Linux; Android 4.4.4; Nexus 7 Build/KTU84P) AppleWebKit/537.36 (KHTML, like Gecko) Chrome/36.0.1985.135 Safari/537.36"
117.217.171.195 - - [26/Aug/2014:07:25:28 -0600] "GET /images/peta-logo.jpg HTTP/1.1" 200 14774 "-" "Mozilla/5.0 (Linux; Android 4.4.4; Nexus 7 Build/KTU84P) AppleWebKit/537.36 (KHTML, like Gecko) Chrome/36.0.1985.135 Safari/537.36"
117.217.171.195 - - [26/Aug/2014:07:25:28 -0600] "GET /images/cok-logo.png HTTP/1.1" 200 8577 "-" "Mozilla/5.0 (Linux; Android 4.4.4; Nexus 7 Build/KTU84P) AppleWebKit/537.36 (KHTML, like Gecko) Chrome/36.0.1985.135 Safari/537.36"
117.217.171.195 - - [26/Aug/2014:07:25:28 -0600] "GET /7b0744/js/vegguide-combined.js HTTP/1.1" 200 94167 "-" "Mozilla/5.0 (Linux; Android 4.4.4; Nexus 7 Build/KTU84P) AppleWebKit/537.36 (KHTML, like Gecko) Chrome/36.0.1985.135 Safari/537.36"
117.217.171.195 - - [26/Aug/2014:07:25:28 -0600] "GET /images/fs-logo.png HTTP/1.1" 200 10293 "-" "Mozilla/5.0 (Linux; Android 4.4.4; Nexus 7 Build/KTU84P) AppleWebKit/537.36 (KHTML, like Gecko) Chrome/36.0.1985.135 Safari/537.36"
117.217.171.195 - - [26/Aug/2014:07:25:28 -0600] "GET /images/vo-logo.gif HTTP/1.1" 200 1553 "-" "Mozilla/5.0 (Linux; Android 4.4.4; Nexus 7 Build/KTU84P) AppleWebKit/537.36 (KHTML, like Gecko) Chrome/36.0.1985.135 Safari/537.36"
117.217.171.195 - - [26/Aug/2014:07:25:29 -0600] "GET /images/loader.gif HTTP/1.1" 200 3208 "-" "Mozilla/5.0 (Linux; Android 4.4.4; Nexus 7 Build/KTU84P) AppleWebKit/537.36 (KHTML, like Gecko) Chrome/36.0.1985.135 Safari/537.36"
117.217.171.195 - - [26/Aug/2014:07:25:29 -0600] "GET /images/transparent.gif HTTP/1.1" 200 49 "-" "Mozilla/5.0 (Linux; Android 4.4.4; Nexus 7 Build/KTU84P) AppleWebKit/537.36 (KHTML, like Gecko) Chrome/36.0.1985.135 Safari/537.36"
117.217.171.195 - - [26/Aug/2014:07:25:29 -0600] "GET /images/red-bullet.png HTTP/1.1" 200 231 "-" "Mozilla/5.0 (Linux; Android 4.4.4; Nexus 7 Build/KTU84P) AppleWebKit/537.36 (KHTML, like Gecko) Chrome/36.0.1985.135 Safari/537.36"
117.217.171.195 - - [26/Aug/2014:07:25:30 -0600] "GET /images/ratings/blue-1-00.png HTTP/1.1" 200 1037 "-" "Mozilla/5.0 (Linux; Android 4.4.4; Nexus 7 Build/KTU84P) AppleWebKit/537.36 (KHTML, like Gecko) Chrome/36.0.1985.135 Safari/537.36"
117.217.171.195 - - [26/Aug/2014:07:25:30 -0600] "GET /images/ratings/blue-2-00.png HTTP/1.1" 200 1375 "-" "Mozilla/5.0 (Linux; Android 4.4.4; Nexus 7 Build/KTU84P) AppleWebKit/537.36 (KHTML, like Gecko) Chrome/36.0.1985.135 Safari/537.36"
117.217.171.195 - - [26/Aug/2014:07:25:30 -0600] "GET /images/ratings/blue-3-00.png HTTP/1.1" 200 1416 "-" "Mozilla/5.0 (Linux; Android 4.4.4; Nexus 7 Build/KTU84P) AppleWebKit/537.36 (KHTML, like Gecko) Chrome/36.0.1985.135 Safari/537.36"
117.217.171.195 - - [26/Aug/2014:07:25:30 -0600] "GET /images/ratings/blue-4-00.png HTTP/1.1" 200 1375 "-" "Mozilla/5.0 (Linux; Android 4.4.4; Nexus 7 Build/KTU84P) AppleWebKit/537.36 (KHTML, like Gecko) Chrome/36.0.1985.135 Safari/537.36"
117.217.171.195 - - [26/Aug/2014:07:25:30 -0600] "GET /images/ratings/blue-5-00.png HTTP/1.1" 200 1198 "-" "Mozilla/5.0 (Linux; Android 4.4.4; Nexus 7 Build/KTU84P) AppleWebKit/537.36 (KHTML, like Gecko) Chrome/36.0.1985.135 Safari/537.36"
208.115.111.72 - - [26/Aug/2014:07:25:40 -0600] "GET /robots.txt HTTP/1.1" 200 151 "-" "Mozilla/5.0 (compatible; DotBot/1.1; http://www.opensiteexplorer.org/dotbot, help@moz.com)"
68.180.225.35 - - [26/Aug/2014:07:25:45 -0600] "GET /entry/2385 HTTP/1.1" 200 4764 "-" "Mozilla/5.0 (compatible; Yahoo! Slurp; http://help.yahoo.com/help/us/ysearch/slurp)"
207.46.13.94 - - [26/Aug/2014:07:25:54 -0600] "GET /entry/11390 HTTP/1.1" 200 4699 "-" "Mozilla/5.0 (compatible; bingbot/2.0; +http://www.bing.com/bingbot.htm)"
183.60.213.53 - - [26/Aug/2014:07:26:02 -0600] "GET /region/400 HTTP/1.1" 200 8350 "-" "Mozilla/5.0 (compatible; EasouSpider; +http://www.easou.com/search/spider.html)"
131.253.24.65 - - [26/Aug/2014:07:26:02 -0600] "GET /entry/708 HTTP/1.1" 200 6479 "-" "Mozilla/5.0 (compatible; MSIE 9.0; Windows NT 6.0; Trident/5.0;  Trident/5.0)"
131.253.24.65 - - [26/Aug/2014:07:26:03 -0600] "GET /7b0744/css/vegguide-combined.css HTTP/1.1" 200 20810 "-" "Mozilla/5.0 (compatible; MSIE 9.0; Windows NT 6.0; Trident/5.0;  Trident/5.0)"
131.253.24.65 - - [26/Aug/2014:07:26:03 -0600] "GET /7b0744/js/vegguide-combined.js HTTP/1.1" 200 94167 "-" "Mozilla/5.0 (compatible; MSIE 9.0; Windows NT 6.0; Trident/5.0;  Trident/5.0)"
66.249.69.161 - - [26/Aug/2014:07:26:05 -0600] "GET /region/1918/filter/veg_level=2;category_id=1 HTTP/1.1" 200 4836 "-" "Mozilla/5.0 (compatible; Googlebot/2.1; +http://www.google.com/bot.html)"
37.58.100.142 - - [26/Aug/2014:07:26:07 -0600] "GET /entry/15304 HTTP/1.1" 200 4585 "-" "Mozilla/5.0 (compatible; AhrefsBot/5.0; +http://ahrefs.com/robot/)"
37.58.100.142 - - [26/Aug/2014:07:26:18 -0600] "GET /entry/near/18.335%2C-65.6597/filter/veg_level=2;category_id=1?unit=km;distance=2;address=00738 HTTP/1.1" 200 6265 "-" "Mozilla/5.0 (compatible; AhrefsBot/5.0; +http://ahrefs.com/robot/)"
37.58.100.142 - - [26/Aug/2014:07:26:22 -0600] "GET /entry/18138 HTTP/1.1" 200 4650 "-" "Mozilla/5.0 (compatible; AhrefsBot/5.0; +http://ahrefs.com/robot/)"
37.58.100.142 - - [26/Aug/2014:07:26:22 -0600] "GET /region/699/printable/veg_level=2 HTTP/1.1" 200 853 "-" "Mozilla/5.0 (compatible; AhrefsBot/5.0; +http://ahrefs.com/robot/)"
207.46.13.94 - - [26/Aug/2014:07:26:24 -0600] "GET /region/2878/map/veg_level=2 HTTP/1.1" 200 4440 "-" "Mozilla/5.0 (compatible; bingbot/2.0; +http://www.bing.com/bingbot.htm)"
68.180.225.35 - - [26/Aug/2014:07:26:30 -0600] "GET /region/274/filter?sort_order=ASC;page=9;order_by=name;limit=20 HTTP/1.1" 200 10429 "-" "Mozilla/5.0 (compatible; Yahoo! Slurp; http://help.yahoo.com/help/us/ysearch/slurp)"
54.197.55.130 - - [26/Aug/2014:07:26:37 -0600] "GET /region/1851 HTTP/1.1" 200 13725 "-" "Mozilla/5.0 (Windows; U; Windows NT 6.1; en-US; rv:1.9.1.3) Gecko/20090824 Firefox/3.5.3 (.NET CLR 3.5.30729)"
96.236.24.129 - - [26/Aug/2014:07:26:48 -0600] "GET /entry/10620 HTTP/1.1" 200 5363 "-" "Mozilla/5.0 (iPhone; CPU iPhone OS 7_1_1 like Mac OS X) AppleWebKit/537.51.2 (KHTML, like Gecko) Version/7.0 Mobile/11D201 Safari/9537.53"
96.236.24.129 - - [26/Aug/2014:07:26:48 -0600] "GET /7b0744/css/vegguide-combined.css HTTP/1.1" 200 20810 "-" "Mozilla/5.0 (iPhone; CPU iPhone OS 7_1_1 like Mac OS X) AppleWebKit/537.51.2 (KHTML, like Gecko) Version/7.0 Mobile/11D201 Safari/9537.53"
96.236.24.129 - - [26/Aug/2014:07:26:48 -0600] "GET /7b0744/js/vegguide-combined.js HTTP/1.1" 200 94167 "-" "Mozilla/5.0 (iPhone; CPU iPhone OS 7_1_1 like Mac OS X) AppleWebKit/537.51.2 (KHTML, like Gecko) Version/7.0 Mobile/11D201 Safari/9537.53"
96.236.24.129 - - [26/Aug/2014:07:26:49 -0600] "GET /images/vegguide-logo.png HTTP/1.1" 200 20540 "-" "Mozilla/5.0 (iPhone; CPU iPhone OS 7_1_1 like Mac OS X) AppleWebKit/537.51.2 (KHTML, like Gecko) Version/7.0 Mobile/11D201 Safari/9537.53"
96.236.24.129 - - [26/Aug/2014:07:26:49 -0600] "GET /images/caa-logo.png HTTP/1.1" 200 10681 "-" "Mozilla/5.0 (iPhone; CPU iPhone OS 7_1_1 like Mac OS X) AppleWebKit/537.51.2 (KHTML, like Gecko) Version/7.0 Mobile/11D201 Safari/9537.53"
96.236.24.129 - - [26/Aug/2014:07:26:49 -0600] "GET /images/fs-logo.png HTTP/1.1" 200 10293 "-" "Mozilla/5.0 (iPhone; CPU iPhone OS 7_1_1 like Mac OS X) AppleWebKit/537.51.2 (KHTML, like Gecko) Version/7.0 Mobile/11D201 Safari/9537.53"
96.236.24.129 - - [26/Aug/2014:07:26:49 -0600] "GET /images/close-button.png HTTP/1.1" 200 693 "-" "Mozilla/5.0 (iPhone; CPU iPhone OS 7_1_1 like Mac OS X) AppleWebKit/537.51.2 (KHTML, like Gecko) Version/7.0 Mobile/11D201 Safari/9537.53"
96.236.24.129 - - [26/Aug/2014:07:26:49 -0600] "GET /7b0744/images/ratings/green-4-25.png HTTP/1.1" 200 896 "-" "Mozilla/5.0 (iPhone; CPU iPhone OS 7_1_1 like Mac OS X) AppleWebKit/537.51.2 (KHTML, like Gecko) Version/7.0 Mobile/11D201 Safari/9537.53"
96.236.24.129 - - [26/Aug/2014:07:26:49 -0600] "GET /user-images/6758-small.jpg HTTP/1.1" 200 919 "-" "Mozilla/5.0 (iPhone; CPU iPhone OS 7_1_1 like Mac OS X) AppleWebKit/537.51.2 (KHTML, like Gecko) Version/7.0 Mobile/11D201 Safari/9537.53"
96.236.24.129 - - [26/Aug/2014:07:26:49 -0600] "GET /7b0744/images/ratings/green-5-00.png HTTP/1.1" 200 689 "-" "Mozilla/5.0 (iPhone; CPU iPhone OS 7_1_1 like Mac OS X) AppleWebKit/537.51.2 (KHTML, like Gecko) Version/7.0 Mobile/11D201 Safari/9537.53"
96.236.24.129 - - [26/Aug/2014:07:26:49 -0600] "GET /7b0744/images/american_express.png HTTP/1.1" 200 1219 "-" "Mozilla/5.0 (iPhone; CPU iPhone OS 7_1_1 like Mac OS X) AppleWebKit/537.51.2 (KHTML, like Gecko) Version/7.0 Mobile/11D201 Safari/9537.53"
96.236.24.129 - - [26/Aug/2014:07:26:49 -0600] "GET /7b0744/images/mastercard.png HTTP/1.1" 200 1753 "-" "Mozilla/5.0 (iPhone; CPU iPhone OS 7_1_1 like Mac OS X) AppleWebKit/537.51.2 (KHTML, like Gecko) Version/7.0 Mobile/11D201 Safari/9537.53"
96.236.24.129 - - [26/Aug/2014:07:26:49 -0600] "GET /7b0744/images/visa.png HTTP/1.1" 200 1404 "-" "Mozilla/5.0 (iPhone; CPU iPhone OS 7_1_1 like Mac OS X) AppleWebKit/537.51.2 (KHTML, like Gecko) Version/7.0 Mobile/11D201 Safari/9537.53"
96.236.24.129 - - [26/Aug/2014:07:26:49 -0600] "GET /images/upload-an-image.png HTTP/1.1" 200 7026 "-" "Mozilla/5.0 (iPhone; CPU iPhone OS 7_1_1 like Mac OS X) AppleWebKit/537.51.2 (KHTML, like Gecko) Version/7.0 Mobile/11D201 Safari/9537.53"
96.236.24.129 - - [26/Aug/2014:07:26:49 -0600] "GET /images/thl-logo.png HTTP/1.1" 200 2925 "-" "Mozilla/5.0 (iPhone; CPU iPhone OS 7_1_1 like Mac OS X) AppleWebKit/537.51.2 (KHTML, like Gecko) Version/7.0 Mobile/11D201 Safari/9537.53"
96.236.24.129 - - [26/Aug/2014:07:26:49 -0600] "GET /images/peta-logo.jpg HTTP/1.1" 200 14774 "-" "Mozilla/5.0 (iPhone; CPU iPhone OS 7_1_1 like Mac OS X) AppleWebKit/537.51.2 (KHTML, like Gecko) Version/7.0 Mobile/11D201 Safari/9537.53"
96.236.24.129 - - [26/Aug/2014:07:26:49 -0600] "GET /images/cok-logo.png HTTP/1.1" 200 8577 "-" "Mozilla/5.0 (iPhone; CPU iPhone OS 7_1_1 like Mac OS X) AppleWebKit/537.51.2 (KHTML, like Gecko) Version/7.0 Mobile/11D201 Safari/9537.53"
96.236.24.129 - - [26/Aug/2014:07:26:49 -0600] "GET /images/loader.gif HTTP/1.1" 200 3208 "-" "Mozilla/5.0 (iPhone; CPU iPhone OS 7_1_1 like Mac OS X) AppleWebKit/537.51.2 (KHTML, like Gecko) Version/7.0 Mobile/11D201 Safari/9537.53"
96.236.24.129 - - [26/Aug/2014:07:26:49 -0600] "GET /images/vo-logo.gif HTTP/1.1" 200 1553 "-" "Mozilla/5.0 (iPhone; CPU iPhone OS 7_1_1 like Mac OS X) AppleWebKit/537.51.2 (KHTML, like Gecko) Version/7.0 Mobile/11D201 Safari/9537.53"
96.236.24.129 - - [26/Aug/2014:07:26:49 -0600] "GET /images/transparent.gif HTTP/1.1" 200 49 "-" "Mozilla/5.0 (iPhone; CPU iPhone OS 7_1_1 like Mac OS X) AppleWebKit/537.51.2 (KHTML, like Gecko) Version/7.0 Mobile/11D201 Safari/9537.53"
96.236.24.129 - - [26/Aug/2014:07:26:49 -0600] "GET /images/red-bullet.png HTTP/1.1" 200 231 "-" "Mozilla/5.0 (iPhone; CPU iPhone OS 7_1_1 like Mac OS X) AppleWebKit/537.51.2 (KHTML, like Gecko) Version/7.0 Mobile/11D201 Safari/9537.53"
96.236.24.129 - - [26/Aug/2014:07:26:49 -0600] "GET /images/ratings/blue-1-00.png HTTP/1.1" 200 1037 "-" "Mozilla/5.0 (iPhone; CPU iPhone OS 7_1_1 like Mac OS X) AppleWebKit/537.51.2 (KHTML, like Gecko) Version/7.0 Mobile/11D201 Safari/9537.53"
96.236.24.129 - - [26/Aug/2014:07:26:49 -0600] "GET /images/ratings/blue-2-00.png HTTP/1.1" 200 1375 "-" "Mozilla/5.0 (iPhone; CPU iPhone OS 7_1_1 like Mac OS X) AppleWebKit/537.51.2 (KHTML, like Gecko) Version/7.0 Mobile/11D201 Safari/9537.53"
96.236.24.129 - - [26/Aug/2014:07:26:49 -0600] "GET /images/ratings/blue-3-00.png HTTP/1.1" 200 1416 "-" "Mozilla/5.0 (iPhone; CPU iPhone OS 7_1_1 like Mac OS X) AppleWebKit/537.51.2 (KHTML, like Gecko) Version/7.0 Mobile/11D201 Safari/9537.53"
96.236.24.129 - - [26/Aug/2014:07:26:49 -0600] "GET /images/ratings/blue-4-00.png HTTP/1.1" 200 1375 "-" "Mozilla/5.0 (iPhone; CPU iPhone OS 7_1_1 like Mac OS X) AppleWebKit/537.51.2 (KHTML, like Gecko) Version/7.0 Mobile/11D201 Safari/9537.53"
96.236.24.129 - - [26/Aug/2014:07:26:49 -0600] "GET /images/ratings/blue-5-00.png HTTP/1.1" 200 1198 "-" "Mozilla/5.0 (iPhone; CPU iPhone OS 7_1_1 like Mac OS X) AppleWebKit/537.51.2 (KHTML, like Gecko) Version/7.0 Mobile/11D201 Safari/9537.53"
66.231.205.129 - - [26/Aug/2014:07:26:51 -0600] "GET /region/117 HTTP/1.1" 200 3398 "-" "Mozilla/5.0 (Windows NT 6.1) AppleWebKit/537.36 (KHTML, like Gecko) Chrome/36.0.1985.143 Safari/537.36"
207.46.13.94 - - [26/Aug/2014:07:26:54 -0600] "GET /region/1703.rss HTTP/1.1" 200 1614 "-" "Mozilla/5.0 (compatible; bingbot/2.0; +http://www.bing.com/bingbot.htm)"
198.204.244.179 - - [26/Aug/2014:07:26:56 -0600] "GET /region/107.rss HTTP/1.1" 200 910272 "-" "Opera/9.80 (Windows NT 6.2; Win64; x64) Presto/2.12.388 Version/12.16"
131.253.24.81 - - [26/Aug/2014:07:26:58 -0600] "GET /entry/3118 HTTP/1.1" 200 5295 "-" "Mozilla/5.0 (compatible; MSIE 9.0; Windows NT 6.0; Trident/5.0;  Trident/5.0)"
131.253.24.81 - - [26/Aug/2014:07:26:59 -0600] "GET /7b0744/css/vegguide-combined.css HTTP/1.1" 200 20810 "-" "Mozilla/5.0 (compatible; MSIE 9.0; Windows NT 6.0; Trident/5.0;  Trident/5.0)"
131.253.24.81 - - [26/Aug/2014:07:27:00 -0600] "GET /7b0744/js/vegguide-combined.js HTTP/1.1" 200 94167 "-" "Mozilla/5.0 (compatible; MSIE 9.0; Windows NT 6.0; Trident/5.0;  Trident/5.0)"
66.249.69.161 - - [26/Aug/2014:07:27:14 -0600] "GET /region/2298/map/category_id=1 HTTP/1.1" 200 4346 "-" "Mozilla/5.0 (compatible; Googlebot/2.1; +http://www.google.com/bot.html)"
68.180.225.35 - - [26/Aug/2014:07:27:15 -0600] "GET /entry/17139 HTTP/1.1" 200 4787 "-" "Mozilla/5.0 (compatible; Yahoo! Slurp; http://help.yahoo.com/help/us/ysearch/slurp)"
37.58.100.151 - - [26/Aug/2014:07:27:18 -0600] "GET /site/recent.atom?reviews_only=1 HTTP/1.1" 200 12752 "-" "Mozilla/5.0 (compatible; AhrefsBot/5.0; +http://ahrefs.com/robot/)"
66.249.69.177 - - [26/Aug/2014:07:27:20 -0600] "GET /entry-images/3051/3051-7227-mini.png HTTP/1.1" 200 29759 "-" "Googlebot-Image/1.0"
157.55.39.70 - - [26/Aug/2014:07:27:24 -0600] "GET /region/1016/filter/veg_level=2 HTTP/1.1" 200 4650 "-" "Mozilla/5.0 (compatible; bingbot/2.0; +http://www.bing.com/bingbot.htm)"
174.37.205.76 - - [26/Aug/2014:07:27:24 -0600] "GET / HTTP/1.1" 200 3901 "-" "Mozilla/5.0 (X11; U; Linux x86_64; en-US; rv:1.9.0.19; aggregator:Spinn3r (Spinn3r 3.1); http://spinn3r.com/robot) Gecko/2010040121 Firefox/3.0.19"
66.249.69.161 - - [26/Aug/2014:07:27:25 -0600] "GET /entry/near/32.1657,-100.55/filter?unit=mile;distance=25;sort_order=ASC;page=1;order_by=name;address=79535;limit=20 HTTP/1.1" 200 6227 "-" "Mozilla/5.0 (compatible; Googlebot/2.1; +http://www.google.com/bot.html)"
24.123.0.84 - - [26/Aug/2014:07:27:27 -0600] "GET /region/130 HTTP/1.1" 200 9680 "-" "Mozilla/5.0 (Windows NT 5.1) AppleWebKit/537.36 (KHTML, like Gecko) Chrome/36.0.1985.143 Safari/537.36"
24.123.0.84 - - [26/Aug/2014:07:27:27 -0600] "GET /7b0744/css/vegguide-combined.css HTTP/1.1" 200 20810 "-" "Mozilla/5.0 (Windows NT 5.1) AppleWebKit/537.36 (KHTML, like Gecko) Chrome/36.0.1985.143 Safari/537.36"
24.123.0.84 - - [26/Aug/2014:07:27:27 -0600] "GET /images/vegguide-logo.png HTTP/1.1" 200 20540 "-" "Mozilla/5.0 (Windows NT 5.1) AppleWebKit/537.36 (KHTML, like Gecko) Chrome/36.0.1985.143 Safari/537.36"
24.123.0.84 - - [26/Aug/2014:07:27:27 -0600] "GET /images/close-button.png HTTP/1.1" 200 693 "-" "Mozilla/5.0 (Windows NT 5.1) AppleWebKit/537.36 (KHTML, like Gecko) Chrome/36.0.1985.143 Safari/537.36"
24.123.0.84 - - [26/Aug/2014:07:27:27 -0600] "GET /7b0744/images/sort-none.gif HTTP/1.1" 200 79 "-" "Mozilla/5.0 (Windows NT 5.1) AppleWebKit/537.36 (KHTML, like Gecko) Chrome/36.0.1985.143 Safari/537.36"
24.123.0.84 - - [26/Aug/2014:07:27:27 -0600] "GET /7b0744/images/sort-up.gif HTTP/1.1" 200 84 "-" "Mozilla/5.0 (Windows NT 5.1) AppleWebKit/537.36 (KHTML, like Gecko) Chrome/36.0.1985.143 Safari/537.36"
24.123.0.84 - - [26/Aug/2014:07:27:27 -0600] "GET /7b0744/images/ratings/green-4-00.png HTTP/1.1" 200 1221 "-" "Mozilla/5.0 (Windows NT 5.1) AppleWebKit/537.36 (KHTML, like Gecko) Chrome/36.0.1985.143 Safari/537.36"
24.123.0.84 - - [26/Aug/2014:07:27:27 -0600] "GET /7b0744/images/ratings/green-4-25.png HTTP/1.1" 200 896 "-" "Mozilla/5.0 (Windows NT 5.1) AppleWebKit/537.36 (KHTML, like Gecko) Chrome/36.0.1985.143 Safari/537.36"
24.123.0.84 - - [26/Aug/2014:07:27:27 -0600] "GET /7b0744/images/ratings/green-0-00.png HTTP/1.1" 200 791 "-" "Mozilla/5.0 (Windows NT 5.1) AppleWebKit/537.36 (KHTML, like Gecko) Chrome/36.0.1985.143 Safari/537.36"
24.123.0.84 - - [26/Aug/2014:07:27:27 -0600] "GET /7b0744/images/ratings/green-4-50.png HTTP/1.1" 200 878 "-" "Mozilla/5.0 (Windows NT 5.1) AppleWebKit/537.36 (KHTML, like Gecko) Chrome/36.0.1985.143 Safari/537.36"
24.123.0.84 - - [26/Aug/2014:07:27:27 -0600] "GET /user-images/4795-small.jpg HTTP/1.1" 200 11487 "-" "Mozilla/5.0 (Windows NT 5.1) AppleWebKit/537.36 (KHTML, like Gecko) Chrome/36.0.1985.143 Safari/537.36"
24.123.0.84 - - [26/Aug/2014:07:27:27 -0600] "GET /7b0744/js/vegguide-combined.js HTTP/1.1" 200 94167 "-" "Mozilla/5.0 (Windows NT 5.1) AppleWebKit/537.36 (KHTML, like Gecko) Chrome/36.0.1985.143 Safari/537.36"
24.123.0.84 - - [26/Aug/2014:07:27:27 -0600] "GET /images/caa-logo.png HTTP/1.1" 200 10681 "-" "Mozilla/5.0 (Windows NT 5.1) AppleWebKit/537.36 (KHTML, like Gecko) Chrome/36.0.1985.143 Safari/537.36"
24.123.0.84 - - [26/Aug/2014:07:27:27 -0600] "GET /images/thl-logo.png HTTP/1.1" 200 2925 "-" "Mozilla/5.0 (Windows NT 5.1) AppleWebKit/537.36 (KHTML, like Gecko) Chrome/36.0.1985.143 Safari/537.36"
24.123.0.84 - - [26/Aug/2014:07:27:27 -0600] "GET /images/peta-logo.jpg HTTP/1.1" 200 14774 "-" "Mozilla/5.0 (Windows NT 5.1) AppleWebKit/537.36 (KHTML, like Gecko) Chrome/36.0.1985.143 Safari/537.36"
24.123.0.84 - - [26/Aug/2014:07:27:27 -0600] "GET /images/cok-logo.png HTTP/1.1" 200 8577 "-" "Mozilla/5.0 (Windows NT 5.1) AppleWebKit/537.36 (KHTML, like Gecko) Chrome/36.0.1985.143 Safari/537.36"
24.123.0.84 - - [26/Aug/2014:07:27:27 -0600] "GET /images/fs-logo.png HTTP/1.1" 200 10293 "-" "Mozilla/5.0 (Windows NT 5.1) AppleWebKit/537.36 (KHTML, like Gecko) Chrome/36.0.1985.143 Safari/537.36"
24.123.0.84 - - [26/Aug/2014:07:27:27 -0600] "GET /images/vo-logo.gif HTTP/1.1" 200 1553 "-" "Mozilla/5.0 (Windows NT 5.1) AppleWebKit/537.36 (KHTML, like Gecko) Chrome/36.0.1985.143 Safari/537.36"
24.123.0.84 - - [26/Aug/2014:07:27:27 -0600] "GET /images/loader.gif HTTP/1.1" 200 3208 "-" "Mozilla/5.0 (Windows NT 5.1) AppleWebKit/537.36 (KHTML, like Gecko) Chrome/36.0.1985.143 Safari/537.36"
24.123.0.84 - - [26/Aug/2014:07:27:27 -0600] "GET /images/transparent.gif HTTP/1.1" 200 49 "-" "Mozilla/5.0 (Windows NT 5.1) AppleWebKit/537.36 (KHTML, like Gecko) Chrome/36.0.1985.143 Safari/537.36"
24.123.0.84 - - [26/Aug/2014:07:27:28 -0600] "GET /images/favicon.ico HTTP/1.1" 200 1022 "-" "Mozilla/5.0 (Windows NT 5.1) AppleWebKit/537.36 (KHTML, like Gecko) Chrome/36.0.1985.143 Safari/537.36"
37.58.100.142 - - [26/Aug/2014:07:27:33 -0600] "GET /entry/near/34.6436%2C-102.724/filter/veg_level=2?unit=mile;distance=5;sort_order=ASC;page=1;order_by=distance;address=79035;limit=20 HTTP/1.1" 200 6307 "-" "Mozilla/5.0 (compatible; AhrefsBot/5.0; +http://ahrefs.com/robot/)"
183.60.213.53 - - [26/Aug/2014:07:27:37 -0600] "GET /entry/12633 HTTP/1.1" 200 4624 "-" "Mozilla/5.0 (compatible; EasouSpider; +http://www.easou.com/search/spider.html)"
66.249.91.198 - - [26/Aug/2014:07:27:53 -0600] "GET /location/most_recent_vendors.rss?location_id=5 HTTP/1.1" 301 178 "-" "Feedfetcher-Google; (+http://www.google.com/feedfetcher.html; 1 subscribers; feed-id=15020464048439816446)"
207.46.13.94 - - [26/Aug/2014:07:27:54 -0600] "GET /user/7222 HTTP/1.1" 200 3044 "-" "Mozilla/5.0 (compatible; bingbot/2.0; +http://www.bing.com/bingbot.htm)"
66.249.91.166 - - [26/Aug/2014:07:27:55 -0600] "GET /region/5/recent.rss?entries_only=1&location_id=5 HTTP/1.1" 200 9017 "-" "Feedfetcher-Google; (+http://www.google.com/feedfetcher.html; 1 subscribers; feed-id=15020464048439816446)"
68.180.225.35 - - [26/Aug/2014:07:28:00 -0600] "GET /entry/18441 HTTP/1.1" 200 5737 "-" "Mozilla/5.0 (compatible; Yahoo! Slurp; http://help.yahoo.com/help/us/ysearch/slurp)"
66.249.69.177 - - [26/Aug/2014:07:28:17 -0600] "GET /entry/near/38.5397,-85.4236/map?unit=mile;distance=25;address=47104 HTTP/1.1" 200 12848 "-" "Mozilla/5.0 (compatible; Googlebot/2.1; +http://www.google.com/bot.html)"
24.158.63.170 - - [26/Aug/2014:07:28:18 -0600] "GET /region/252/printable/veg_level=2 HTTP/1.1" 200 5898 "-" "Mozilla/5.0 (Windows NT 6.1; WOW64; Trident/7.0; FunWebProducts; yie11; rv:11.0) like Gecko"
24.158.63.170 - - [26/Aug/2014:07:28:18 -0600] "GET /css/printable.css HTTP/1.1" 200 277 "-" "Mozilla/5.0 (Windows NT 6.1; WOW64; Trident/7.0; FunWebProducts; yie11; rv:11.0) like Gecko"
24.158.63.170 - - [26/Aug/2014:07:28:19 -0600] "GET /favicon.ico HTTP/1.1" 200 1022 "-" "Mozilla/5.0 (Windows NT 6.1; Win64; x64; Trident/7.0; yie11; rv:11.0) like Gecko"
66.249.69.177 - - [26/Aug/2014:07:28:23 -0600] "GET /entry/12535/reviews HTTP/1.1" 200 3502 "-" "Mozilla/5.0 (compatible; Googlebot/2.1; +http://www.google.com/bot.html)"
207.46.13.94 - - [26/Aug/2014:07:28:24 -0600] "GET /entry/18276/reviews HTTP/1.1" 200 3514 "-" "Mozilla/5.0 (compatible; bingbot/2.0; +http://www.bing.com/bingbot.htm)"
65.55.213.40 - - [26/Aug/2014:07:28:25 -0600] "GET /region/268 HTTP/1.1" 200 9365 "-" "Mozilla/5.0 (compatible; MSIE 9.0; Windows NT 6.1; Trident/5.0;  Trident/5.0)"
65.55.213.40 - - [26/Aug/2014:07:28:27 -0600] "GET /7b0744/css/vegguide-combined.css HTTP/1.1" 200 20810 "-" "Mozilla/5.0 (compatible; MSIE 9.0; Windows NT 6.1; Trident/5.0;  Trident/5.0)"
188.121.41.53 - - [26/Aug/2014:07:28:27 -0600] "GET /search/by-lat-long/-27.059737,153.197898/filter/category_id=1;category_id=2;category_id=3;category_id=4;category_id=5;category_id=6;category_id=7;category_id=8;category_id=9?limit=10;unit=km;distance=10 HTTP/1.1" 200 342 "-" "-"
65.55.213.40 - - [26/Aug/2014:07:28:27 -0600] "GET /7b0744/js/vegguide-combined.js HTTP/1.1" 200 94167 "-" "Mozilla/5.0 (compatible; MSIE 9.0; Windows NT 6.1; Trident/5.0;  Trident/5.0)"
68.180.225.35 - - [26/Aug/2014:07:28:45 -0600] "GET /entry/7069 HTTP/1.1" 200 4451 "-" "Mozilla/5.0 (compatible; Yahoo! Slurp; http://help.yahoo.com/help/us/ysearch/slurp)"
188.121.41.53 - - [26/Aug/2014:07:28:46 -0600] "GET /search/by-lat-long/13.097296,-59.596073/filter/category_id=1;category_id=2;category_id=3;category_id=4;category_id=5;category_id=6;category_id=7;category_id=8;category_id=9?limit=10;unit=km;distance=10 HTTP/1.1" 200 11124 "-" "-"
178.154.120.23 - - [26/Aug/2014:07:28:50 -0600] "GET /region/2266/map/veg_level=2 HTTP/1.1" 200 4272 "-" "Mozilla/5.0 (Linux; Android 4.2.1; ZP990 Build/JOP40D) AppleWebKit/537.36 (KHTML, like Gecko) Chrome/35.0.1916.138 Mobile Safari/537.36 OPR/22.0.1485.78487"
178.154.120.23 - - [26/Aug/2014:07:28:51 -0600] "GET /images/close-button.png HTTP/1.1" 200 693 "-" "Mozilla/5.0 (Linux; Android 4.2.1; ZP990 Build/JOP40D) AppleWebKit/537.36 (KHTML, like Gecko) Chrome/35.0.1916.138 Mobile Safari/537.36 OPR/22.0.1485.78487"
178.154.120.23 - - [26/Aug/2014:07:28:51 -0600] "GET /7b0744/images/map-icons/restaurant5.png HTTP/1.1" 200 826 "-" "Mozilla/5.0 (Linux; Android 4.2.1; ZP990 Build/JOP40D) AppleWebKit/537.36 (KHTML, like Gecko) Chrome/35.0.1916.138 Mobile Safari/537.36 OPR/22.0.1485.78487"
178.154.120.23 - - [26/Aug/2014:07:28:51 -0600] "GET /7b0744/images/map-icons/restaurant3.png HTTP/1.1" 200 846 "-" "Mozilla/5.0 (Linux; Android 4.2.1; ZP990 Build/JOP40D) AppleWebKit/537.36 (KHTML, like Gecko) Chrome/35.0.1916.138 Mobile Safari/537.36 OPR/22.0.1485.78487"
178.154.120.23 - - [26/Aug/2014:07:28:51 -0600] "GET /7b0744/css/vegguide-combined.css HTTP/1.1" 200 20810 "-" "Mozilla/5.0 (Linux; Android 4.2.1; ZP990 Build/JOP40D) AppleWebKit/537.36 (KHTML, like Gecko) Chrome/35.0.1916.138 Mobile Safari/537.36 OPR/22.0.1485.78487"
178.154.120.23 - - [26/Aug/2014:07:28:51 -0600] "GET /7b0744/images/map-icons/restaurant2.png HTTP/1.1" 200 833 "-" "Mozilla/5.0 (Linux; Android 4.2.1; ZP990 Build/JOP40D) AppleWebKit/537.36 (KHTML, like Gecko) Chrome/35.0.1916.138 Mobile Safari/537.36 OPR/22.0.1485.78487"
178.154.120.23 - - [26/Aug/2014:07:28:51 -0600] "GET /7b0744/images/map-icons/restaurant1.png HTTP/1.1" 200 837 "-" "Mozilla/5.0 (Linux; Android 4.2.1; ZP990 Build/JOP40D) AppleWebKit/537.36 (KHTML, like Gecko) Chrome/35.0.1916.138 Mobile Safari/537.36 OPR/22.0.1485.78487"
178.154.120.23 - - [26/Aug/2014:07:28:51 -0600] "GET /7b0744/images/map-icons/restaurant.png HTTP/1.1" 200 1071 "-" "Mozilla/5.0 (Linux; Android 4.2.1; ZP990 Build/JOP40D) AppleWebKit/537.36 (KHTML, like Gecko) Chrome/35.0.1916.138 Mobile Safari/537.36 OPR/22.0.1485.78487"
178.154.120.23 - - [26/Aug/2014:07:28:52 -0600] "GET /7b0744/images/map-icons/grocery.png HTTP/1.1" 200 1100 "-" "Mozilla/5.0 (Linux; Android 4.2.1; ZP990 Build/JOP40D) AppleWebKit/537.36 (KHTML, like Gecko) Chrome/35.0.1916.138 Mobile Safari/537.36 OPR/22.0.1485.78487"
178.154.120.23 - - [26/Aug/2014:07:28:52 -0600] "GET /7b0744/images/map-icons/catering.png HTTP/1.1" 200 1094 "-" "Mozilla/5.0 (Linux; Android 4.2.1; ZP990 Build/JOP40D) AppleWebKit/537.36 (KHTML, like Gecko) Chrome/35.0.1916.138 Mobile Safari/537.36 OPR/22.0.1485.78487"
178.154.120.23 - - [26/Aug/2014:07:28:52 -0600] "GET /images/vegguide-logo.png HTTP/1.1" 200 20540 "-" "Mozilla/5.0 (Linux; Android 4.2.1; ZP990 Build/JOP40D) AppleWebKit/537.36 (KHTML, like Gecko) Chrome/35.0.1916.138 Mobile Safari/537.36 OPR/22.0.1485.78487"
178.154.120.23 - - [26/Aug/2014:07:28:52 -0600] "GET /7b0744/images/map-icons/organization.png HTTP/1.1" 200 1224 "-" "Mozilla/5.0 (Linux; Android 4.2.1; ZP990 Build/JOP40D) AppleWebKit/537.36 (KHTML, like Gecko) Chrome/35.0.1916.138 Mobile Safari/537.36 OPR/22.0.1485.78487"
178.154.120.23 - - [26/Aug/2014:07:28:52 -0600] "GET /7b0744/images/map-icons/coffee.png HTTP/1.1" 200 973 "-" "Mozilla/5.0 (Linux; Android 4.2.1; ZP990 Build/JOP40D) AppleWebKit/537.36 (KHTML, like Gecko) Chrome/35.0.1916.138 Mobile Safari/537.36 OPR/22.0.1485.78487"
178.154.120.23 - - [26/Aug/2014:07:28:52 -0600] "GET /7b0744/js/vegguide-combined.js HTTP/1.1" 200 94167 "-" "Mozilla/5.0 (Linux; Android 4.2.1; ZP990 Build/JOP40D) AppleWebKit/537.36 (KHTML, like Gecko) Chrome/35.0.1916.138 Mobile Safari/537.36 OPR/22.0.1485.78487"
178.154.120.23 - - [26/Aug/2014:07:28:52 -0600] "GET /7b0744/images/map-icons/bar.png HTTP/1.1" 200 1143 "-" "Mozilla/5.0 (Linux; Android 4.2.1; ZP990 Build/JOP40D) AppleWebKit/537.36 (KHTML, like Gecko) Chrome/35.0.1916.138 Mobile Safari/537.36 OPR/22.0.1485.78487"
178.154.120.23 - - [26/Aug/2014:07:28:52 -0600] "GET /7b0744/images/map-icons/general_store.png HTTP/1.1" 200 891 "-" "Mozilla/5.0 (Linux; Android 4.2.1; ZP990 Build/JOP40D) AppleWebKit/537.36 (KHTML, like Gecko) Chrome/35.0.1916.138 Mobile Safari/537.36 OPR/22.0.1485.78487"
178.154.120.23 - - [26/Aug/2014:07:28:52 -0600] "GET /7b0744/images/map-icons/food_court.png HTTP/1.1" 200 1425 "-" "Mozilla/5.0 (Linux; Android 4.2.1; ZP990 Build/JOP40D) AppleWebKit/537.36 (KHTML, like Gecko) Chrome/35.0.1916.138 Mobile Safari/537.36 OPR/22.0.1485.78487"
178.154.120.23 - - [26/Aug/2014:07:28:52 -0600] "GET /7b0744/images/map-icons/lodging.png HTTP/1.1" 200 1255 "-" "Mozilla/5.0 (Linux; Android 4.2.1; ZP990 Build/JOP40D) AppleWebKit/537.36 (KHTML, like Gecko) Chrome/35.0.1916.138 Mobile Safari/537.36 OPR/22.0.1485.78487"
178.154.120.23 - - [26/Aug/2014:07:28:52 -0600] "GET /7b0744/images/map-icons/other.png HTTP/1.1" 200 1663 "-" "Mozilla/5.0 (Linux; Android 4.2.1; ZP990 Build/JOP40D) AppleWebKit/537.36 (KHTML, like Gecko) Chrome/35.0.1916.138 Mobile Safari/537.36 OPR/22.0.1485.78487"
178.154.120.23 - - [26/Aug/2014:07:28:53 -0600] "GET /images/caa-logo.png HTTP/1.1" 200 10681 "-" "Mozilla/5.0 (Linux; Android 4.2.1; ZP990 Build/JOP40D) AppleWebKit/537.36 (KHTML, like Gecko) Chrome/35.0.1916.138 Mobile Safari/537.36 OPR/22.0.1485.78487"
178.154.120.23 - - [26/Aug/2014:07:28:53 -0600] "GET /images/thl-logo.png HTTP/1.1" 200 2925 "-" "Mozilla/5.0 (Linux; Android 4.2.1; ZP990 Build/JOP40D) AppleWebKit/537.36 (KHTML, like Gecko) Chrome/35.0.1916.138 Mobile Safari/537.36 OPR/22.0.1485.78487"
178.154.120.23 - - [26/Aug/2014:07:28:53 -0600] "GET /images/peta-logo.jpg HTTP/1.1" 200 14774 "-" "Mozilla/5.0 (Linux; Android 4.2.1; ZP990 Build/JOP40D) AppleWebKit/537.36 (KHTML, like Gecko) Chrome/35.0.1916.138 Mobile Safari/537.36 OPR/22.0.1485.78487"
178.154.120.23 - - [26/Aug/2014:07:28:53 -0600] "GET /images/cok-logo.png HTTP/1.1" 200 8577 "-" "Mozilla/5.0 (Linux; Android 4.2.1; ZP990 Build/JOP40D) AppleWebKit/537.36 (KHTML, like Gecko) Chrome/35.0.1916.138 Mobile Safari/537.36 OPR/22.0.1485.78487"
178.154.120.23 - - [26/Aug/2014:07:28:53 -0600] "GET /images/fs-logo.png HTTP/1.1" 200 10293 "-" "Mozilla/5.0 (Linux; Android 4.2.1; ZP990 Build/JOP40D) AppleWebKit/537.36 (KHTML, like Gecko) Chrome/35.0.1916.138 Mobile Safari/537.36 OPR/22.0.1485.78487"
178.154.120.23 - - [26/Aug/2014:07:28:53 -0600] "GET /images/vo-logo.gif HTTP/1.1" 200 1553 "-" "Mozilla/5.0 (Linux; Android 4.2.1; ZP990 Build/JOP40D) AppleWebKit/537.36 (KHTML, like Gecko) Chrome/35.0.1916.138 Mobile Safari/537.36 OPR/22.0.1485.78487"
178.154.120.23 - - [26/Aug/2014:07:28:54 -0600] "GET /images/loader.gif HTTP/1.1" 200 3208 "-" "Mozilla/5.0 (Linux; Android 4.2.1; ZP990 Build/JOP40D) AppleWebKit/537.36 (KHTML, like Gecko) Chrome/35.0.1916.138 Mobile Safari/537.36 OPR/22.0.1485.78487"
178.154.120.23 - - [26/Aug/2014:07:28:54 -0600] "GET /images/transparent.gif HTTP/1.1" 200 49 "-" "Mozilla/5.0 (Linux; Android 4.2.1; ZP990 Build/JOP40D) AppleWebKit/537.36 (KHTML, like Gecko) Chrome/35.0.1916.138 Mobile Safari/537.36 OPR/22.0.1485.78487"
207.46.13.94 - - [26/Aug/2014:07:28:54 -0600] "GET /entry/11402 HTTP/1.1" 200 4651 "-" "Mozilla/5.0 (compatible; bingbot/2.0; +http://www.bing.com/bingbot.htm)"
183.60.214.53 - - [26/Aug/2014:07:28:55 -0600] "GET /region/268/filter/category_id=1 HTTP/1.1" 200 9453 "-" "Mozilla/5.0 (compatible; EasouSpider; +http://www.easou.com/search/spider.html)"
66.249.69.177 - - [26/Aug/2014:07:28:56 -0600] "GET /entry/near/38.5397,-85.4236/filter?unit=mile;distance=25;sort_order=DESC;page=1;order_by=distance;address=47104;limit=20 HTTP/1.1" 200 8720 "-" "Mozilla/5.0 (compatible; Googlebot/2.1; +http://www.google.com/bot.html)"
178.154.120.23 - - [26/Aug/2014:07:29:00 -0600] "GET /images/map-icons/restaurant2.png HTTP/1.1" 200 833 "-" "Mozilla/5.0 (Linux; Android 4.2.1; ZP990 Build/JOP40D) AppleWebKit/537.36 (KHTML, like Gecko) Chrome/35.0.1916.138 Mobile Safari/537.36 OPR/22.0.1485.78487"
37.58.100.142 - - [26/Aug/2014:07:29:05 -0600] "GET /entry/near/40.4192%2C-111.565/filter?unit=mile;distance=25;sort_order=ASC;page=;order_by=distance;address=84003;limit= HTTP/1.1" 200 8841 "-" "Mozilla/5.0 (compatible; AhrefsBot/5.0; +http://ahrefs.com/robot/)"
207.46.13.94 - - [26/Aug/2014:07:29:24 -0600] "GET /entry/20250/reviews HTTP/1.1" 200 3963 "-" "Mozilla/5.0 (compatible; bingbot/2.0; +http://www.bing.com/bingbot.htm)"
24.123.0.84 - - [26/Aug/2014:07:29:24 -0600] "GET /region/130/filter?sort_order=ASC;page=2;order_by=name;limit=20 HTTP/1.1" 200 9828 "-" "Mozilla/5.0 (Windows NT 5.1) AppleWebKit/537.36 (KHTML, like Gecko) Chrome/36.0.1985.143 Safari/537.36"
24.123.0.84 - - [26/Aug/2014:07:29:24 -0600] "GET /7b0744/images/ratings/green-3-50.png HTTP/1.1" 200 1283 "-" "Mozilla/5.0 (Windows NT 5.1) AppleWebKit/537.36 (KHTML, like Gecko) Chrome/36.0.1985.143 Safari/537.36"
199.21.99.207 - - [26/Aug/2014:07:29:25 -0600] "GET /entry-images/17573/17573-7377-small.jpg HTTP/1.1" 304 0 "-" "Mozilla/5.0 (compatible; YandexImages/3.0; +http://yandex.com/bots)"
