173.73.6.67 - - [11/May/2010:19:12:16 +0000] "GET /duradmin/data/spaces/space?spaceId=michele-test HTTP/1.1" 200 279 "http://ec2-174-129-151-69.compute-1.amazonaws.com/duradmin/spaces.htm" "Mozilla/5.0 (X11; U; Linux i686; en-US; rv:1.9.0.18) Gecko/2010021501 Ubuntu/9.04 (jaunty) Firefox/3.0.18"
10.192.165.219 - - [11/May/2010:19:12:16 +0000] "GET /durastore/duracloud-0.2-service-repository?storeID=0 HTTP/1.1" 200 344 "-" "Jakarta Commons-HttpClient/3.1"
173.73.6.67 - - [11/May/2010:19:12:16 +0000] "GET /duradmin/data/spaces/space?spaceId=duracloud-0.2-service-repository HTTP/1.1" 200 390 "http://ec2-174-129-151-69.compute-1.amazonaws.com/duradmin/spaces.htm" "Mozilla/5.0 (X11; U; Linux i686; en-US; rv:1.9.0.18) Gecko/2010021501 Ubuntu/9.04 (jaunty) Firefox/3.0.18"
10.192.165.219 - - [11/May/2010:19:12:16 +0000] "GET /durastore/conversion-test-dest?storeID=0 HTTP/1.1" 200 1131 "-" "Jakarta Commons-HttpClient/3.1"
173.73.6.67 - - [11/May/2010:19:12:16 +0000] "GET /duradmin/data/spaces/space?spaceId=conversion-test-dest HTTP/1.1" 200 988 "http://ec2-174-129-151-69.compute-1.amazonaws.com/duradmin/spaces.htm" "Mozilla/5.0 (X11; U; Linux i686; en-US; rv:1.9.0.18) Gecko/2010021501 Ubuntu/9.04 (jaunty) Firefox/3.0.18"
173.73.6.67 - - [11/May/2010:19:12:17 +0000] "GET /duradmin/data/spaces/space?spaceId=x-duracloud-admin HTTP/1.1" 200 191 "http://ec2-174-129-151-69.compute-1.amazonaws.com/duradmin/spaces.htm" "Mozilla/5.0 (X11; U; Linux i686; en-US; rv:1.9.0.18) Gecko/2010021501 Ubuntu/9.04 (jaunty) Firefox/3.0.18"
10.192.165.219 - - [11/May/2010:19:12:17 +0000] "GET /durastore/x-duracloud-admin?storeID=0 HTTP/1.1" 200 97 "-" "Jakarta Commons-HttpClient/3.1"
10.192.165.219 - - [11/May/2010:19:12:18 +0000] "GET /durastore/stores HTTP/1.1" 200 306 "-" "Jakarta Commons-HttpClient/3.1"
10.192.165.219 - - [11/May/2010:19:12:18 +0000] "GET /durastore/stores HTTP/1.1" 200 306 "-" "Jakarta Commons-HttpClient/3.1"
10.192.165.219 - - [11/May/2010:19:12:18 +0000] "GET /durastore/stores HTTP/1.1" 200 306 "-" "Jakarta Commons-HttpClient/3.1"
10.192.165.219 - - [11/May/2010:19:12:18 +0000] "GET /durastore/stores HTTP/1.1" 200 306 "-" "Jakarta Commons-HttpClient/3.1"
127.0.0.1 - - [11/May/2010:19:12:19 +0000] "OPTIONS * HTTP/1.0" 200 - "-" "Apache/2.2.9 (Ubuntu) mod_jk/1.2.26 (internal dummy connection)"
10.192.165.219 - - [11/May/2010:19:12:17 +0000] "GET /durastore/test-space-1?storeID=0 HTTP/1.1" 200 553 "-" "Jakarta Commons-HttpClient/3.1"
173.73.6.67 - - [11/May/2010:19:12:17 +0000] "GET /duradmin/data/spaces/space?spaceId=test-space-1 HTTP/1.1" 200 549 "http://ec2-174-129-151-69.compute-1.amazonaws.com/duradmin/spaces.htm" "Mozilla/5.0 (X11; U; Linux i686; en-US; rv:1.9.0.18) Gecko/2010021501 Ubuntu/9.04 (jaunty) Firefox/3.0.18"
10.192.165.219 - - [11/May/2010:19:12:18 +0000] "GET /durastore/awoods?maxResults=10&storeID=0 HTTP/1.1" 200 314 "-" "Jakarta Commons-HttpClient/3.1"
10.192.165.219 - - [11/May/2010:19:12:19 +0000] "GET /durastore/stores HTTP/1.1" 200 306 "-" "Jakarta Commons-HttpClient/3.1"
10.192.165.219 - - [11/May/2010:19:12:20 +0000] "GET /durastore/stores HTTP/1.1" 200 306 "-" "Jakarta Commons-HttpClient/3.1"
10.192.165.219 - - [11/May/2010:19:12:20 +0000] "GET /durastore/stores HTTP/1.1" 200 306 "-" "Jakarta Commons-HttpClient/3.1"
127.0.0.1 - - [11/May/2010:19:12:20 +0000] "OPTIONS * HTTP/1.0" 200 - "-" "Apache/2.2.9 (Ubuntu) mod_jk/1.2.26 (internal dummy connection)"
10.192.165.219 - - [11/May/2010:19:12:20 +0000] "GET /durastore/stores HTTP/1.1" 200 306 "-" "Jakarta Commons-HttpClient/3.1"
173.73.6.67 - - [11/May/2010:19:12:18 +0000] "GET /duradmin/contents.htm?spaceId=awoods HTTP/1.1" 200 4203 "http://ec2-174-129-151-69.compute-1.amazonaws.com/duradmin/spaces.htm" "Mozilla/5.0 (X11; U; Linux i686; en-US; rv:1.9.0.18) Gecko/2010021501 Ubuntu/9.04 (jaunty) Firefox/3.0.18"
10.192.165.219 - - [11/May/2010:19:12:20 +0000] "GET /durastore/stores HTTP/1.1" 200 306 "-" "Jakarta Commons-HttpClient/3.1"
10.192.165.219 - - [11/May/2010:19:12:20 +0000] "GET /durastore/stores HTTP/1.1" 200 306 "-" "Jakarta Commons-HttpClient/3.1"
10.192.165.219 - - [11/May/2010:19:12:21 +0000] "GET /durastore/stores HTTP/1.1" 200 306 "-" "Jakarta Commons-HttpClient/3.1"
10.192.165.219 - - [11/May/2010:19:12:21 +0000] "GET /durastore/stores HTTP/1.1" 200 306 "-" "Jakarta Commons-HttpClient/3.1"
10.192.165.219 - - [11/May/2010:19:12:21 +0000] "GET /durastore/stores HTTP/1.1" 200 306 "-" "Jakarta Commons-HttpClient/3.1"
10.192.165.219 - - [11/May/2010:19:12:21 +0000] "GET /durastore/stores HTTP/1.1" 200 306 "-" "Jakarta Commons-HttpClient/3.1"
10.192.165.219 - - [11/May/2010:19:12:20 +0000] "GET /durastore/awoods/EULA_Oxygen.txt?storeID=0 HTTP/1.1" 200 15148 "-" "Jakarta Commons-HttpClient/3.1"
173.73.6.67 - - [11/May/2010:19:12:20 +0000] "GET /duradmin/data/spaces/contentItem?spaceId=awoods&contentId=EULA_Oxygen.txt HTTP/1.1" 200 635 "http://ec2-174-129-151-69.compute-1.amazonaws.com/duradmin/contents.htm?spaceId=awoods" "Mozilla/5.0 (X11; U; Linux i686; en-US; rv:1.9.0.18) Gecko/2010021501 Ubuntu/9.04 (jaunty) Firefox/3.0.18"
173.73.6.67 - - [11/May/2010:19:12:21 +0000] "GET /duradmin/data/spaces/contentItem?spaceId=awoods&contentId=eggnog-2009.jpeg HTTP/1.1" 200 685 "http://ec2-174-129-151-69.compute-1.amazonaws.com/duradmin/contents.htm?spaceId=awoods" "Mozilla/5.0 (X11; U; Linux i686; en-US; rv:1.9.0.18) Gecko/2010021501 Ubuntu/9.04 (jaunty) Firefox/3.0.18"
173.73.6.67 - - [11/May/2010:19:12:22 +0000] "GET /duradmin/images/generic-thumb-text.png HTTP/1.1" 200 22430 "http://ec2-174-129-151-69.compute-1.amazonaws.com/duradmin/contents.htm?spaceId=awoods" "Mozilla/5.0 (X11; U; Linux i686; en-US; rv:1.9.0.18) Gecko/2010021501 Ubuntu/9.04 (jaunty) Firefox/3.0.18"
10.192.165.219 - - [11/May/2010:19:12:22 +0000] "GET /durastore/stores HTTP/1.1" 200 306 "-" "Jakarta Commons-HttpClient/3.1"
173.73.6.67 - - [11/May/2010:19:12:20 +0000] "GET /duradmin/data/spaces/contentItem?spaceId=awoods&contentId=DSCN0390.JPG HTTP/1.1" 200 627 "http://ec2-174-129-151-69.compute-1.amazonaws.com/duradmin/contents.htm?spaceId=awoods" "Mozilla/5.0 (X11; U; Linux i686; en-US; rv:1.9.0.18) Gecko/2010021501 Ubuntu/9.04 (jaunty) Firefox/3.0.18"
173.73.6.67 - - [11/May/2010:19:12:22 +0000] "GET /duradmin/images/generic-thumb-image.png HTTP/1.1" 200 11454 "http://ec2-174-129-151-69.compute-1.amazonaws.com/duradmin/contents.htm?spaceId=awoods" "Mozilla/5.0 (X11; U; Linux i686; en-US; rv:1.9.0.18) Gecko/2010021501 Ubuntu/9.04 (jaunty) Firefox/3.0.18"
173.73.6.67 - - [11/May/2010:19:12:20 +0000] "GET /duradmin/data/spaces/contentItem?spaceId=awoods&contentId=Forrester_Wave__US_Online_Video_Platforms.pdf HTTP/1.1" 200 770 "http://ec2-174-129-151-69.compute-1.amazonaws.com/duradmin/contents.htm?spaceId=awoods" "Mozilla/5.0 (X11; U; Linux i686; en-US; rv:1.9.0.18) Gecko/2010021501 Ubuntu/9.04 (jaunty) Firefox/3.0.18"
173.73.6.67 - - [11/May/2010:19:12:21 +0000] "GET /duradmin/data/spaces/contentItem?spaceId=awoods&contentId=duracloud-cni-prezi.zip HTTP/1.1" 200 677 "http://ec2-174-129-151-69.compute-1.amazonaws.com/duradmin/contents.htm?spaceId=awoods" "Mozilla/5.0 (X11; U; Linux i686; en-US; rv:1.9.0.18) Gecko/2010021501 Ubuntu/9.04 (jaunty) Firefox/3.0.18"
173.73.6.67 - - [11/May/2010:19:12:22 +0000] "GET /duradmin/images/generic-thumb-other.png HTTP/1.1" 200 5276 "http://ec2-174-129-151-69.compute-1.amazonaws.com/duradmin/contents.htm?spaceId=awoods" "Mozilla/5.0 (X11; U; Linux i686; en-US; rv:1.9.0.18) Gecko/2010021501 Ubuntu/9.04 (jaunty) Firefox/3.0.18"
173.73.6.67 - - [11/May/2010:19:12:20 +0000] "GET /duradmin/data/spaces/contentItem?spaceId=awoods&contentId=chambersencyclop05londuoft-error.txt HTTP/1.1" 200 718 "http://ec2-174-129-151-69.compute-1.amazonaws.com/duradmin/contents.htm?spaceId=awoods" "Mozilla/5.0 (X11; U; Linux i686; en-US; rv:1.9.0.18) Gecko/2010021501 Ubuntu/9.04 (jaunty) Firefox/3.0.18"
10.192.165.219 - - [11/May/2010:19:12:22 +0000] "GET /durastore/awoods/chambersencyclop05londuoft-error.txt?storeID=0 HTTP/1.1" 200 7102 "-" "Jakarta Commons-HttpClient/3.1"
10.192.165.219 - - [11/May/2010:19:12:23 +0000] "GET /durastore/stores HTTP/1.1" 200 306 "-" "Jakarta Commons-HttpClient/3.1"
10.192.165.219 - - [11/May/2010:19:12:23 +0000] "GET /durastore/stores HTTP/1.1" 200 306 "-" "Jakarta Commons-HttpClient/3.1"
10.192.165.219 - - [11/May/2010:19:12:23 +0000] "GET /durastore/stores HTTP/1.1" 200 306 "-" "Jakarta Commons-HttpClient/3.1"
173.73.6.67 - - [11/May/2010:19:12:23 +0000] "GET /duradmin/services HTTP/1.1" 200 2368 "http://ec2-174-129-151-69.compute-1.amazonaws.com/duradmin/contents.htm?spaceId=awoods" "Mozilla/5.0 (X11; U; Linux i686; en-US; rv:1.9.0.18) Gecko/2010021501 Ubuntu/9.04 (jaunty) Firefox/3.0.18"
10.192.165.219 - - [11/May/2010:19:12:20 +0000] "GET /durastore/awoods/DSCN0390.JPG?storeID=0 HTTP/1.1" 200 171864 "-" "Jakarta Commons-HttpClient/3.1"
10.192.165.219 - - [11/May/2010:19:12:21 +0000] "GET /durastore/awoods/duracloud-cni-prezi.zip?storeID=0 HTTP/1.1" 200 171864 "-" "Jakarta Commons-HttpClient/3.1"
10.192.165.219 - - [11/May/2010:19:12:21 +0000] "GET /durastore/awoods/Forrester_Wave__US_Online_Video_Platforms.pdf?storeID=0 HTTP/1.1" 200 171864 "-" "Jakarta Commons-HttpClient/3.1"
10.192.165.219 - - [11/May/2010:19:12:21 +0000] "GET /durastore/awoods/eggnog-2009.jpeg?storeID=0 HTTP/1.1" 200 171864 "-" "Jakarta Commons-HttpClient/3.1"
127.0.0.1 - - [11/May/2010:19:12:24 +0000] "OPTIONS * HTTP/1.0" 200 - "-" "Apache/2.2.9 (Ubuntu) mod_jk/1.2.26 (internal dummy connection)"
173.73.6.67 - - [11/May/2010:19:12:21 +0000] "GET /duradmin/data/spaces/contentItem?spaceId=awoods&contentId=new.pdf HTTP/1.1" 200 618 "http://ec2-174-129-151-69.compute-1.amazonaws.com/duradmin/contents.htm?spaceId=awoods" "Mozilla/5.0 (X11; U; Linux i686; en-US; rv:1.9.0.18) Gecko/2010021501 Ubuntu/9.04 (jaunty) Firefox/3.0.18"
173.73.6.67 - - [11/May/2010:19:12:24 +0000] "GET /duradmin/services?format=json&show=deployed HTTP/1.1" 200 11 "http://ec2-174-129-151-69.compute-1.amazonaws.com/duradmin/services" "Mozilla/5.0 (X11; U; Linux i686; en-US; rv:1.9.0.18) Gecko/2010021501 Ubuntu/9.04 (jaunty) Firefox/3.0.18"
127.0.0.1 - - [11/May/2010:19:12:25 +0000] "OPTIONS * HTTP/1.0" 200 - "-" "Apache/2.2.9 (Ubuntu) mod_jk/1.2.26 (internal dummy connection)"
10.192.165.219 - - [11/May/2010:19:12:25 +0000] "GET /durastore/stores HTTP/1.1" 200 306 "-" "Jakarta Commons-HttpClient/3.1"
10.192.165.219 - - [11/May/2010:19:12:25 +0000] "GET /durastore/stores HTTP/1.1" 200 306 "-" "Jakarta Commons-HttpClient/3.1"
10.192.165.219 - - [11/May/2010:19:12:25 +0000] "GET /durastore/stores HTTP/1.1" 200 306 "-" "Jakarta Commons-HttpClient/3.1"
10.192.165.219 - - [11/May/2010:19:12:25 +0000] "GET /durastore/stores HTTP/1.1" 200 306 "-" "Jakarta Commons-HttpClient/3.1"
10.192.165.219 - - [11/May/2010:19:12:25 +0000] "GET /durastore/stores HTTP/1.1" 200 306 "-" "Jakarta Commons-HttpClient/3.1"
10.192.165.219 - - [11/May/2010:19:12:25 +0000] "GET /durastore/stores HTTP/1.1" 200 306 "-" "Jakarta Commons-HttpClient/3.1"
10.192.165.219 - - [11/May/2010:19:12:25 +0000] "GET /durastore/stores HTTP/1.1" 200 306 "-" "Jakarta Commons-HttpClient/3.1"
10.192.165.219 - - [11/May/2010:19:12:25 +0000] "GET /durastore/stores HTTP/1.1" 200 306 "-" "Jakarta Commons-HttpClient/3.1"
10.192.165.219 - - [11/May/2010:19:12:25 +0000] "GET /durastore/stores HTTP/1.1" 200 306 "-" "Jakarta Commons-HttpClient/3.1"
10.192.165.219 - - [11/May/2010:19:12:25 +0000] "GET /durastore/spaces?storeID=0 HTTP/1.1" 200 602 "-" "Jakarta Commons-HttpClient/3.1"
10.192.165.219 - - [11/May/2010:19:12:25 +0000] "GET /durastore/stores HTTP/1.1" 200 306 "-" "Jakarta Commons-HttpClient/3.1"
10.192.165.219 - - [11/May/2010:19:12:25 +0000] "GET /durastore/spaces?storeID=0 HTTP/1.1" 200 602 "-" "Jakarta Commons-HttpClient/3.1"
173.73.6.67 - - [11/May/2010:19:12:24 +0000] "GET /duradmin/services?format=json&show=available HTTP/1.1" 200 8283 "http://ec2-174-129-151-69.compute-1.amazonaws.com/duradmin/services" "Mozilla/5.0 (X11; U; Linux i686; en-US; rv:1.9.0.18) Gecko/2010021501 Ubuntu/9.04 (jaunty) Firefox/3.0.18"
173.73.6.67 - - [11/May/2010:19:12:29 +0000] "GET /duradmin/services/deploy?serviceId=3 HTTP/1.1" 302 - "http://ec2-174-129-151-69.compute-1.amazonaws.com/duradmin/services" "Mozilla/5.0 (X11; U; Linux i686; en-US; rv:1.9.0.18) Gecko/2010021501 Ubuntu/9.04 (jaunty) Firefox/3.0.18"
10.192.165.219 - - [11/May/2010:19:12:30 +0000] "GET /durastore/stores HTTP/1.1" 200 306 "-" "Jakarta Commons-HttpClient/3.1"
10.192.165.219 - - [11/May/2010:19:12:30 +0000] "GET /durastore/stores HTTP/1.1" 200 306 "-" "Jakarta Commons-HttpClient/3.1"
10.192.165.219 - - [11/May/2010:19:12:30 +0000] "GET /durastore/stores HTTP/1.1" 200 306 "-" "Jakarta Commons-HttpClient/3.1"
173.73.6.67 - - [11/May/2010:19:12:30 +0000] "GET /duradmin/services/deploy?execution=e1s1 HTTP/1.1" 200 2554 "http://ec2-174-129-151-69.compute-1.amazonaws.com/duradmin/services" "Mozilla/5.0 (X11; U; Linux i686; en-US; rv:1.9.0.18) Gecko/2010021501 Ubuntu/9.04 (jaunty) Firefox/3.0.18"
173.73.6.67 - - [11/May/2010:19:12:32 +0000] "POST /duradmin/services/deploy?execution=e1s1 HTTP/1.1" 302 - "http://ec2-174-129-151-69.compute-1.amazonaws.com/duradmin/services/deploy?execution=e1s1" "Mozilla/5.0 (X11; U; Linux i686; en-US; rv:1.9.0.18) Gecko/2010021501 Ubuntu/9.04 (jaunty) Firefox/3.0.18"
10.192.165.219 - - [11/May/2010:19:12:32 +0000] "GET /durastore/stores HTTP/1.1" 200 306 "-" "Jakarta Commons-HttpClient/3.1"
10.192.165.219 - - [11/May/2010:19:12:32 +0000] "GET /durastore/stores HTTP/1.1" 200 306 "-" "Jakarta Commons-HttpClient/3.1"
10.192.165.219 - - [11/May/2010:19:12:32 +0000] "GET /durastore/stores HTTP/1.1" 200 306 "-" "Jakarta Commons-HttpClient/3.1"
173.73.6.67 - - [11/May/2010:19:12:32 +0000] "GET /duradmin/services/deploy?execution=e1s2 HTTP/1.1" 200 2435 "http://ec2-174-129-151-69.compute-1.amazonaws.com/duradmin/services/deploy?execution=e1s1" "Mozilla/5.0 (X11; U; Linux i686; en-US; rv:1.9.0.18) Gecko/2010021501 Ubuntu/9.04 (jaunty) Firefox/3.0.18"
173.73.6.67 - - [11/May/2010:19:12:34 +0000] "GET /duradmin/dijit/themes/tundra/images/titleBar.png HTTP/1.1" 200 151 "http://ec2-174-129-151-69.compute-1.amazonaws.com/duradmin/dijit/themes/tundra/tundra.css" "Mozilla/5.0 (X11; U; Linux i686; en-US; rv:1.9.0.18) Gecko/2010021501 Ubuntu/9.04 (jaunty) Firefox/3.0.18"
173.73.6.67 - - [11/May/2010:19:12:34 +0000] "GET /duradmin/dijit/themes/tundra/images/tabClose.png HTTP/1.1" 200 220 "http://ec2-174-129-151-69.compute-1.amazonaws.com/duradmin/dijit/themes/tundra/tundra.css" "Mozilla/5.0 (X11; U; Linux i686; en-US; rv:1.9.0.18) Gecko/2010021501 Ubuntu/9.04 (jaunty) Firefox/3.0.18"
127.0.0.1 - - [11/May/2010:19:12:41 +0000] "OPTIONS * HTTP/1.0" 200 - "-" "Apache/2.2.9 (Ubuntu) mod_jk/1.2.26 (internal dummy connection)"
173.73.6.67 - - [11/May/2010:19:12:34 +0000] "POST /duradmin/services/deploy?execution=e1s2 HTTP/1.1" 302 - "http://ec2-174-129-151-69.compute-1.amazonaws.com/duradmin/services/deploy?execution=e1s2" "Mozilla/5.0 (X11; U; Linux i686; en-US; rv:1.9.0.18) Gecko/2010021501 Ubuntu/9.04 (jaunty) Firefox/3.0.18"
127.0.0.1 - - [11/May/2010:19:12:42 +0000] "OPTIONS * HTTP/1.0" 200 - "-" "Apache/2.2.9 (Ubuntu) mod_jk/1.2.26 (internal dummy connection)"
10.192.165.219 - - [11/May/2010:19:12:42 +0000] "GET /durastore/stores HTTP/1.1" 200 306 "-" "Jakarta Commons-HttpClient/3.1"
10.192.165.219 - - [11/May/2010:19:12:42 +0000] "GET /durastore/stores HTTP/1.1" 200 306 "-" "Jakarta Commons-HttpClient/3.1"
173.73.6.67 - - [11/May/2010:19:12:42 +0000] "GET /duradmin/services?redirectKey=1273605161571 HTTP/1.1" 200 2399 "http://ec2-174-129-151-69.compute-1.amazonaws.com/duradmin/services/deploy?execution=e1s2" "Mozilla/5.0 (X11; U; Linux i686; en-US; rv:1.9.0.18) Gecko/2010021501 Ubuntu/9.04 (jaunty) Firefox/3.0.18"
10.192.165.219 - - [11/May/2010:19:12:42 +0000] "GET /durastore/stores HTTP/1.1" 200 306 "-" "Jakarta Commons-HttpClient/3.1"
127.0.0.1 - - [11/May/2010:19:12:43 +0000] "OPTIONS * HTTP/1.0" 200 - "-" "Apache/2.2.9 (Ubuntu) mod_jk/1.2.26 (internal dummy connection)"
173.73.6.67 - - [11/May/2010:19:12:43 +0000] "GET /duradmin/services?format=json&show=deployed HTTP/1.1" 200 743 "http://ec2-174-129-151-69.compute-1.amazonaws.com/duradmin/services?redirectKey=1273605161571" "Mozilla/5.0 (X11; U; Linux i686; en-US; rv:1.9.0.18) Gecko/2010021501 Ubuntu/9.04 (jaunty) Firefox/3.0.18"
173.73.6.67 - - [11/May/2010:19:12:43 +0000] "GET /duradmin/data/services/deployment/properties?serviceInfoId=3&deploymentId=1 HTTP/1.1" 200 114 "http://ec2-174-129-151-69.compute-1.amazonaws.com/duradmin/services?redirectKey=1273605161571" "Mozilla/5.0 (X11; U; Linux i686; en-US; rv:1.9.0.18) Gecko/2010021501 Ubuntu/9.04 (jaunty) Firefox/3.0.18"
10.192.165.219 - - [11/May/2010:19:12:43 +0000] "GET /durastore/stores HTTP/1.1" 200 306 "-" "Jakarta Commons-HttpClient/3.1"
10.192.165.219 - - [11/May/2010:19:12:43 +0000] "GET /durastore/stores HTTP/1.1" 200 306 "-" "Jakarta Commons-HttpClient/3.1"
10.192.165.219 - - [11/May/2010:19:12:43 +0000] "GET /durastore/stores HTTP/1.1" 200 306 "-" "Jakarta Commons-HttpClient/3.1"
10.192.165.219 - - [11/May/2010:19:12:43 +0000] "GET /durastore/stores HTTP/1.1" 200 306 "-" "Jakarta Commons-HttpClient/3.1"
10.192.165.219 - - [11/May/2010:19:12:43 +0000] "GET /durastore/stores HTTP/1.1" 200 306 "-" "Jakarta Commons-HttpClient/3.1"
10.192.165.219 - - [11/May/2010:19:12:43 +0000] "GET /durastore/stores HTTP/1.1" 200 306 "-" "Jakarta Commons-HttpClient/3.1"
10.192.165.219 - - [11/May/2010:19:12:43 +0000] "GET /durastore/stores HTTP/1.1" 200 306 "-" "Jakarta Commons-HttpClient/3.1"
10.192.165.219 - - [11/May/2010:19:12:43 +0000] "GET /durastore/stores HTTP/1.1" 200 306 "-" "Jakarta Commons-HttpClient/3.1"
10.192.165.219 - - [11/May/2010:19:12:44 +0000] "GET /durastore/stores HTTP/1.1" 200 306 "-" "Jakarta Commons-HttpClient/3.1"
10.192.165.219 - - [11/May/2010:19:12:44 +0000] "GET /durastore/spaces?storeID=0 HTTP/1.1" 200 602 "-" "Jakarta Commons-HttpClient/3.1"
10.192.165.219 - - [11/May/2010:19:12:44 +0000] "GET /durastore/stores HTTP/1.1" 200 306 "-" "Jakarta Commons-HttpClient/3.1"
127.0.0.1 - - [11/May/2010:19:12:44 +0000] "OPTIONS * HTTP/1.0" 200 - "-" "Apache/2.2.9 (Ubuntu) mod_jk/1.2.26 (internal dummy connection)"
10.192.165.219 - - [11/May/2010:19:12:44 +0000] "GET /durastore/spaces?storeID=0 HTTP/1.1" 200 602 "-" "Jakarta Commons-HttpClient/3.1"
173.73.6.67 - - [11/May/2010:19:12:43 +0000] "GET /duradmin/services?format=json&show=available HTTP/1.1" 200 7653 "http://ec2-174-129-151-69.compute-1.amazonaws.com/duradmin/services?redirectKey=1273605161571" "Mozilla/5.0 (X11; U; Linux i686; en-US; rv:1.9.0.18) Gecko/2010021501 Ubuntu/9.04 (jaunty) Firefox/3.0.18"
127.0.0.1 - - [11/May/2010:19:12:45 +0000] "OPTIONS * HTTP/1.0" 200 - "-" "Apache/2.2.9 (Ubuntu) mod_jk/1.2.26 (internal dummy connection)"
173.73.6.67 - - [11/May/2010:19:12:46 +0000] "GET /duradmin/dijit/themes/tundra/images/tabHover.gif HTTP/1.1" 200 156 "http://ec2-174-129-151-69.compute-1.amazonaws.com/duradmin/dijit/themes/tundra/tundra.css" "Mozilla/5.0 (X11; U; Linux i686; en-US; rv:1.9.0.18) Gecko/2010021501 Ubuntu/9.04 (jaunty) Firefox/3.0.18"
173.73.6.67 - - [11/May/2010:19:12:48 +0000] "GET /duradmin/services/deploy?serviceId=5 HTTP/1.1" 302 - "http://ec2-174-129-151-69.compute-1.amazonaws.com/duradmin/services?redirectKey=1273605161571" "Mozilla/5.0 (X11; U; Linux i686; en-US; rv:1.9.0.18) Gecko/2010021501 Ubuntu/9.04 (jaunty) Firefox/3.0.18"
10.192.165.219 - - [11/May/2010:19:12:50 +0000] "GET /durastore/stores HTTP/1.1" 200 306 "-" "Jakarta Commons-HttpClient/3.1"
10.192.165.219 - - [11/May/2010:19:12:50 +0000] "GET /durastore/stores HTTP/1.1" 200 306 "-" "Jakarta Commons-HttpClient/3.1"
173.73.6.67 - - [11/May/2010:19:12:50 +0000] "GET /duradmin/services/deploy?execution=e2s1 HTTP/1.1" 200 2549 "http://ec2-174-129-151-69.compute-1.amazonaws.com/duradmin/services?redirectKey=1273605161571" "Mozilla/5.0 (X11; U; Linux i686; en-US; rv:1.9.0.18) Gecko/2010021501 Ubuntu/9.04 (jaunty) Firefox/3.0.18"
10.192.165.219 - - [11/May/2010:19:12:50 +0000] "GET /durastore/stores HTTP/1.1" 200 306 "-" "Jakarta Commons-HttpClient/3.1"
173.73.6.67 - - [11/May/2010:19:12:55 +0000] "POST /duradmin/services/deploy?execution=e2s1 HTTP/1.1" 302 - "http://ec2-174-129-151-69.compute-1.amazonaws.com/duradmin/services/deploy?execution=e2s1" "Mozilla/5.0 (X11; U; Linux i686; en-US; rv:1.9.0.18) Gecko/2010021501 Ubuntu/9.04 (jaunty) Firefox/3.0.18"
10.192.165.219 - - [11/May/2010:19:12:55 +0000] "GET /durastore/stores HTTP/1.1" 200 306 "-" "Jakarta Commons-HttpClient/3.1"
10.192.165.219 - - [11/May/2010:19:12:55 +0000] "GET /durastore/stores HTTP/1.1" 200 306 "-" "Jakarta Commons-HttpClient/3.1"
10.192.165.219 - - [11/May/2010:19:12:55 +0000] "GET /durastore/stores HTTP/1.1" 200 306 "-" "Jakarta Commons-HttpClient/3.1"
173.73.6.67 - - [11/May/2010:19:12:55 +0000] "GET /duradmin/services/deploy?execution=e2s2 HTTP/1.1" 200 2430 "http://ec2-174-129-151-69.compute-1.amazonaws.com/duradmin/services/deploy?execution=e2s1" "Mozilla/5.0 (X11; U; Linux i686; en-US; rv:1.9.0.18) Gecko/2010021501 Ubuntu/9.04 (jaunty) Firefox/3.0.18"
173.73.6.67 - - [11/May/2010:19:12:57 +0000] "GET /duradmin/dijit/themes/tundra/images/titleBar.png HTTP/1.1" 200 151 "http://ec2-174-129-151-69.compute-1.amazonaws.com/duradmin/dijit/themes/tundra/tundra.css" "Mozilla/5.0 (X11; U; Linux i686; en-US; rv:1.9.0.18) Gecko/2010021501 Ubuntu/9.04 (jaunty) Firefox/3.0.18"
173.73.6.67 - - [11/May/2010:19:12:57 +0000] "GET /duradmin/dijit/themes/tundra/images/tabClose.png HTTP/1.1" 200 220 "http://ec2-174-129-151-69.compute-1.amazonaws.com/duradmin/dijit/themes/tundra/tundra.css" "Mozilla/5.0 (X11; U; Linux i686; en-US; rv:1.9.0.18) Gecko/2010021501 Ubuntu/9.04 (jaunty) Firefox/3.0.18"
127.0.0.1 - - [11/May/2010:19:13:01 +0000] "OPTIONS * HTTP/1.0" 200 - "-" "Apache/2.2.9 (Ubuntu) mod_jk/1.2.26 (internal dummy connection)"
127.0.0.1 - - [11/May/2010:19:13:02 +0000] "OPTIONS * HTTP/1.0" 200 - "-" "Apache/2.2.9 (Ubuntu) mod_jk/1.2.26 (internal dummy connection)"
127.0.0.1 - - [11/May/2010:19:13:03 +0000] "OPTIONS * HTTP/1.0" 200 - "-" "Apache/2.2.9 (Ubuntu) mod_jk/1.2.26 (internal dummy connection)"
127.0.0.1 - - [11/May/2010:19:13:04 +0000] "OPTIONS * HTTP/1.0" 200 - "-" "Apache/2.2.9 (Ubuntu) mod_jk/1.2.26 (internal dummy connection)"
127.0.0.1 - - [11/May/2010:19:13:05 +0000] "OPTIONS * HTTP/1.0" 200 - "-" "Apache/2.2.9 (Ubuntu) mod_jk/1.2.26 (internal dummy connection)"
127.0.0.1 - - [11/May/2010:19:13:06 +0000] "OPTIONS * HTTP/1.0" 200 - "-" "Apache/2.2.9 (Ubuntu) mod_jk/1.2.26 (internal dummy connection)"
127.0.0.1 - - [11/May/2010:19:13:07 +0000] "OPTIONS * HTTP/1.0" 200 - "-" "Apache/2.2.9 (Ubuntu) mod_jk/1.2.26 (internal dummy connection)"
127.0.0.1 - - [11/May/2010:19:13:08 +0000] "OPTIONS * HTTP/1.0" 200 - "-" "Apache/2.2.9 (Ubuntu) mod_jk/1.2.26 (internal dummy connection)"
127.0.0.1 - - [11/May/2010:19:13:09 +0000] "OPTIONS * HTTP/1.0" 200 - "-" "Apache/2.2.9 (Ubuntu) mod_jk/1.2.26 (internal dummy connection)"
127.0.0.1 - - [11/May/2010:19:13:10 +0000] "OPTIONS * HTTP/1.0" 200 - "-" "Apache/2.2.9 (Ubuntu) mod_jk/1.2.26 (internal dummy connection)"
127.0.0.1 - - [11/May/2010:19:13:11 +0000] "OPTIONS * HTTP/1.0" 200 - "-" "Apache/2.2.9 (Ubuntu) mod_jk/1.2.26 (internal dummy connection)"
127.0.0.1 - - [11/May/2010:19:13:12 +0000] "OPTIONS * HTTP/1.0" 200 - "-" "Apache/2.2.9 (Ubuntu) mod_jk/1.2.26 (internal dummy connection)"
127.0.0.1 - - [11/May/2010:19:13:13 +0000] "OPTIONS * HTTP/1.0" 200 - "-" "Apache/2.2.9 (Ubuntu) mod_jk/1.2.26 (internal dummy connection)"
127.0.0.1 - - [11/May/2010:19:13:14 +0000] "OPTIONS * HTTP/1.0" 200 - "-" "Apache/2.2.9 (Ubuntu) mod_jk/1.2.26 (internal dummy connection)"
127.0.0.1 - - [11/May/2010:19:13:15 +0000] "OPTIONS * HTTP/1.0" 200 - "-" "Apache/2.2.9 (Ubuntu) mod_jk/1.2.26 (internal dummy connection)"
127.0.0.1 - - [11/May/2010:19:13:16 +0000] "OPTIONS * HTTP/1.0" 200 - "-" "Apache/2.2.9 (Ubuntu) mod_jk/1.2.26 (internal dummy connection)"
127.0.0.1 - - [11/May/2010:19:13:17 +0000] "OPTIONS * HTTP/1.0" 200 - "-" "Apache/2.2.9 (Ubuntu) mod_jk/1.2.26 (internal dummy connection)"
127.0.0.1 - - [11/May/2010:19:13:18 +0000] "OPTIONS * HTTP/1.0" 200 - "-" "Apache/2.2.9 (Ubuntu) mod_jk/1.2.26 (internal dummy connection)"
127.0.0.1 - - [11/May/2010:19:13:21 +0000] "OPTIONS * HTTP/1.0" 200 - "-" "Apache/2.2.9 (Ubuntu) mod_jk/1.2.26 (internal dummy connection)"
127.0.0.1 - - [11/May/2010:19:13:22 +0000] "OPTIONS * HTTP/1.0" 200 - "-" "Apache/2.2.9 (Ubuntu) mod_jk/1.2.26 (internal dummy connection)"
173.73.6.67 - - [11/May/2010:19:12:57 +0000] "POST /duradmin/services/deploy?execution=e2s2 HTTP/1.1" 302 - "http://ec2-174-129-151-69.compute-1.amazonaws.com/duradmin/services/deploy?execution=e2s2" "Mozilla/5.0 (X11; U; Linux i686; en-US; rv:1.9.0.18) Gecko/2010021501 Ubuntu/9.04 (jaunty) Firefox/3.0.18"
10.192.165.219 - - [11/May/2010:19:13:37 +0000] "GET /durastore/stores HTTP/1.1" 200 306 "-" "Jakarta Commons-HttpClient/3.1"
10.192.165.219 - - [11/May/2010:19:13:37 +0000] "GET /durastore/stores HTTP/1.1" 200 306 "-" "Jakarta Commons-HttpClient/3.1"
10.192.165.219 - - [11/May/2010:19:13:37 +0000] "GET /durastore/stores HTTP/1.1" 200 306 "-" "Jakarta Commons-HttpClient/3.1"
173.73.6.67 - - [11/May/2010:19:13:37 +0000] "GET /duradmin/services?redirectKey=1273605217470 HTTP/1.1" 200 2399 "http://ec2-174-129-151-69.compute-1.amazonaws.com/duradmin/services/deploy?execution=e2s2" "Mozilla/5.0 (X11; U; Linux i686; en-US; rv:1.9.0.18) Gecko/2010021501 Ubuntu/9.04 (jaunty) Firefox/3.0.18"
173.73.6.67 - - [11/May/2010:19:13:38 +0000] "GET /duradmin/services?format=json&show=deployed HTTP/1.1" 200 1459 "http://ec2-174-129-151-69.compute-1.amazonaws.com/duradmin/services?redirectKey=1273605217470" "Mozilla/5.0 (X11; U; Linux i686; en-US; rv:1.9.0.18) Gecko/2010021501 Ubuntu/9.04 (jaunty) Firefox/3.0.18"
173.73.6.67 - - [11/May/2010:19:13:38 +0000] "GET /duradmin/data/services/deployment/properties?serviceInfoId=3&deploymentId=1 HTTP/1.1" 200 114 "http://ec2-174-129-151-69.compute-1.amazonaws.com/duradmin/services?redirectKey=1273605217470" "Mozilla/5.0 (X11; U; Linux i686; en-US; rv:1.9.0.18) Gecko/2010021501 Ubuntu/9.04 (jaunty) Firefox/3.0.18"
173.73.6.67 - - [11/May/2010:19:13:38 +0000] "GET /duradmin/data/services/deployment/properties?serviceInfoId=5&deploymentId=2 HTTP/1.1" 200 175 "http://ec2-174-129-151-69.compute-1.amazonaws.com/duradmin/services?redirectKey=1273605217470" "Mozilla/5.0 (X11; U; Linux i686; en-US; rv:1.9.0.18) Gecko/2010021501 Ubuntu/9.04 (jaunty) Firefox/3.0.18"
10.192.165.219 - - [11/May/2010:19:13:39 +0000] "GET /durastore/stores HTTP/1.1" 200 306 "-" "Jakarta Commons-HttpClient/3.1"
10.192.165.219 - - [11/May/2010:19:13:39 +0000] "GET /durastore/stores HTTP/1.1" 200 306 "-" "Jakarta Commons-HttpClient/3.1"
10.192.165.219 - - [11/May/2010:19:13:39 +0000] "GET /durastore/stores HTTP/1.1" 200 306 "-" "Jakarta Commons-HttpClient/3.1"
10.192.165.219 - - [11/May/2010:19:13:39 +0000] "GET /durastore/stores HTTP/1.1" 200 306 "-" "Jakarta Commons-HttpClient/3.1"
10.192.165.219 - - [11/May/2010:19:13:39 +0000] "GET /durastore/stores HTTP/1.1" 200 306 "-" "Jakarta Commons-HttpClient/3.1"
10.192.165.219 - - [11/May/2010:19:13:39 +0000] "GET /durastore/stores HTTP/1.1" 200 306 "-" "Jakarta Commons-HttpClient/3.1"
10.192.165.219 - - [11/May/2010:19:13:40 +0000] "GET /durastore/stores HTTP/1.1" 200 306 "-" "Jakarta Commons-HttpClient/3.1"
10.192.165.219 - - [11/May/2010:19:13:40 +0000] "GET /durastore/stores HTTP/1.1" 200 306 "-" "Jakarta Commons-HttpClient/3.1"
10.192.165.219 - - [11/May/2010:19:13:41 +0000] "GET /durastore/stores HTTP/1.1" 200 306 "-" "Jakarta Commons-HttpClient/3.1"
10.192.165.219 - - [11/May/2010:19:13:41 +0000] "GET /durastore/spaces?storeID=0 HTTP/1.1" 200 602 "-" "Jakarta Commons-HttpClient/3.1"
10.192.165.219 - - [11/May/2010:19:13:41 +0000] "GET /durastore/stores HTTP/1.1" 200 306 "-" "Jakarta Commons-HttpClient/3.1"
173.73.6.67 - - [11/May/2010:19:13:38 +0000] "GET /duradmin/services?format=json&show=available HTTP/1.1" 200 7040 "http://ec2-174-129-151-69.compute-1.amazonaws.com/duradmin/services?redirectKey=1273605217470" "Mozilla/5.0 (X11; U; Linux i686; en-US; rv:1.9.0.18) Gecko/2010021501 Ubuntu/9.04 (jaunty) Firefox/3.0.18"
10.192.165.219 - - [11/May/2010:19:13:41 +0000] "GET /durastore/spaces?storeID=0 HTTP/1.1" 200 602 "-" "Jakarta Commons-HttpClient/3.1"
10.192.165.219 - - [11/May/2010:19:13:47 +0000] "GET /durastore/stores HTTP/1.1" 200 306 "-" "Jakarta Commons-HttpClient/3.1"
10.192.165.219 - - [11/May/2010:19:13:47 +0000] "GET /durastore/spaces?storeID=0 HTTP/1.1" 200 602 "-" "Jakarta Commons-HttpClient/3.1"
10.192.165.219 - - [11/May/2010:19:13:47 +0000] "GET /durastore/stores HTTP/1.1" 200 306 "-" "Jakarta Commons-HttpClient/3.1"
10.192.165.219 - - [11/May/2010:19:13:47 +0000] "GET /durastore/stores HTTP/1.1" 200 306 "-" "Jakarta Commons-HttpClient/3.1"
173.73.6.67 - - [11/May/2010:19:13:47 +0000] "GET /duradmin/spaces.htm HTTP/1.1" 200 3068 "http://ec2-174-129-151-69.compute-1.amazonaws.com/duradmin/services?redirectKey=1273605217470" "Mozilla/5.0 (X11; U; Linux i686; en-US; rv:1.9.0.18) Gecko/2010021501 Ubuntu/9.04 (jaunty) Firefox/3.0.18"
10.192.165.219 - - [11/May/2010:19:13:47 +0000] "GET /durastore/stores HTTP/1.1" 200 306 "-" "Jakarta Commons-HttpClient/3.1"
10.192.165.219 - - [11/May/2010:19:13:48 +0000] "GET /durastore/stores HTTP/1.1" 200 306 "-" "Jakarta Commons-HttpClient/3.1"
173.73.6.67 - - [11/May/2010:19:13:48 +0000] "GET /duradmin/data/spaces/space?spaceId=test-space-1 HTTP/1.1" 200 549 "http://ec2-174-129-151-69.compute-1.amazonaws.com/duradmin/spaces.htm" "Mozilla/5.0 (X11; U; Linux i686; en-US; rv:1.9.0.18) Gecko/2010021501 Ubuntu/9.04 (jaunty) Firefox/3.0.18"
10.192.165.219 - - [11/May/2010:19:13:48 +0000] "GET /durastore/test-space-1?storeID=0 HTTP/1.1" 200 553 "-" "Jakarta Commons-HttpClient/3.1"
127.0.0.1 - - [11/May/2010:19:13:50 +0000] "OPTIONS * HTTP/1.0" 200 - "-" "Apache/2.2.9 (Ubuntu) mod_jk/1.2.26 (internal dummy connection)"
127.0.0.1 - - [11/May/2010:19:13:51 +0000] "OPTIONS * HTTP/1.0" 200 - "-" "Apache/2.2.9 (Ubuntu) mod_jk/1.2.26 (internal dummy connection)"
127.0.0.1 - - [11/May/2010:19:13:52 +0000] "OPTIONS * HTTP/1.0" 200 - "-" "Apache/2.2.9 (Ubuntu) mod_jk/1.2.26 (internal dummy connection)"
10.192.165.219 - - [11/May/2010:19:13:53 +0000] "GET /durastore/stores HTTP/1.1" 200 306 "-" "Jakarta Commons-HttpClient/3.1"
10.192.165.219 - - [11/May/2010:19:13:53 +0000] "GET /durastore/stores HTTP/1.1" 200 306 "-" "Jakarta Commons-HttpClient/3.1"
127.0.0.1 - - [11/May/2010:19:13:53 +0000] "OPTIONS * HTTP/1.0" 200 - "-" "Apache/2.2.9 (Ubuntu) mod_jk/1.2.26 (internal dummy connection)"
10.192.165.219 - - [11/May/2010:19:13:53 +0000] "GET /durastore/awoods?maxResults=10&storeID=0 HTTP/1.1" 200 314 "-" "Jakarta Commons-HttpClient/3.1"
10.192.165.219 - - [11/May/2010:19:13:54 +0000] "GET /durastore/stores HTTP/1.1" 200 306 "-" "Jakarta Commons-HttpClient/3.1"
10.192.165.219 - - [11/May/2010:19:13:54 +0000] "GET /durastore/stores HTTP/1.1" 200 306 "-" "Jakarta Commons-HttpClient/3.1"
10.192.165.219 - - [11/May/2010:19:13:54 +0000] "GET /durastore/stores HTTP/1.1" 200 306 "-" "Jakarta Commons-HttpClient/3.1"
173.73.6.67 - - [11/May/2010:19:13:53 +0000] "GET /duradmin/contents.htm?spaceId=awoods HTTP/1.1" 200 4203 "http://ec2-174-129-151-69.compute-1.amazonaws.com/duradmin/spaces.htm" "Mozilla/5.0 (X11; U; Linux i686; en-US; rv:1.9.0.18) Gecko/2010021501 Ubuntu/9.04 (jaunty) Firefox/3.0.18"
10.192.165.219 - - [11/May/2010:19:13:54 +0000] "GET /durastore/stores HTTP/1.1" 200 306 "-" "Jakarta Commons-HttpClient/3.1"
127.0.0.1 - - [11/May/2010:19:13:54 +0000] "OPTIONS * HTTP/1.0" 200 - "-" "Apache/2.2.9 (Ubuntu) mod_jk/1.2.26 (internal dummy connection)"
10.192.165.219 - - [11/May/2010:19:13:55 +0000] "GET /durastore/stores HTTP/1.1" 200 306 "-" "Jakarta Commons-HttpClient/3.1"
127.0.0.1 - - [11/May/2010:19:13:55 +0000] "OPTIONS * HTTP/1.0" 200 - "-" "Apache/2.2.9 (Ubuntu) mod_jk/1.2.26 (internal dummy connection)"
127.0.0.1 - - [11/May/2010:19:13:56 +0000] "OPTIONS * HTTP/1.0" 200 - "-" "Apache/2.2.9 (Ubuntu) mod_jk/1.2.26 (internal dummy connection)"
173.73.6.67 - - [11/May/2010:19:13:55 +0000] "GET /duradmin/data/spaces/contentItem?spaceId=awoods&contentId=new.pdf HTTP/1.1" 200 618 "http://ec2-174-129-151-69.compute-1.amazonaws.com/duradmin/contents.htm?spaceId=awoods" "Mozilla/5.0 (X11; U; Linux i686; en-US; rv:1.9.0.18) Gecko/2010021501 Ubuntu/9.04 (jaunty) Firefox/3.0.18"
10.192.165.219 - - [11/May/2010:19:13:59 +0000] "GET /durastore/stores HTTP/1.1" 200 306 "-" "Jakarta Commons-HttpClient/3.1"
10.192.165.219 - - [11/May/2010:19:14:01 +0000] "GET /durastore/stores HTTP/1.1" 200 306 "-" "Jakarta Commons-HttpClient/3.1"
10.192.165.219 - - [11/May/2010:19:14:00 +0000] "GET /durastore/awoods/DSCN0390.JPG?storeID=0 HTTP/1.1" 200 171864 "-" "Jakarta Commons-HttpClient/3.1"
10.192.165.219 - - [11/May/2010:19:13:59 +0000] "GET /durastore/awoods/DSCN0390.JPG?storeID=0 HTTP/1.1" 200 171864 "-" "Jakarta Commons-HttpClient/3.1"
10.192.165.219 - - [11/May/2010:19:13:55 +0000] "GET /durastore/awoods/new.pdf?storeID=0 HTTP/1.1" 200 188232 "-" "Jakarta Commons-HttpClient/3.1"
127.0.0.1 - - [11/May/2010:19:14:01 +0000] "OPTIONS * HTTP/1.0" 200 - "-" "Apache/2.2.9 (Ubuntu) mod_jk/1.2.26 (internal dummy connection)"
10.192.165.219 - - [11/May/2010:19:14:01 +0000] "GET /durastore/stores HTTP/1.1" 200 306 "-" "Jakarta Commons-HttpClient/3.1"
10.192.165.219 - - [11/May/2010:19:14:01 +0000] "GET /durastore/stores HTTP/1.1" 200 306 "-" "Jakarta Commons-HttpClient/3.1"
173.73.6.67 - - [11/May/2010:19:13:59 +0000] "GET /duradmin/content.htm?spaceId=awoods&contentId=DSCN0390.JPG HTTP/1.1" 200 3812 "http://ec2-174-129-151-69.compute-1.amazonaws.com/duradmin/contents.htm?spaceId=awoods" "Mozilla/5.0 (X11; U; Linux i686; en-US; rv:1.9.0.18) Gecko/2010021501 Ubuntu/9.04 (jaunty) Firefox/3.0.18"
10.192.165.219 - - [11/May/2010:19:14:02 +0000] "GET /durastore/stores HTTP/1.1" 200 306 "-" "Jakarta Commons-HttpClient/3.1"
127.0.0.1 - - [11/May/2010:19:14:02 +0000] "OPTIONS * HTTP/1.0" 200 - "-" "Apache/2.2.9 (Ubuntu) mod_jk/1.2.26 (internal dummy connection)"
173.73.6.67 - - [11/May/2010:19:14:02 +0000] "GET /adore-djatoka-p18080/resolver?url_ver=Z39.88-2004&rft_id=http%3A//ec2-174-129-151-69.compute-1.amazonaws.com%3A80/durastore/awoods/DSCN0390.JPG%3FstoreID%3D0&svc_id=info:lanl-repo/svc/getRegion&svc_val_fmt=info:ofi/fmt:kev:mtx:jpeg2000&svc.format=image/png&svc.level=2&svc.rotate=0&svc.region=0,0,500,500 HTTP/1.1" 302 459 "http://ec2-174-129-151-69.compute-1.amazonaws.com/duradmin/content.htm?spaceId=awoods&contentId=DSCN0390.JPG" "Mozilla/5.0 (X11; U; Linux i686; en-US; rv:1.9.0.18) Gecko/2010021501 Ubuntu/9.04 (jaunty) Firefox/3.0.18"
127.0.0.1 - - [11/May/2010:19:14:03 +0000] "OPTIONS * HTTP/1.0" 200 - "-" "Apache/2.2.9 (Ubuntu) mod_jk/1.2.26 (internal dummy connection)"
127.0.0.1 - - [11/May/2010:19:14:03 +0000] "GET /durastore/stores HTTP/1.1" 200 306 "-" "Jakarta Commons-HttpClient/3.1"
127.0.0.1 - - [11/May/2010:19:14:03 +0000] "HEAD /durastore/awoods?storeID=0 HTTP/1.1" 200 - "-" "Jakarta Commons-HttpClient/3.1"
10.192.165.219 - - [11/May/2010:19:14:03 +0000] "GET /durastore/awoods/DSCN0390.JPG?storeID=0 HTTP/1.1" 200 73656 "-" "Java/1.6.0_10"
127.0.0.1 - - [11/May/2010:19:14:05 +0000] "GET /durastore/stores HTTP/1.1" 200 306 "-" "Jakarta Commons-HttpClient/3.1"
127.0.0.1 - - [11/May/2010:19:14:05 +0000] "HEAD /durastore/awoods?storeID=0 HTTP/1.1" 200 - "-" "Jakarta Commons-HttpClient/3.1"
10.192.165.219 - - [11/May/2010:19:14:05 +0000] "GET /durastore/awoods/DSCN0390.JPG?storeID=0 HTTP/1.1" 200 2595499 "-" "Java/1.6.0_10"
127.0.0.1 - - [11/May/2010:19:14:19 +0000] "OPTIONS * HTTP/1.0" 200 - "-" "Apache/2.2.9 (Ubuntu) mod_jk/1.2.26 (internal dummy connection)"
127.0.0.1 - - [11/May/2010:19:14:20 +0000] "OPTIONS * HTTP/1.0" 200 - "-" "Apache/2.2.9 (Ubuntu) mod_jk/1.2.26 (internal dummy connection)"
127.0.0.1 - - [11/May/2010:19:14:21 +0000] "OPTIONS * HTTP/1.0" 200 - "-" "Apache/2.2.9 (Ubuntu) mod_jk/1.2.26 (internal dummy connection)"
127.0.0.1 - - [11/May/2010:19:14:22 +0000] "OPTIONS * HTTP/1.0" 200 - "-" "Apache/2.2.9 (Ubuntu) mod_jk/1.2.26 (internal dummy connection)"
127.0.0.1 - - [11/May/2010:19:14:23 +0000] "OPTIONS * HTTP/1.0" 200 - "-" "Apache/2.2.9 (Ubuntu) mod_jk/1.2.26 (internal dummy connection)"
127.0.0.1 - - [11/May/2010:19:14:24 +0000] "OPTIONS * HTTP/1.0" 200 - "-" "Apache/2.2.9 (Ubuntu) mod_jk/1.2.26 (internal dummy connection)"
173.73.6.67 - - [11/May/2010:19:14:24 +0000] "GET /adore-djatoka-p18080/viewer.html?rft_id=http%3A//ec2-174-129-151-69.compute-1.amazonaws.com%3A80/durastore/awoods/DSCN0390.JPG%3FstoreID%3D0 HTTP/1.1" 302 346 "http://ec2-174-129-151-69.compute-1.amazonaws.com/duradmin/content.htm?spaceId=awoods&contentId=DSCN0390.JPG" "Mozilla/5.0 (X11; U; Linux i686; en-US; rv:1.9.0.18) Gecko/2010021501 Ubuntu/9.04 (jaunty) Firefox/3.0.18"
127.0.0.1 - - [11/May/2010:19:14:25 +0000] "OPTIONS * HTTP/1.0" 200 - "-" "Apache/2.2.9 (Ubuntu) mod_jk/1.2.26 (internal dummy connection)"
127.0.0.1 - - [11/May/2010:19:14:26 +0000] "OPTIONS * HTTP/1.0" 200 - "-" "Apache/2.2.9 (Ubuntu) mod_jk/1.2.26 (internal dummy connection)"
127.0.0.1 - - [11/May/2010:19:14:42 +0000] "OPTIONS * HTTP/1.0" 200 - "-" "Apache/2.2.9 (Ubuntu) mod_jk/1.2.26 (internal dummy connection)"
10.192.165.219 - - [11/May/2010:19:12:23 +0000] "GET /durastore/awoods/new.pdf?storeID=0 HTTP/1.1" 200 171864 "-" "Jakarta Commons-HttpClient/3.1"
127.0.0.1 - - [11/May/2010:19:17:25 +0000] "OPTIONS * HTTP/1.0" 200 - "-" "Apache/2.2.9 (Ubuntu) mod_jk/1.2.26 (internal dummy connection)"
173.73.6.67 - - [11/May/2010:21:43:55 +0000] "GET / HTTP/1.1" 503 321 "-" "Mozilla/5.0 (X11; U; Linux i686; en-US; rv:1.9.0.18) Gecko/2010021501 Ubuntu/9.04 (jaunty) Firefox/3.0.18"
173.73.6.67 - - [11/May/2010:21:43:55 +0000] "GET /favicon.ico HTTP/1.1" 503 321 "-" "Mozilla/5.0 (X11; U; Linux i686; en-US; rv:1.9.0.18) Gecko/2010021501 Ubuntu/9.04 (jaunty) Firefox/3.0.18"
173.73.6.67 - - [11/May/2010:21:43:58 +0000] "GET /favicon.ico HTTP/1.1" 503 321 "-" "Mozilla/5.0 (X11; U; Linux i686; en-US; rv:1.9.0.18) Gecko/2010021501 Ubuntu/9.04 (jaunty) Firefox/3.0.18"
173.73.6.67 - - [11/May/2010:21:44:15 +0000] "GET / HTTP/1.1" 503 321 "-" "Mozilla/5.0 (X11; U; Linux i686; en-US; rv:1.9.0.18) Gecko/2010021501 Ubuntu/9.04 (jaunty) Firefox/3.0.18"
173.73.6.67 - - [11/May/2010:21:44:18 +0000] "GET / HTTP/1.1" 503 321 "-" "Mozilla/5.0 (X11; U; Linux i686; en-US; rv:1.9.0.18) Gecko/2010021501 Ubuntu/9.04 (jaunty) Firefox/3.0.18"
173.73.6.67 - - [11/May/2010:21:44:26 +0000] "GET /duradmin HTTP/1.1" 503 321 "-" "Mozilla/5.0 (X11; U; Linux i686; en-US; rv:1.9.0.18) Gecko/2010021501 Ubuntu/9.04 (jaunty) Firefox/3.0.18"
173.73.6.67 - - [11/May/2010:21:44:37 +0000] "GET /duradmin HTTP/1.1" 503 321 "-" "Mozilla/5.0 (X11; U; Linux i686; en-US; rv:1.9.0.18) Gecko/2010021501 Ubuntu/9.04 (jaunty) Firefox/3.0.18"
173.73.6.67 - - [11/May/2010:21:44:38 +0000] "GET /duradmin HTTP/1.1" 503 321 "-" "Mozilla/5.0 (X11; U; Linux i686; en-US; rv:1.9.0.18) Gecko/2010021501 Ubuntu/9.04 (jaunty) Firefox/3.0.18"
173.73.6.67 - - [11/May/2010:21:45:04 +0000] "GET /duradmin/login;jsessionid=2A5F46D70914C3F2B953292C770BA774 HTTP/1.1" 200 2071 "-" "Mozilla/5.0 (X11; U; Linux i686; en-US; rv:1.9.0.18) Gecko/2010021501 Ubuntu/9.04 (jaunty) Firefox/3.0.18"
173.73.6.67 - - [11/May/2010:21:45:04 +0000] "GET /duradmin/dojo/dojo.js HTTP/1.1" 200 89269 "http://ec2-184-73-50-4.compute-1.amazonaws.com/duradmin/login;jsessionid=2A5F46D70914C3F2B953292C770BA774" "Mozilla/5.0 (X11; U; Linux i686; en-US; rv:1.9.0.18) Gecko/2010021501 Ubuntu/9.04 (jaunty) Firefox/3.0.18"
173.73.6.67 - - [11/May/2010:21:45:04 +0000] "GET /duradmin/dojox/widget/Toaster/Toaster.css HTTP/1.1" 200 644 "http://ec2-184-73-50-4.compute-1.amazonaws.com/duradmin/login;jsessionid=2A5F46D70914C3F2B953292C770BA774" "Mozilla/5.0 (X11; U; Linux i686; en-US; rv:1.9.0.18) Gecko/2010021501 Ubuntu/9.04 (jaunty) Firefox/3.0.18"
173.73.6.67 - - [11/May/2010:21:45:04 +0000] "GET /duradmin/style/main.css HTTP/1.1" 200 7162 "http://ec2-184-73-50-4.compute-1.amazonaws.com/duradmin/login;jsessionid=2A5F46D70914C3F2B953292C770BA774" "Mozilla/5.0 (X11; U; Linux i686; en-US; rv:1.9.0.18) Gecko/2010021501 Ubuntu/9.04 (jaunty) Firefox/3.0.18"
173.73.6.67 - - [11/May/2010:21:45:04 +0000] "GET /duradmin/style/menu.css HTTP/1.1" 200 643 "http://ec2-184-73-50-4.compute-1.amazonaws.com/duradmin/login;jsessionid=2A5F46D70914C3F2B953292C770BA774" "Mozilla/5.0 (X11; U; Linux i686; en-US; rv:1.9.0.18) Gecko/2010021501 Ubuntu/9.04 (jaunty) Firefox/3.0.18"
173.73.6.67 - - [11/May/2010:21:45:04 +0000] "GET /duradmin/dijit/themes/tundra/tundra.css HTTP/1.1" 200 75356 "http://ec2-184-73-50-4.compute-1.amazonaws.com/duradmin/login;jsessionid=2A5F46D70914C3F2B953292C770BA774" "Mozilla/5.0 (X11; U; Linux i686; en-US; rv:1.9.0.18) Gecko/2010021501 Ubuntu/9.04 (jaunty) Firefox/3.0.18"
173.73.6.67 - - [11/May/2010:21:45:04 +0000] "GET /duradmin/dijit/layout/BorderContainer.js HTTP/1.1" 200 10961 "http://ec2-184-73-50-4.compute-1.amazonaws.com/duradmin/login;jsessionid=2A5F46D70914C3F2B953292C770BA774" "Mozilla/5.0 (X11; U; Linux i686; en-US; rv:1.9.0.18) Gecko/2010021501 Ubuntu/9.04 (jaunty) Firefox/3.0.18"
173.73.6.67 - - [11/May/2010:21:45:04 +0000] "GET /duradmin/dijit/layout/_LayoutWidget.js HTTP/1.1" 200 3407 "http://ec2-184-73-50-4.compute-1.amazonaws.com/duradmin/login;jsessionid=2A5F46D70914C3F2B953292C770BA774" "Mozilla/5.0 (X11; U; Linux i686; en-US; rv:1.9.0.18) Gecko/2010021501 Ubuntu/9.04 (jaunty) Firefox/3.0.18"
173.73.6.67 - - [11/May/2010:21:45:04 +0000] "GET /duradmin/dijit/_Widget.js HTTP/1.1" 200 8772 "http://ec2-184-73-50-4.compute-1.amazonaws.com/duradmin/login;jsessionid=2A5F46D70914C3F2B953292C770BA774" "Mozilla/5.0 (X11; U; Linux i686; en-US; rv:1.9.0.18) Gecko/2010021501 Ubuntu/9.04 (jaunty) Firefox/3.0.18"
173.73.6.67 - - [11/May/2010:21:45:04 +0000] "GET /duradmin/dijit/_base.js HTTP/1.1" 200 627 "http://ec2-184-73-50-4.compute-1.amazonaws.com/duradmin/login;jsessionid=2A5F46D70914C3F2B953292C770BA774" "Mozilla/5.0 (X11; U; Linux i686; en-US; rv:1.9.0.18) Gecko/2010021501 Ubuntu/9.04 (jaunty) Firefox/3.0.18"
173.73.6.67 - - [11/May/2010:21:45:04 +0000] "GET /duradmin/dijit/_base/focus.js HTTP/1.1" 200 6525 "http://ec2-184-73-50-4.compute-1.amazonaws.com/duradmin/login;jsessionid=2A5F46D70914C3F2B953292C770BA774" "Mozilla/5.0 (X11; U; Linux i686; en-US; rv:1.9.0.18) Gecko/2010021501 Ubuntu/9.04 (jaunty) Firefox/3.0.18"
173.73.6.67 - - [11/May/2010:21:45:04 +0000] "GET /duradmin/dijit/_base/manager.js HTTP/1.1" 200 4816 "http://ec2-184-73-50-4.compute-1.amazonaws.com/duradmin/login;jsessionid=2A5F46D70914C3F2B953292C770BA774" "Mozilla/5.0 (X11; U; Linux i686; en-US; rv:1.9.0.18) Gecko/2010021501 Ubuntu/9.04 (jaunty) Firefox/3.0.18"
173.73.6.67 - - [11/May/2010:21:45:04 +0000] "GET /duradmin/dijit/_base/place.js HTTP/1.1" 200 3848 "http://ec2-184-73-50-4.compute-1.amazonaws.com/duradmin/login;jsessionid=2A5F46D70914C3F2B953292C770BA774" "Mozilla/5.0 (X11; U; Linux i686; en-US; rv:1.9.0.18) Gecko/2010021501 Ubuntu/9.04 (jaunty) Firefox/3.0.18"
173.73.6.67 - - [11/May/2010:21:45:04 +0000] "GET /duradmin/dojo/AdapterRegistry.js HTTP/1.1" 200 947 "http://ec2-184-73-50-4.compute-1.amazonaws.com/duradmin/login;jsessionid=2A5F46D70914C3F2B953292C770BA774" "Mozilla/5.0 (X11; U; Linux i686; en-US; rv:1.9.0.18) Gecko/2010021501 Ubuntu/9.04 (jaunty) Firefox/3.0.18"
173.73.6.67 - - [11/May/2010:21:45:04 +0000] "GET /duradmin/dijit/_base/popup.js HTTP/1.1" 200 4125 "http://ec2-184-73-50-4.compute-1.amazonaws.com/duradmin/login;jsessionid=2A5F46D70914C3F2B953292C770BA774" "Mozilla/5.0 (X11; U; Linux i686; en-US; rv:1.9.0.18) Gecko/2010021501 Ubuntu/9.04 (jaunty) Firefox/3.0.18"
173.73.6.67 - - [11/May/2010:21:45:04 +0000] "GET /duradmin/dijit/_base/window.js HTTP/1.1" 200 630 "http://ec2-184-73-50-4.compute-1.amazonaws.com/duradmin/login;jsessionid=2A5F46D70914C3F2B953292C770BA774" "Mozilla/5.0 (X11; U; Linux i686; en-US; rv:1.9.0.18) Gecko/2010021501 Ubuntu/9.04 (jaunty) Firefox/3.0.18"
173.73.6.67 - - [11/May/2010:21:45:04 +0000] "GET /duradmin/dijit/_base/scroll.js HTTP/1.1" 200 1847 "http://ec2-184-73-50-4.compute-1.amazonaws.com/duradmin/login;jsessionid=2A5F46D70914C3F2B953292C770BA774" "Mozilla/5.0 (X11; U; Linux i686; en-US; rv:1.9.0.18) Gecko/2010021501 Ubuntu/9.04 (jaunty) Firefox/3.0.18"
173.73.6.67 - - [11/May/2010:21:45:04 +0000] "GET /duradmin/dijit/_base/sniff.js HTTP/1.1" 200 949 "http://ec2-184-73-50-4.compute-1.amazonaws.com/duradmin/login;jsessionid=2A5F46D70914C3F2B953292C770BA774" "Mozilla/5.0 (X11; U; Linux i686; en-US; rv:1.9.0.18) Gecko/2010021501 Ubuntu/9.04 (jaunty) Firefox/3.0.18"
173.73.6.67 - - [11/May/2010:21:45:04 +0000] "GET /duradmin/dijit/_base/typematic.js HTTP/1.1" 200 2905 "http://ec2-184-73-50-4.compute-1.amazonaws.com/duradmin/login;jsessionid=2A5F46D70914C3F2B953292C770BA774" "Mozilla/5.0 (X11; U; Linux i686; en-US; rv:1.9.0.18) Gecko/2010021501 Ubuntu/9.04 (jaunty) Firefox/3.0.18"
173.73.6.67 - - [11/May/2010:21:45:04 +0000] "GET /duradmin/dijit/_base/wai.js HTTP/1.1" 200 2181 "http://ec2-184-73-50-4.compute-1.amazonaws.com/duradmin/login;jsessionid=2A5F46D70914C3F2B953292C770BA774" "Mozilla/5.0 (X11; U; Linux i686; en-US; rv:1.9.0.18) Gecko/2010021501 Ubuntu/9.04 (jaunty) Firefox/3.0.18"
173.73.6.67 - - [11/May/2010:21:45:04 +0000] "GET /duradmin/dijit/_Container.js HTTP/1.1" 200 1612 "http://ec2-184-73-50-4.compute-1.amazonaws.com/duradmin/login;jsessionid=2A5F46D70914C3F2B953292C770BA774" "Mozilla/5.0 (X11; U; Linux i686; en-US; rv:1.9.0.18) Gecko/2010021501 Ubuntu/9.04 (jaunty) Firefox/3.0.18"
173.73.6.67 - - [11/May/2010:21:45:04 +0000] "GET /duradmin/dijit/_Contained.js HTTP/1.1" 200 870 "http://ec2-184-73-50-4.compute-1.amazonaws.com/duradmin/login;jsessionid=2A5F46D70914C3F2B953292C770BA774" "Mozilla/5.0 (X11; U; Linux i686; en-US; rv:1.9.0.18) Gecko/2010021501 Ubuntu/9.04 (jaunty) Firefox/3.0.18"
173.73.6.67 - - [11/May/2010:21:45:04 +0000] "GET /duradmin/dojo/cookie.js HTTP/1.1" 200 1178 "http://ec2-184-73-50-4.compute-1.amazonaws.com/duradmin/login;jsessionid=2A5F46D70914C3F2B953292C770BA774" "Mozilla/5.0 (X11; U; Linux i686; en-US; rv:1.9.0.18) Gecko/2010021501 Ubuntu/9.04 (jaunty) Firefox/3.0.18"
173.73.6.67 - - [11/May/2010:21:45:04 +0000] "GET /duradmin/dojo/regexp.js HTTP/1.1" 200 741 "http://ec2-184-73-50-4.compute-1.amazonaws.com/duradmin/login;jsessionid=2A5F46D70914C3F2B953292C770BA774" "Mozilla/5.0 (X11; U; Linux i686; en-US; rv:1.9.0.18) Gecko/2010021501 Ubuntu/9.04 (jaunty) Firefox/3.0.18"
173.73.6.67 - - [11/May/2010:21:45:04 +0000] "GET /duradmin/dijit/_Templated.js HTTP/1.1" 200 4122 "http://ec2-184-73-50-4.compute-1.amazonaws.com/duradmin/login;jsessionid=2A5F46D70914C3F2B953292C770BA774" "Mozilla/5.0 (X11; U; Linux i686; en-US; rv:1.9.0.18) Gecko/2010021501 Ubuntu/9.04 (jaunty) Firefox/3.0.18"
173.73.6.67 - - [11/May/2010:21:45:04 +0000] "GET /duradmin/dojo/string.js HTTP/1.1" 200 1168 "http://ec2-184-73-50-4.compute-1.amazonaws.com/duradmin/login;jsessionid=2A5F46D70914C3F2B953292C770BA774" "Mozilla/5.0 (X11; U; Linux i686; en-US; rv:1.9.0.18) Gecko/2010021501 Ubuntu/9.04 (jaunty) Firefox/3.0.18"
173.73.6.67 - - [11/May/2010:21:45:04 +0000] "GET /duradmin/dojo/parser.js HTTP/1.1" 200 4403 "http://ec2-184-73-50-4.compute-1.amazonaws.com/duradmin/login;jsessionid=2A5F46D70914C3F2B953292C770BA774" "Mozilla/5.0 (X11; U; Linux i686; en-US; rv:1.9.0.18) Gecko/2010021501 Ubuntu/9.04 (jaunty) Firefox/3.0.18"
173.73.6.67 - - [11/May/2010:21:45:05 +0000] "GET /duradmin/dojo/date/stamp.js HTTP/1.1" 200 1937 "http://ec2-184-73-50-4.compute-1.amazonaws.com/duradmin/login;jsessionid=2A5F46D70914C3F2B953292C770BA774" "Mozilla/5.0 (X11; U; Linux i686; en-US; rv:1.9.0.18) Gecko/2010021501 Ubuntu/9.04 (jaunty) Firefox/3.0.18"
173.73.6.67 - - [11/May/2010:21:45:05 +0000] "GET /duradmin/dojo/cache.js HTTP/1.1" 200 1032 "http://ec2-184-73-50-4.compute-1.amazonaws.com/duradmin/login;jsessionid=2A5F46D70914C3F2B953292C770BA774" "Mozilla/5.0 (X11; U; Linux i686; en-US; rv:1.9.0.18) Gecko/2010021501 Ubuntu/9.04 (jaunty) Firefox/3.0.18"
173.73.6.67 - - [11/May/2010:21:45:05 +0000] "GET /duradmin/dijit/layout/ContentPane.js HTTP/1.1" 200 8298 "http://ec2-184-73-50-4.compute-1.amazonaws.com/duradmin/login;jsessionid=2A5F46D70914C3F2B953292C770BA774" "Mozilla/5.0 (X11; U; Linux i686; en-US; rv:1.9.0.18) Gecko/2010021501 Ubuntu/9.04 (jaunty) Firefox/3.0.18"
173.73.6.67 - - [11/May/2010:21:45:05 +0000] "GET /duradmin/dojo/html.js HTTP/1.1" 200 3227 "http://ec2-184-73-50-4.compute-1.amazonaws.com/duradmin/login;jsessionid=2A5F46D70914C3F2B953292C770BA774" "Mozilla/5.0 (X11; U; Linux i686; en-US; rv:1.9.0.18) Gecko/2010021501 Ubuntu/9.04 (jaunty) Firefox/3.0.18"
173.73.6.67 - - [11/May/2010:21:45:05 +0000] "GET /duradmin/dojo/i18n.js HTTP/1.1" 200 3093 "http://ec2-184-73-50-4.compute-1.amazonaws.com/duradmin/login;jsessionid=2A5F46D70914C3F2B953292C770BA774" "Mozilla/5.0 (X11; U; Linux i686; en-US; rv:1.9.0.18) Gecko/2010021501 Ubuntu/9.04 (jaunty) Firefox/3.0.18"
173.73.6.67 - - [11/May/2010:21:45:05 +0000] "GET /duradmin/dijit/nls/loading.js HTTP/1.1" 200 71 "http://ec2-184-73-50-4.compute-1.amazonaws.com/duradmin/login;jsessionid=2A5F46D70914C3F2B953292C770BA774" "Mozilla/5.0 (X11; U; Linux i686; en-US; rv:1.9.0.18) Gecko/2010021501 Ubuntu/9.04 (jaunty) Firefox/3.0.18"
173.73.6.67 - - [11/May/2010:21:45:05 +0000] "GET /duradmin/dojox/widget/Toaster.js HTTP/1.1" 200 4934 "http://ec2-184-73-50-4.compute-1.amazonaws.com/duradmin/login;jsessionid=2A5F46D70914C3F2B953292C770BA774" "Mozilla/5.0 (X11; U; Linux i686; en-US; rv:1.9.0.18) Gecko/2010021501 Ubuntu/9.04 (jaunty) Firefox/3.0.18"
