127.0.0.1 - - [13/May/2010:14:43:37 +0000] "GET /durastore/stores HTTP/1.1" 200 306 "-" "Jakarta Commons-HttpClient/3.1"
10.209.102.99 - - [13/May/2010:14:43:30 +0000] "GET /durastore/awoods/DSCN0390.JPG?storeID=0 HTTP/1.1" 200 171864 "-" "Jakarta Commons-HttpClient/3.1"
10.209.102.99 - - [13/May/2010:14:43:31 +0000] "GET /durastore/awoods/DSCN0390.JPG?storeID=0 HTTP/1.1" 200 171864 "-" "Jakarta Commons-HttpClient/3.1"
127.0.0.1 - - [13/May/2010:14:43:37 +0000] "HEAD /durastore/awoods?storeID=0 HTTP/1.1" 200 - "-" "Jakarta Commons-HttpClient/3.1"
10.209.102.99 - - [13/May/2010:14:43:37 +0000] "GET /durastore/awoods/DSCN0390.JPG?storeID=0 HTTP/1.1" 200 65472 "-" "Java/1.6.0_10"
127.0.0.1 - - [13/May/2010:14:43:39 +0000] "GET /durastore/stores HTTP/1.1" 200 306 "-" "Jakarta Commons-HttpClient/3.1"
127.0.0.1 - - [13/May/2010:14:43:39 +0000] "HEAD /durastore/awoods?storeID=0 HTTP/1.1" 200 - "-" "Jakarta Commons-HttpClient/3.1"
10.209.102.99 - - [13/May/2010:14:43:39 +0000] "GET /durastore/awoods/DSCN0390.JPG?storeID=0 HTTP/1.1" 200 2595499 "-" "Java/1.6.0_10"
173.73.6.67 - - [13/May/2010:14:43:35 +0000] "GET /adore-djatoka-p18080/resolver?url_ver=Z39.88-2004&rft_id=http%3A//ec2-184-73-12-65.compute-1.amazonaws.com%3A80/durastore/awoods/DSCN0390.JPG%3FstoreID%3D0&svc_id=info:lanl-repo/svc/getRegion&svc_val_fmt=info:ofi/fmt:kev:mtx:jpeg2000&svc.format=image/png&svc.level=2&svc.rotate=0&svc.region=0,0,500,500 HTTP/1.1" 200 81936 "-" "Mozilla/5.0 (X11; U; Linux i686; en-US; rv:1.9.0.18) Gecko/2010021501 Ubuntu/9.04 (jaunty) Firefox/3.0.18"
173.73.6.67 - - [13/May/2010:14:43:29 +0000] "GET /adore-djatoka-p18080/resolver?url_ver=Z39.88-2004&rft_id=http%3A//ec2-184-73-12-65.compute-1.amazonaws.com%3A80/durastore/awoods/DSCN0390.JPG%3FstoreID%3D0&svc_id=info:lanl-repo/svc/getRegion&svc_val_fmt=info:ofi/fmt:kev:mtx:jpeg2000&svc.format=image/png&svc.level=1&svc.rotate=0&svc.region=0,0,500,500 HTTP/1.1" 200 16764 "-" "Mozilla/5.0 (X11; U; Linux i686; en-US; rv:1.9.0.18) Gecko/2010021501 Ubuntu/9.04 (jaunty) Firefox/3.0.18"
10.209.102.99 - - [13/May/2010:14:43:29 +0000] "GET /durastore/awoods/eggnog-2009.jpeg?storeID=0 HTTP/1.1" 200 245520 "-" "Jakarta Commons-HttpClient/3.1"
10.209.102.99 - - [13/May/2010:14:43:29 +0000] "GET /durastore/awoods/new.pdf?storeID=0 HTTP/1.1" 200 180048 "-" "Jakarta Commons-HttpClient/3.1"
10.209.102.99 - - [13/May/2010:14:43:29 +0000] "GET /durastore/awoods/duracloud-cni-prezi.zip?storeID=0 HTTP/1.1" 200 171864 "-" "Jakarta Commons-HttpClient/3.1"
173.73.6.67 - - [13/May/2010:16:21:18 +0000] "GET / HTTP/1.1" 200 2762 "-" "Mozilla/5.0 (X11; U; Linux i686; en-US; rv:1.9.0.18) Gecko/2010021501 Ubuntu/9.04 (jaunty) Firefox/3.0.18"
173.73.6.67 - - [13/May/2010:16:21:18 +0000] "GET /tomcat.gif HTTP/1.1" 200 1934 "http://ec2-184-73-12-65.compute-1.amazonaws.com/" "Mozilla/5.0 (X11; U; Linux i686; en-US; rv:1.9.0.18) Gecko/2010021501 Ubuntu/9.04 (jaunty) Firefox/3.0.18"
173.73.6.67 - - [13/May/2010:16:21:18 +0000] "GET /asf-logo-wide.gif HTTP/1.1" 200 5866 "http://ec2-184-73-12-65.compute-1.amazonaws.com/" "Mozilla/5.0 (X11; U; Linux i686; en-US; rv:1.9.0.18) Gecko/2010021501 Ubuntu/9.04 (jaunty) Firefox/3.0.18"
173.73.6.67 - - [13/May/2010:16:21:18 +0000] "GET /tomcat-power.gif HTTP/1.1" 200 2324 "http://ec2-184-73-12-65.compute-1.amazonaws.com/" "Mozilla/5.0 (X11; U; Linux i686; en-US; rv:1.9.0.18) Gecko/2010021501 Ubuntu/9.04 (jaunty) Firefox/3.0.18"
173.73.6.67 - - [13/May/2010:16:21:18 +0000] "GET /favicon.ico HTTP/1.1" 200 21630 "-" "Mozilla/5.0 (X11; U; Linux i686; en-US; rv:1.9.0.18) Gecko/2010021501 Ubuntu/9.04 (jaunty) Firefox/3.0.18"
173.73.6.67 - - [13/May/2010:16:21:22 +0000] "GET /duradmin HTTP/1.1" 301 299 "-" "Mozilla/5.0 (X11; U; Linux i686; en-US; rv:1.9.0.18) Gecko/2010021501 Ubuntu/9.04 (jaunty) Firefox/3.0.18"
10.209.102.99 - - [13/May/2010:16:21:23 +0000] "GET /durastore/stores HTTP/1.1" 401 1119 "-" "Jakarta Commons-HttpClient/3.1"
10.209.102.99 - - [13/May/2010:16:21:23 +0000] "GET /durastore/stores HTTP/1.1" 401 1119 "-" "Jakarta Commons-HttpClient/3.1"
10.209.102.99 - - [13/May/2010:16:21:53 +0000] "GET /durastore/stores HTTP/1.1" 200 306 "-" "Jakarta Commons-HttpClient/3.1"
10.209.102.99 - - [13/May/2010:16:21:53 +0000] "GET /durastore/stores HTTP/1.1" 200 306 "-" "Jakarta Commons-HttpClient/3.1"
10.209.102.99 - - [13/May/2010:16:21:53 +0000] "GET /durastore/stores HTTP/1.1" 200 306 "-" "Jakarta Commons-HttpClient/3.1"
10.209.102.99 - - [13/May/2010:16:21:59 +0000] "GET /durastore/stores HTTP/1.1" 200 306 "-" "Jakarta Commons-HttpClient/3.1"
10.209.102.99 - - [13/May/2010:16:21:59 +0000] "GET /durastore/stores HTTP/1.1" 200 306 "-" "Jakarta Commons-HttpClient/3.1"
10.209.102.99 - - [13/May/2010:16:23:35 +0000] "GET /durastore/stores HTTP/1.1" 200 306 "-" "Jakarta Commons-HttpClient/3.1"
10.209.102.99 - - [13/May/2010:16:23:35 +0000] "GET /durastore/stores HTTP/1.1" 200 306 "-" "Jakarta Commons-HttpClient/3.1"
10.209.102.99 - - [13/May/2010:16:23:35 +0000] "GET /durastore/stores HTTP/1.1" 200 306 "-" "Jakarta Commons-HttpClient/3.1"
10.209.102.99 - - [13/May/2010:16:23:38 +0000] "GET /durastore/stores HTTP/1.1" 200 306 "-" "Jakarta Commons-HttpClient/3.1"
10.209.102.99 - - [13/May/2010:16:23:38 +0000] "GET /durastore/spaces?storeID=0 HTTP/1.1" 200 602 "-" "Jakarta Commons-HttpClient/3.1"
10.209.102.99 - - [13/May/2010:16:23:42 +0000] "GET /durastore/stores HTTP/1.1" 200 306 "-" "Jakarta Commons-HttpClient/3.1"
10.209.102.99 - - [13/May/2010:16:23:42 +0000] "GET /durastore/spaces?storeID=0 HTTP/1.1" 200 602 "-" "Jakarta Commons-HttpClient/3.1"
10.209.102.99 - - [13/May/2010:16:23:53 +0000] "GET /durastore/stores HTTP/1.1" 200 306 "-" "Jakarta Commons-HttpClient/3.1"
10.209.102.99 - - [13/May/2010:16:23:53 +0000] "GET /durastore/spaces?storeID=0 HTTP/1.1" 200 602 "-" "Jakarta Commons-HttpClient/3.1"
10.209.102.99 - - [13/May/2010:16:23:53 +0000] "GET /durastore/stores HTTP/1.1" 200 306 "-" "Jakarta Commons-HttpClient/3.1"
10.209.102.99 - - [13/May/2010:16:23:53 +0000] "GET /durastore/spaces?storeID=0 HTTP/1.1" 200 602 "-" "Jakarta Commons-HttpClient/3.1"
10.209.102.99 - - [13/May/2010:16:23:59 +0000] "GET /durastore/stores HTTP/1.1" 200 306 "-" "Jakarta Commons-HttpClient/3.1"
10.209.102.99 - - [13/May/2010:16:23:59 +0000] "GET /durastore/spaces?storeID=0 HTTP/1.1" 200 602 "-" "Jakarta Commons-HttpClient/3.1"
10.209.102.99 - - [13/May/2010:16:23:59 +0000] "GET /durastore/stores HTTP/1.1" 200 306 "-" "Jakarta Commons-HttpClient/3.1"
10.209.102.99 - - [13/May/2010:16:23:59 +0000] "GET /durastore/spaces?storeID=0 HTTP/1.1" 200 602 "-" "Jakarta Commons-HttpClient/3.1"
10.209.102.99 - - [13/May/2010:16:24:05 +0000] "GET /durastore/stores HTTP/1.1" 200 306 "-" "Jakarta Commons-HttpClient/3.1"
10.209.102.99 - - [13/May/2010:16:24:05 +0000] "GET /durastore/spaces?storeID=0 HTTP/1.1" 200 602 "-" "Jakarta Commons-HttpClient/3.1"
10.209.102.99 - - [13/May/2010:16:24:05 +0000] "GET /durastore/stores HTTP/1.1" 200 306 "-" "Jakarta Commons-HttpClient/3.1"
10.209.102.99 - - [13/May/2010:16:24:05 +0000] "GET /durastore/spaces?storeID=0 HTTP/1.1" 200 602 "-" "Jakarta Commons-HttpClient/3.1"
10.209.102.99 - - [13/May/2010:16:24:14 +0000] "GET /durastore/stores HTTP/1.1" 200 306 "-" "Jakarta Commons-HttpClient/3.1"
10.209.102.99 - - [13/May/2010:16:24:14 +0000] "GET /durastore/stores HTTP/1.1" 200 306 "-" "Jakarta Commons-HttpClient/3.1"
10.209.102.99 - - [13/May/2010:16:24:14 +0000] "GET /durastore/stores HTTP/1.1" 200 306 "-" "Jakarta Commons-HttpClient/3.1"
10.209.102.99 - - [13/May/2010:16:24:14 +0000] "GET /durastore/stores HTTP/1.1" 200 306 "-" "Jakarta Commons-HttpClient/3.1"
10.209.102.99 - - [13/May/2010:16:24:14 +0000] "GET /durastore/stores HTTP/1.1" 200 306 "-" "Jakarta Commons-HttpClient/3.1"
10.209.102.99 - - [13/May/2010:16:24:15 +0000] "GET /durastore/stores HTTP/1.1" 200 306 "-" "Jakarta Commons-HttpClient/3.1"
10.209.102.99 - - [13/May/2010:16:24:16 +0000] "GET /durastore/stores HTTP/1.1" 200 306 "-" "Jakarta Commons-HttpClient/3.1"
10.209.102.99 - - [13/May/2010:16:24:16 +0000] "GET /durastore/stores HTTP/1.1" 200 306 "-" "Jakarta Commons-HttpClient/3.1"
10.209.102.99 - - [13/May/2010:16:24:16 +0000] "GET /durastore/stores HTTP/1.1" 200 306 "-" "Jakarta Commons-HttpClient/3.1"
10.209.102.99 - - [13/May/2010:16:24:16 +0000] "GET /durastore/spaces?storeID=0 HTTP/1.1" 200 602 "-" "Jakarta Commons-HttpClient/3.1"
10.209.102.99 - - [13/May/2010:16:24:16 +0000] "GET /durastore/stores HTTP/1.1" 200 306 "-" "Jakarta Commons-HttpClient/3.1"
10.209.102.99 - - [13/May/2010:16:24:16 +0000] "GET /durastore/spaces?storeID=0 HTTP/1.1" 200 602 "-" "Jakarta Commons-HttpClient/3.1"
10.209.102.99 - - [13/May/2010:16:30:35 +0000] "GET /durastore/stores HTTP/1.1" 200 306 "-" "Jakarta Commons-HttpClient/3.1"
10.209.102.99 - - [13/May/2010:16:30:35 +0000] "GET /durastore/stores HTTP/1.1" 200 306 "-" "Jakarta Commons-HttpClient/3.1"
10.209.102.99 - - [13/May/2010:16:30:35 +0000] "GET /durastore/spaces?storeID=0 HTTP/1.1" 200 602 "-" "Jakarta Commons-HttpClient/3.1"
10.209.102.99 - - [13/May/2010:16:30:36 +0000] "GET /durastore/stores HTTP/1.1" 200 306 "-" "Jakarta Commons-HttpClient/3.1"
10.209.102.99 - - [13/May/2010:16:30:36 +0000] "GET /durastore/stores HTTP/1.1" 200 306 "-" "Jakarta Commons-HttpClient/3.1"
10.209.102.99 - - [13/May/2010:16:30:36 +0000] "GET /durastore/stores HTTP/1.1" 200 306 "-" "Jakarta Commons-HttpClient/3.1"
10.209.102.99 - - [13/May/2010:16:30:38 +0000] "GET /durastore/stores HTTP/1.1" 200 306 "-" "Jakarta Commons-HttpClient/3.1"
10.209.102.99 - - [13/May/2010:16:30:38 +0000] "GET /durastore/stores HTTP/1.1" 200 306 "-" "Jakarta Commons-HttpClient/3.1"
10.209.102.99 - - [13/May/2010:16:30:39 +0000] "GET /durastore/stores HTTP/1.1" 200 306 "-" "Jakarta Commons-HttpClient/3.1"
10.209.102.99 - - [13/May/2010:16:30:39 +0000] "GET /durastore/stores HTTP/1.1" 200 306 "-" "Jakarta Commons-HttpClient/3.1"
10.209.102.99 - - [13/May/2010:16:30:38 +0000] "GET /durastore/bb-convert-src?storeID=0 HTTP/1.1" 200 112 "-" "Jakarta Commons-HttpClient/3.1"
10.209.102.99 - - [13/May/2010:16:30:39 +0000] "GET /durastore/carissa-sync-test?storeID=0 HTTP/1.1" 200 521 "-" "Jakarta Commons-HttpClient/3.1"
10.209.102.99 - - [13/May/2010:16:30:39 +0000] "GET /durastore/bhl-test-data?storeID=0 HTTP/1.1" 200 3455 "-" "Jakarta Commons-HttpClient/3.1"
10.209.102.99 - - [13/May/2010:16:30:40 +0000] "GET /durastore/beautiful-open-space?storeID=0 HTTP/1.1" 200 109 "-" "Jakarta Commons-HttpClient/3.1"
10.209.102.99 - - [13/May/2010:16:30:42 +0000] "GET /durastore/stores HTTP/1.1" 200 306 "-" "Jakarta Commons-HttpClient/3.1"
10.209.102.99 - - [13/May/2010:16:30:42 +0000] "GET /durastore/stores HTTP/1.1" 200 306 "-" "Jakarta Commons-HttpClient/3.1"
10.209.102.99 - - [13/May/2010:16:30:42 +0000] "GET /durastore/stores HTTP/1.1" 200 306 "-" "Jakarta Commons-HttpClient/3.1"
10.209.102.99 - - [13/May/2010:16:30:42 +0000] "GET /durastore/stores HTTP/1.1" 200 306 "-" "Jakarta Commons-HttpClient/3.1"
10.209.102.99 - - [13/May/2010:16:30:42 +0000] "GET /durastore/stores HTTP/1.1" 200 306 "-" "Jakarta Commons-HttpClient/3.1"
10.209.102.99 - - [13/May/2010:16:30:42 +0000] "GET /durastore/duracloud-0.2-service-repository?storeID=0 HTTP/1.1" 200 344 "-" "Jakarta Commons-HttpClient/3.1"
10.209.102.99 - - [13/May/2010:16:30:42 +0000] "GET /durastore/michele-test?storeID=0 HTTP/1.1" 200 255 "-" "Jakarta Commons-HttpClient/3.1"
10.209.102.99 - - [13/May/2010:16:30:43 +0000] "GET /durastore/stores HTTP/1.1" 200 306 "-" "Jakarta Commons-HttpClient/3.1"
10.209.102.99 - - [13/May/2010:16:30:44 +0000] "GET /durastore/stores HTTP/1.1" 200 306 "-" "Jakarta Commons-HttpClient/3.1"
10.209.102.99 - - [13/May/2010:16:30:42 +0000] "GET /durastore/conversion-test-dest?storeID=0 HTTP/1.1" 200 1131 "-" "Jakarta Commons-HttpClient/3.1"
10.209.102.99 - - [13/May/2010:16:30:44 +0000] "GET /durastore/conversion-test-source?storeID=0 HTTP/1.1" 200 260 "-" "Jakarta Commons-HttpClient/3.1"
10.209.102.99 - - [13/May/2010:16:30:43 +0000] "GET /durastore/test-space-1?storeID=0 HTTP/1.1" 200 553 "-" "Jakarta Commons-HttpClient/3.1"
10.209.102.99 - - [13/May/2010:16:30:44 +0000] "GET /durastore/x-duracloud-admin?storeID=0 HTTP/1.1" 200 97 "-" "Jakarta Commons-HttpClient/3.1"
10.209.102.99 - - [13/May/2010:16:30:44 +0000] "GET /durastore/duracloud-service-repository?storeID=0 HTTP/1.1" 200 412 "-" "Jakarta Commons-HttpClient/3.1"
10.209.102.99 - - [13/May/2010:17:32:27 +0000] "GET /durastore/stores HTTP/1.1" 401 1119 "-" "Jakarta Commons-HttpClient/3.1"
10.209.102.99 - - [13/May/2010:17:32:47 +0000] "GET /durastore/stores HTTP/1.1" 401 1119 "-" "Jakarta Commons-HttpClient/3.1"
10.209.102.99 - - [13/May/2010:17:33:09 +0000] "GET /durastore/stores HTTP/1.1" 401 1119 "-" "Jakarta Commons-HttpClient/3.1"
173.73.6.67 - - [13/May/2010:17:33:33 +0000] "GET /duradmin/login HTTP/1.1" 301 302 "-" "Mozilla/5.0 (X11; U; Linux i686; en-US; rv:1.9.0.18) Gecko/2010021501 Ubuntu/9.04 (jaunty) Firefox/3.0.18"
10.209.102.99 - - [13/May/2010:17:33:34 +0000] "GET /durastore/stores HTTP/1.1" 401 1119 "-" "Jakarta Commons-HttpClient/3.1"
10.209.102.99 - - [13/May/2010:17:34:17 +0000] "GET /durastore/stores HTTP/1.1" 401 1119 "-" "Jakarta Commons-HttpClient/3.1"
10.209.102.99 - - [13/May/2010:17:35:13 +0000] "GET /durastore/stores HTTP/1.1" 401 1119 "-" "Jakarta Commons-HttpClient/3.1"
10.209.102.99 - - [13/May/2010:18:08:33 +0000] "GET /durastore/stores HTTP/1.1" 401 1119 "-" "Jakarta Commons-HttpClient/3.1"
10.209.102.99 - - [13/May/2010:18:08:38 +0000] "GET /durastore/stores HTTP/1.1" 401 1119 "-" "Jakarta Commons-HttpClient/3.1"
127.0.0.1 - - [13/May/2010:18:08:51 +0000] "\x80b\x01\x03\x01" 500 688 "-" "-"
127.0.0.1 - - [13/May/2010:18:08:51 +0000] "\x80b\x01\x03\x01" 500 688 "-" "-"
127.0.0.1 - - [13/May/2010:18:08:51 +0000] "\x80b\x01\x03\x01" 500 688 "-" "-"
127.0.0.1 - - [13/May/2010:18:08:51 +0000] "\x80b\x01\x03\x01" 500 688 "-" "-"
127.0.0.1 - - [13/May/2010:18:09:06 +0000] "\x80b\x01\x03\x01" 500 688 "-" "-"
127.0.0.1 - - [13/May/2010:18:09:06 +0000] "\x80b\x01\x03\x01" 500 688 "-" "-"
127.0.0.1 - - [13/May/2010:18:09:06 +0000] "\x80b\x01\x03\x01" 500 688 "-" "-"
127.0.0.1 - - [13/May/2010:18:09:06 +0000] "\x80b\x01\x03\x01" 500 688 "-" "-"
127.0.0.1 - - [13/May/2010:18:17:56 +0000] "GET /durastore/stores HTTP/1.1" 200 306 "-" "Jakarta Commons-HttpClient/3.1"
127.0.0.1 - - [13/May/2010:18:17:56 +0000] "HEAD /durastore/awoods?storeID=0 HTTP/1.1" 200 - "-" "Jakarta Commons-HttpClient/3.1"
10.209.102.99 - - [13/May/2010:18:18:09 +0000] "GET /durastore/stores HTTP/1.1" 401 1119 "-" "Jakarta Commons-HttpClient/3.1"
10.209.102.99 - - [13/May/2010:18:18:12 +0000] "GET /durastore/stores HTTP/1.1" 401 1119 "-" "Jakarta Commons-HttpClient/3.1"
10.209.102.99 - - [13/May/2010:18:18:23 +0000] "GET /durastore/stores HTTP/1.1" 200 306 "-" "Jakarta Commons-HttpClient/3.1"
10.209.102.99 - - [13/May/2010:18:18:23 +0000] "GET /durastore/stores HTTP/1.1" 200 306 "-" "Jakarta Commons-HttpClient/3.1"
10.209.102.99 - - [13/May/2010:18:18:23 +0000] "GET /durastore/stores HTTP/1.1" 200 306 "-" "Jakarta Commons-HttpClient/3.1"
10.209.102.99 - - [13/May/2010:18:18:31 +0000] "GET /durastore/stores HTTP/1.1" 200 306 "-" "Jakarta Commons-HttpClient/3.1"
10.209.102.99 - - [13/May/2010:18:18:31 +0000] "GET /durastore/spaces?storeID=0 HTTP/1.1" 200 602 "-" "Jakarta Commons-HttpClient/3.1"
10.209.102.99 - - [13/May/2010:18:18:31 +0000] "GET /durastore/stores HTTP/1.1" 200 306 "-" "Jakarta Commons-HttpClient/3.1"
10.209.102.99 - - [13/May/2010:18:18:32 +0000] "GET /durastore/stores HTTP/1.1" 200 306 "-" "Jakarta Commons-HttpClient/3.1"
10.209.102.99 - - [13/May/2010:18:18:32 +0000] "GET /durastore/stores HTTP/1.1" 200 306 "-" "Jakarta Commons-HttpClient/3.1"
10.209.102.99 - - [13/May/2010:18:18:40 +0000] "GET /durastore/stores HTTP/1.1" 200 306 "-" "Jakarta Commons-HttpClient/3.1"
10.209.102.99 - - [13/May/2010:18:18:40 +0000] "GET /durastore/stores HTTP/1.1" 200 306 "-" "Jakarta Commons-HttpClient/3.1"
10.209.102.99 - - [13/May/2010:18:18:40 +0000] "GET /durastore/stores HTTP/1.1" 200 306 "-" "Jakarta Commons-HttpClient/3.1"
10.209.102.99 - - [13/May/2010:18:18:40 +0000] "GET /durastore/stores HTTP/1.1" 200 306 "-" "Jakarta Commons-HttpClient/3.1"
10.209.102.99 - - [13/May/2010:18:18:40 +0000] "GET /durastore/awoods?maxResults=10&storeID=0 HTTP/1.1" 200 314 "-" "Jakarta Commons-HttpClient/3.1"
10.209.102.99 - - [13/May/2010:18:18:42 +0000] "GET /durastore/stores HTTP/1.1" 200 306 "-" "Jakarta Commons-HttpClient/3.1"
10.209.102.99 - - [13/May/2010:18:18:44 +0000] "GET /durastore/stores HTTP/1.1" 200 306 "-" "Jakarta Commons-HttpClient/3.1"
10.209.102.99 - - [13/May/2010:18:18:44 +0000] "GET /durastore/stores HTTP/1.1" 200 306 "-" "Jakarta Commons-HttpClient/3.1"
10.209.102.99 - - [13/May/2010:18:18:44 +0000] "GET /durastore/stores HTTP/1.1" 200 306 "-" "Jakarta Commons-HttpClient/3.1"
173.73.6.67 - - [13/May/2010:18:18:47 +0000] "GET /adore-djatoka-p18080/resolver?url_ver=Z39.88-2004&rft_id=http%3A//ec2-184-73-12-65.compute-1.amazonaws.com%3A80/durastore/awoods/DSCN0390.JPG%3FstoreID%3D0&svc_id=info:lanl-repo/svc/getRegion&svc_val_fmt=info:ofi/fmt:kev:mtx:jpeg2000&svc.format=image/png&svc.level=1&svc.rotate=0&svc.region=0,0,500,500 HTTP/1.1" 503 321 "-" "Mozilla/5.0 (X11; U; Linux i686; en-US; rv:1.9.0.18) Gecko/2010021501 Ubuntu/9.04 (jaunty) Firefox/3.0.18"
10.209.102.99 - - [13/May/2010:18:18:47 +0000] "GET /durastore/stores HTTP/1.1" 200 306 "-" "Jakarta Commons-HttpClient/3.1"
10.209.102.99 - - [13/May/2010:18:18:47 +0000] "GET /durastore/stores HTTP/1.1" 200 306 "-" "Jakarta Commons-HttpClient/3.1"
10.209.102.99 - - [13/May/2010:18:18:47 +0000] "GET /durastore/stores HTTP/1.1" 200 306 "-" "Jakarta Commons-HttpClient/3.1"
10.209.102.99 - - [13/May/2010:18:18:47 +0000] "GET /durastore/awoods/new.pdf?storeID=0 HTTP/1.1" 200 98208 "-" "Jakarta Commons-HttpClient/3.1"
10.209.102.99 - - [13/May/2010:18:18:47 +0000] "GET /durastore/awoods/eggnog-2009.jpeg?storeID=0 HTTP/1.1" 200 220968 "-" "Jakarta Commons-HttpClient/3.1"
127.0.0.1 - - [13/May/2010:18:19:01 +0000] "GET /durastore/stores HTTP/1.1" 200 306 "-" "Jakarta Commons-HttpClient/3.1"
10.209.102.99 - - [13/May/2010:18:18:47 +0000] "GET /durastore/awoods/duracloud-cni-prezi.zip?storeID=0 HTTP/1.1" 200 - "-" "Jakarta Commons-HttpClient/3.1"
127.0.0.1 - - [13/May/2010:18:19:03 +0000] "HEAD /durastore/awoods?storeID=0 HTTP/1.1" 500 - "-" "Jakarta Commons-HttpClient/3.1"
10.209.102.99 - - [13/May/2010:18:23:49 +0000] "GET /durastore/stores HTTP/1.1" 401 1119 "-" "Jakarta Commons-HttpClient/3.1"
10.209.102.99 - - [13/May/2010:18:23:49 +0000] "GET /durastore/stores HTTP/1.1" 401 1119 "-" "Jakarta Commons-HttpClient/3.1"
10.209.102.99 - - [13/May/2010:18:23:59 +0000] "GET /durastore/stores HTTP/1.1" 200 306 "-" "Jakarta Commons-HttpClient/3.1"
10.209.102.99 - - [13/May/2010:18:23:59 +0000] "GET /durastore/stores HTTP/1.1" 200 306 "-" "Jakarta Commons-HttpClient/3.1"
10.209.102.99 - - [13/May/2010:18:23:59 +0000] "GET /durastore/stores HTTP/1.1" 200 306 "-" "Jakarta Commons-HttpClient/3.1"
10.209.102.99 - - [13/May/2010:18:24:04 +0000] "GET /durastore/stores HTTP/1.1" 200 306 "-" "Jakarta Commons-HttpClient/3.1"
10.209.102.99 - - [13/May/2010:18:24:04 +0000] "GET /durastore/spaces?storeID=0 HTTP/1.1" 200 602 "-" "Jakarta Commons-HttpClient/3.1"
10.209.102.99 - - [13/May/2010:18:24:05 +0000] "GET /durastore/stores HTTP/1.1" 200 306 "-" "Jakarta Commons-HttpClient/3.1"
10.209.102.99 - - [13/May/2010:18:24:05 +0000] "GET /durastore/stores HTTP/1.1" 200 306 "-" "Jakarta Commons-HttpClient/3.1"
10.209.102.99 - - [13/May/2010:18:24:04 +0000] "GET /durastore/stores HTTP/1.1" 200 306 "-" "Jakarta Commons-HttpClient/3.1"
10.209.102.99 - - [13/May/2010:18:24:10 +0000] "GET /durastore/stores HTTP/1.1" 200 306 "-" "Jakarta Commons-HttpClient/3.1"
10.209.102.99 - - [13/May/2010:18:24:10 +0000] "GET /durastore/stores HTTP/1.1" 200 306 "-" "Jakarta Commons-HttpClient/3.1"
10.209.102.99 - - [13/May/2010:18:24:10 +0000] "GET /durastore/stores HTTP/1.1" 200 306 "-" "Jakarta Commons-HttpClient/3.1"
10.209.102.99 - - [13/May/2010:18:24:10 +0000] "GET /durastore/stores HTTP/1.1" 200 306 "-" "Jakarta Commons-HttpClient/3.1"
10.209.102.99 - - [13/May/2010:18:24:10 +0000] "GET /durastore/awoods?maxResults=10&storeID=0 HTTP/1.1" 200 314 "-" "Jakarta Commons-HttpClient/3.1"
10.209.102.99 - - [13/May/2010:18:24:11 +0000] "GET /durastore/stores HTTP/1.1" 200 306 "-" "Jakarta Commons-HttpClient/3.1"
10.209.102.99 - - [13/May/2010:18:24:11 +0000] "GET /durastore/stores HTTP/1.1" 200 306 "-" "Jakarta Commons-HttpClient/3.1"
10.209.102.99 - - [13/May/2010:18:24:11 +0000] "GET /durastore/stores HTTP/1.1" 200 306 "-" "Jakarta Commons-HttpClient/3.1"
10.209.102.99 - - [13/May/2010:18:24:11 +0000] "GET /durastore/stores HTTP/1.1" 200 306 "-" "Jakarta Commons-HttpClient/3.1"
173.73.6.67 - - [13/May/2010:18:24:14 +0000] "GET /adore-djatoka-p18080/resolver?url_ver=Z39.88-2004&rft_id=http%3A//ec2-184-73-12-65.compute-1.amazonaws.com%3A80/durastore/awoods/DSCN0390.JPG%3FstoreID%3D0&svc_id=info:lanl-repo/svc/getRegion&svc_val_fmt=info:ofi/fmt:kev:mtx:jpeg2000&svc.format=image/png&svc.level=1&svc.rotate=0&svc.region=0,0,500,500 HTTP/1.1" 503 321 "-" "Mozilla/5.0 (X11; U; Linux i686; en-US; rv:1.9.0.18) Gecko/2010021501 Ubuntu/9.04 (jaunty) Firefox/3.0.18"
10.209.102.99 - - [13/May/2010:18:24:14 +0000] "GET /durastore/stores HTTP/1.1" 200 306 "-" "Jakarta Commons-HttpClient/3.1"
10.209.102.99 - - [13/May/2010:18:24:14 +0000] "GET /durastore/stores HTTP/1.1" 200 306 "-" "Jakarta Commons-HttpClient/3.1"
10.209.102.99 - - [13/May/2010:18:24:14 +0000] "GET /durastore/stores HTTP/1.1" 200 306 "-" "Jakarta Commons-HttpClient/3.1"
10.209.102.99 - - [13/May/2010:18:24:14 +0000] "GET /durastore/awoods/duracloud-cni-prezi.zip?storeID=0 HTTP/1.1" 200 171864 "-" "Jakarta Commons-HttpClient/3.1"
127.0.0.1 - - [13/May/2010:18:24:19 +0000] "GET /durastore/stores HTTP/1.1" 200 306 "-" "Jakarta Commons-HttpClient/3.1"
127.0.0.1 - - [13/May/2010:18:24:19 +0000] "HEAD /durastore/awoods?storeID=0 HTTP/1.1" 200 - "-" "Jakarta Commons-HttpClient/3.1"
127.0.0.1 - - [13/May/2010:18:24:45 +0000] "GET /durastore/stores HTTP/1.1" 200 306 "-" "Jakarta Commons-HttpClient/3.1"
127.0.0.1 - - [13/May/2010:18:24:45 +0000] "HEAD /durastore/awoods?storeID=0 HTTP/1.1" 200 - "-" "Jakarta Commons-HttpClient/3.1"
173.73.6.67 - - [13/May/2010:18:24:45 +0000] "GET /durastore/awoods/DSCN0390.JPG HTTP/1.0" 200 2595499 "-" "Wget/1.11.4"
127.0.0.1 - - [13/May/2010:18:26:16 +0000] "GET /durastore/stores HTTP/1.1" 200 306 "-" "Jakarta Commons-HttpClient/3.1"
127.0.0.1 - - [13/May/2010:18:26:16 +0000] "HEAD /durastore/awoods?storeID=0 HTTP/1.1" 200 - "-" "Jakarta Commons-HttpClient/3.1"
173.73.6.67 - - [13/May/2010:18:26:16 +0000] "GET /durastore/awoods/DSCN0390.JPG HTTP/1.0" 200 2595499 "-" "Wget/1.11.4"
127.0.0.1 - - [13/May/2010:18:26:36 +0000] "GET /durastore/stores HTTP/1.1" 200 306 "-" "Jakarta Commons-HttpClient/3.1"
127.0.0.1 - - [13/May/2010:18:26:36 +0000] "HEAD /durastore/awoods?storeID=0 HTTP/1.1" 200 - "-" "Jakarta Commons-HttpClient/3.1"
173.73.6.67 - - [13/May/2010:18:26:36 +0000] "GET /durastore/awoods/DSCN0390.JPG HTTP/1.0" 200 2595499 "-" "Wget/1.11.4"
173.73.6.67 - - [13/May/2010:18:31:31 +0000] "GET /durastore/awoods/DSCN0390.JPG HTTP/1.0" 301 435 "-" "Wget/1.11.4"
173.73.6.67 - - [13/May/2010:18:36:43 +0000] "GET /durastore/awoods/DSCN0390.JPG HTTP/1.1" 301 314 "-" "Mozilla/5.0 (X11; U; Linux i686; en-US; rv:1.9.0.18) Gecko/2010021501 Ubuntu/9.04 (jaunty) Firefox/3.0.18"
10.209.102.99 - - [13/May/2010:18:39:45 +0000] "GET /durastore/stores HTTP/1.1" 301 422 "-" "Jakarta Commons-HttpClient/3.1"
10.209.102.99 - - [13/May/2010:18:39:45 +0000] "GET /durastore/stores HTTP/1.1" 301 422 "-" "Jakarta Commons-HttpClient/3.1"
173.73.6.67 - - [13/May/2010:18:40:47 +0000] "GET /durastore/awoods/DSCN0390.JPG HTTP/1.1" 301 314 "-" "Mozilla/5.0 (X11; U; Linux i686; en-US; rv:1.9.0.18) Gecko/2010021501 Ubuntu/9.04 (jaunty) Firefox/3.0.18"
127.0.0.1 - - [13/May/2010:18:51:49 +0000] "GET /durastore/stores HTTP/1.1" 200 306 "-" "Jakarta Commons-HttpClient/3.1"
127.0.0.1 - - [13/May/2010:18:51:49 +0000] "HEAD /durastore/awoods?storeID=0 HTTP/1.1" 200 - "-" "Jakarta Commons-HttpClient/3.1"
173.73.6.67 - - [13/May/2010:18:51:49 +0000] "GET /durastore/awoods/DSCN0390.JPG HTTP/1.0" 200 2595499 "-" "Wget/1.11.4"
127.0.0.1 - - [13/May/2010:18:53:30 +0000] "GET /durastore/stores HTTP/1.1" 200 306 "-" "Jakarta Commons-HttpClient/3.1"
127.0.0.1 - - [13/May/2010:18:53:30 +0000] "HEAD /durastore/awoods?storeID=0 HTTP/1.1" 200 - "-" "Jakarta Commons-HttpClient/3.1"
173.73.6.67 - - [13/May/2010:18:53:30 +0000] "GET /durastore/awoods/DSCN0390.JPG HTTP/1.0" 200 2595499 "-" "Wget/1.11.4"
127.0.0.1 - - [13/May/2010:18:54:01 +0000] "GET /durastore/stores HTTP/1.1" 200 306 "-" "Jakarta Commons-HttpClient/3.1"
127.0.0.1 - - [13/May/2010:18:54:01 +0000] "HEAD /durastore/awoods?storeID=0 HTTP/1.1" 200 - "-" "Jakarta Commons-HttpClient/3.1"
173.73.6.67 - - [13/May/2010:18:54:01 +0000] "GET /durastore/awoods/DSCN0390.JPG HTTP/1.0" 200 2595499 "-" "Wget/1.11.4"
127.0.0.1 - - [13/May/2010:18:54:32 +0000] "GET /durastore/stores HTTP/1.1" 200 306 "-" "Jakarta Commons-HttpClient/3.1"
127.0.0.1 - - [13/May/2010:18:54:32 +0000] "HEAD /durastore/awoods?storeID=0 HTTP/1.1" 200 - "-" "Jakarta Commons-HttpClient/3.1"
173.73.6.67 - - [13/May/2010:18:54:32 +0000] "GET /durastore/awoods/DSCN0390.JPG HTTP/1.0" 200 2595499 "-" "Wget/1.11.4"
127.0.0.1 - - [13/May/2010:18:56:12 +0000] "GET /durastore/stores HTTP/1.1" 200 306 "-" "Jakarta Commons-HttpClient/3.1"
127.0.0.1 - - [13/May/2010:18:56:12 +0000] "HEAD /durastore/awoods?storeID=0 HTTP/1.1" 200 - "-" "Jakarta Commons-HttpClient/3.1"
173.73.6.67 - - [13/May/2010:18:56:12 +0000] "GET /durastore/awoods/DSCN0390.JPG HTTP/1.0" 200 2595499 "-" "Wget/1.11.4"
127.0.0.1 - - [13/May/2010:18:56:39 +0000] "GET /durastore/stores HTTP/1.1" 200 306 "-" "Jakarta Commons-HttpClient/3.1"
127.0.0.1 - - [13/May/2010:18:56:39 +0000] "HEAD /durastore/awoods?storeID=0 HTTP/1.1" 200 - "-" "Jakarta Commons-HttpClient/3.1"
173.73.6.67 - - [13/May/2010:18:56:39 +0000] "GET /durastore/awoods/DSCN0390.JPG HTTP/1.0" 200 2595499 "-" "Wget/1.11.4"
173.73.6.67 - - [13/May/2010:19:00:08 +0000] "GET /durastore/awoods/DSCN0390.JPG HTTP/1.0" 301 435 "-" "Wget/1.11.4"
127.0.0.1 - - [13/May/2010:19:01:04 +0000] "GET /durastore/stores HTTP/1.1" 200 306 "-" "Jakarta Commons-HttpClient/3.1"
127.0.0.1 - - [13/May/2010:19:01:04 +0000] "HEAD /durastore/awoods?storeID=0 HTTP/1.1" 200 - "-" "Jakarta Commons-HttpClient/3.1"
10.209.102.99 - - [13/May/2010:19:22:28 +0000] "GET /durastore/stores HTTP/1.1" 301 422 "-" "Jakarta Commons-HttpClient/3.1"
10.209.102.99 - - [13/May/2010:19:22:31 +0000] "GET /durastore/stores HTTP/1.1" 301 422 "-" "Jakarta Commons-HttpClient/3.1"
10.209.102.99 - - [13/May/2010:19:22:41 +0000] "GET /durastore/stores HTTP/1.1" 301 422 "-" "Jakarta Commons-HttpClient/3.1"
10.209.102.99 - - [13/May/2010:19:22:41 +0000] "GET /durastore/stores HTTP/1.1" 301 422 "-" "Jakarta Commons-HttpClient/3.1"
10.209.102.99 - - [13/May/2010:19:22:41 +0000] "GET /durastore/stores HTTP/1.1" 301 422 "-" "Jakarta Commons-HttpClient/3.1"
10.209.102.99 - - [13/May/2010:19:22:46 +0000] "GET /durastore/stores HTTP/1.1" 301 422 "-" "Jakarta Commons-HttpClient/3.1"
10.209.102.99 - - [13/May/2010:19:22:46 +0000] "GET /durastore/spaces?storeID=0 HTTP/1.1" 301 432 "-" "Jakarta Commons-HttpClient/3.1"
10.209.102.99 - - [13/May/2010:19:22:46 +0000] "GET /durastore/stores HTTP/1.1" 301 422 "-" "Jakarta Commons-HttpClient/3.1"
10.209.102.99 - - [13/May/2010:19:22:47 +0000] "GET /durastore/stores HTTP/1.1" 301 422 "-" "Jakarta Commons-HttpClient/3.1"
10.209.102.99 - - [13/May/2010:19:22:47 +0000] "GET /durastore/stores HTTP/1.1" 301 422 "-" "Jakarta Commons-HttpClient/3.1"
127.0.0.1 - - [13/May/2010:19:22:57 +0000] "GET /durastore/stores HTTP/1.1" 200 306 "-" "Jakarta Commons-HttpClient/3.1"
127.0.0.1 - - [13/May/2010:19:22:57 +0000] "HEAD /durastore/awoods?storeID=0 HTTP/1.1" 200 - "-" "Jakarta Commons-HttpClient/3.1"
173.73.6.67 - - [13/May/2010:19:23:11 +0000] "GET /durastore/awoods/DSCN0390.JPG HTTP/1.0" 301 435 "-" "Wget/1.11.4"
127.0.0.1 - - [13/May/2010:19:23:11 +0000] "GET /durastore/stores HTTP/1.1" 200 306 "-" "Jakarta Commons-HttpClient/3.1"
127.0.0.1 - - [13/May/2010:19:23:11 +0000] "HEAD /durastore/awoods?storeID=0 HTTP/1.1" 200 - "-" "Jakarta Commons-HttpClient/3.1"
10.209.102.99 - - [13/May/2010:19:23:19 +0000] "GET /durastore/stores HTTP/1.1" 301 422 "-" "Jakarta Commons-HttpClient/3.1"
10.209.102.99 - - [13/May/2010:19:23:19 +0000] "GET /durastore/stores HTTP/1.1" 301 422 "-" "Jakarta Commons-HttpClient/3.1"
10.209.102.99 - - [13/May/2010:19:23:20 +0000] "GET /durastore/stores HTTP/1.1" 301 422 "-" "Jakarta Commons-HttpClient/3.1"
10.209.102.99 - - [13/May/2010:19:23:20 +0000] "GET /durastore/awoods?maxResults=10&storeID=0 HTTP/1.1" 301 450 "-" "Jakarta Commons-HttpClient/3.1"
10.209.102.99 - - [13/May/2010:19:23:20 +0000] "GET /durastore/stores HTTP/1.1" 301 422 "-" "Jakarta Commons-HttpClient/3.1"
10.209.102.99 - - [13/May/2010:19:23:21 +0000] "GET /durastore/stores HTTP/1.1" 301 422 "-" "Jakarta Commons-HttpClient/3.1"
10.209.102.99 - - [13/May/2010:19:23:22 +0000] "GET /durastore/stores HTTP/1.1" 301 422 "-" "Jakarta Commons-HttpClient/3.1"
10.209.102.99 - - [13/May/2010:19:23:22 +0000] "GET /durastore/stores HTTP/1.1" 301 422 "-" "Jakarta Commons-HttpClient/3.1"
10.209.102.99 - - [13/May/2010:19:23:22 +0000] "GET /durastore/stores HTTP/1.1" 301 422 "-" "Jakarta Commons-HttpClient/3.1"
173.73.6.67 - - [13/May/2010:19:23:27 +0000] "GET /adore-djatoka-p18080/resolver?url_ver=Z39.88-2004&rft_id=http%3A//ec2-184-73-12-65.compute-1.amazonaws.com%3A80/durastore/awoods/DSCN0390.JPG%3FstoreID%3D0&svc_id=info:lanl-repo/svc/getRegion&svc_val_fmt=info:ofi/fmt:kev:mtx:jpeg2000&svc.format=image/png&svc.level=1&svc.rotate=0&svc.region=0,0,500,500 HTTP/1.1" 503 321 "-" "Mozilla/5.0 (X11; U; Linux i686; en-US; rv:1.9.0.18) Gecko/2010021501 Ubuntu/9.04 (jaunty) Firefox/3.0.18"
10.209.102.99 - - [13/May/2010:19:23:29 +0000] "GET /durastore/stores HTTP/1.1" 301 422 "-" "Jakarta Commons-HttpClient/3.1"
10.209.102.99 - - [13/May/2010:19:23:29 +0000] "GET /durastore/awoods?storeID=0 HTTP/1.1" 301 432 "-" "Jakarta Commons-HttpClient/3.1"
10.209.102.99 - - [13/May/2010:19:23:29 +0000] "POST /durastore/awoods?storeID=0 HTTP/1.1" 301 432 "-" "Jakarta Commons-HttpClient/3.1"
10.209.102.99 - - [13/May/2010:19:23:29 +0000] "GET /durastore/stores HTTP/1.1" 301 422 "-" "Jakarta Commons-HttpClient/3.1"
10.209.102.99 - - [13/May/2010:19:23:29 +0000] "GET /durastore/stores HTTP/1.1" 301 422 "-" "Jakarta Commons-HttpClient/3.1"
10.209.102.99 - - [13/May/2010:19:23:29 +0000] "GET /durastore/stores HTTP/1.1" 301 422 "-" "Jakarta Commons-HttpClient/3.1"
10.209.102.99 - - [13/May/2010:19:23:37 +0000] "GET /durastore/stores HTTP/1.1" 301 422 "-" "Jakarta Commons-HttpClient/3.1"
10.209.102.99 - - [13/May/2010:19:23:37 +0000] "GET /durastore/spaces?storeID=0 HTTP/1.1" 301 432 "-" "Jakarta Commons-HttpClient/3.1"
10.209.102.99 - - [13/May/2010:19:23:37 +0000] "GET /durastore/stores HTTP/1.1" 301 422 "-" "Jakarta Commons-HttpClient/3.1"
10.209.102.99 - - [13/May/2010:19:23:37 +0000] "GET /durastore/stores HTTP/1.1" 301 422 "-" "Jakarta Commons-HttpClient/3.1"
10.209.102.99 - - [13/May/2010:19:23:37 +0000] "GET /durastore/stores HTTP/1.1" 301 422 "-" "Jakarta Commons-HttpClient/3.1"
10.209.102.99 - - [13/May/2010:19:23:42 +0000] "GET /durastore/stores HTTP/1.1" 301 422 "-" "Jakarta Commons-HttpClient/3.1"
10.209.102.99 - - [13/May/2010:19:23:42 +0000] "GET /durastore/awoods?storeID=0 HTTP/1.1" 301 432 "-" "Jakarta Commons-HttpClient/3.1"
10.209.102.99 - - [13/May/2010:19:23:44 +0000] "GET /durastore/stores HTTP/1.1" 301 422 "-" "Jakarta Commons-HttpClient/3.1"
10.209.102.99 - - [13/May/2010:19:23:44 +0000] "GET /durastore/stores HTTP/1.1" 301 422 "-" "Jakarta Commons-HttpClient/3.1"
10.209.102.99 - - [13/May/2010:19:23:44 +0000] "GET /durastore/awoods?maxResults=10&storeID=0 HTTP/1.1" 301 450 "-" "Jakarta Commons-HttpClient/3.1"
10.209.102.99 - - [13/May/2010:19:23:46 +0000] "GET /durastore/stores HTTP/1.1" 301 422 "-" "Jakarta Commons-HttpClient/3.1"
10.209.102.99 - - [13/May/2010:19:23:46 +0000] "GET /durastore/stores HTTP/1.1" 301 422 "-" "Jakarta Commons-HttpClient/3.1"
10.209.102.99 - - [13/May/2010:19:23:46 +0000] "GET /durastore/stores HTTP/1.1" 301 422 "-" "Jakarta Commons-HttpClient/3.1"
10.209.102.99 - - [13/May/2010:19:23:46 +0000] "GET /durastore/stores HTTP/1.1" 301 422 "-" "Jakarta Commons-HttpClient/3.1"
10.209.102.99 - - [13/May/2010:19:23:51 +0000] "GET /durastore/stores HTTP/1.1" 301 422 "-" "Jakarta Commons-HttpClient/3.1"
10.209.102.99 - - [13/May/2010:19:23:51 +0000] "GET /durastore/awoods/DSCN0390.JPG?storeID=0 HTTP/1.1" 301 445 "-" "Jakarta Commons-HttpClient/3.1"
10.209.102.99 - - [13/May/2010:19:23:51 +0000] "GET /durastore/stores HTTP/1.1" 301 422 "-" "Jakarta Commons-HttpClient/3.1"
10.209.102.99 - - [13/May/2010:19:23:51 +0000] "GET /durastore/awoods/EULA_Oxygen.txt?storeID=0 HTTP/1.1" 301 448 "-" "Jakarta Commons-HttpClient/3.1"
10.209.102.99 - - [13/May/2010:19:23:51 +0000] "GET /durastore/stores HTTP/1.1" 301 422 "-" "Jakarta Commons-HttpClient/3.1"
10.209.102.99 - - [13/May/2010:19:23:51 +0000] "GET /durastore/stores HTTP/1.1" 301 422 "-" "Jakarta Commons-HttpClient/3.1"
10.209.102.99 - - [13/May/2010:19:23:51 +0000] "GET /durastore/stores HTTP/1.1" 301 422 "-" "Jakarta Commons-HttpClient/3.1"
10.209.102.99 - - [13/May/2010:19:23:52 +0000] "GET /durastore/awoods/chambersencyclop05londuoft-error.txt?storeID=0 HTTP/1.1" 301 469 "-" "Jakarta Commons-HttpClient/3.1"
10.209.102.99 - - [13/May/2010:19:23:52 +0000] "GET /durastore/stores HTTP/1.1" 301 422 "-" "Jakarta Commons-HttpClient/3.1"
10.209.102.99 - - [13/May/2010:19:23:53 +0000] "GET /durastore/awoods/duracloud-cni-prezi.zip?storeID=0 HTTP/1.1" 301 456 "-" "Jakarta Commons-HttpClient/3.1"
10.209.102.99 - - [13/May/2010:19:23:53 +0000] "GET /durastore/stores HTTP/1.1" 301 422 "-" "Jakarta Commons-HttpClient/3.1"
10.209.102.99 - - [13/May/2010:19:23:54 +0000] "GET /durastore/awoods/eggnog-2009.jpeg?storeID=0 HTTP/1.1" 301 449 "-" "Jakarta Commons-HttpClient/3.1"
10.209.102.99 - - [13/May/2010:19:23:54 +0000] "GET /durastore/awoods/Forrester_Wave__US_Online_Video_Platforms.pdf?storeID=0 HTTP/1.1" 301 478 "-" "Jakarta Commons-HttpClient/3.1"
10.209.102.99 - - [13/May/2010:19:23:54 +0000] "GET /durastore/awoods/new.pdf?storeID=0 HTTP/1.1" 301 440 "-" "Jakarta Commons-HttpClient/3.1"
10.209.102.99 - - [13/May/2010:19:23:55 +0000] "GET /durastore/stores HTTP/1.1" 301 422 "-" "Jakarta Commons-HttpClient/3.1"
10.209.102.99 - - [13/May/2010:19:23:55 +0000] "GET /durastore/awoods?storeID=0 HTTP/1.1" 301 432 "-" "Jakarta Commons-HttpClient/3.1"
10.209.102.99 - - [13/May/2010:19:23:56 +0000] "POST /durastore/awoods?storeID=0 HTTP/1.1" 301 432 "-" "Jakarta Commons-HttpClient/3.1"
10.209.102.99 - - [13/May/2010:19:23:56 +0000] "GET /durastore/stores HTTP/1.1" 301 422 "-" "Jakarta Commons-HttpClient/3.1"
10.209.102.99 - - [13/May/2010:19:23:56 +0000] "GET /durastore/stores HTTP/1.1" 301 422 "-" "Jakarta Commons-HttpClient/3.1"
10.209.102.99 - - [13/May/2010:19:23:56 +0000] "GET /durastore/stores HTTP/1.1" 301 422 "-" "Jakarta Commons-HttpClient/3.1"
10.209.102.99 - - [13/May/2010:19:24:40 +0000] "GET /durastore/spaces?storeID=0 HTTP/1.1" 301 432 "-" "Jakarta Commons-HttpClient/3.1"
10.209.102.99 - - [13/May/2010:19:24:40 +0000] "GET /durastore/stores HTTP/1.1" 301 422 "-" "Jakarta Commons-HttpClient/3.1"
10.209.102.99 - - [13/May/2010:19:24:40 +0000] "GET /durastore/stores HTTP/1.1" 301 422 "-" "Jakarta Commons-HttpClient/3.1"
10.209.102.99 - - [13/May/2010:19:24:40 +0000] "GET /durastore/stores HTTP/1.1" 301 422 "-" "Jakarta Commons-HttpClient/3.1"
10.209.102.99 - - [13/May/2010:19:24:40 +0000] "GET /durastore/stores HTTP/1.1" 301 422 "-" "Jakarta Commons-HttpClient/3.1"
10.209.102.99 - - [13/May/2010:19:24:45 +0000] "GET /durastore/stores HTTP/1.1" 301 422 "-" "Jakarta Commons-HttpClient/3.1"
10.209.102.99 - - [13/May/2010:19:24:45 +0000] "GET /durastore/awoods?storeID=0 HTTP/1.1" 301 432 "-" "Jakarta Commons-HttpClient/3.1"
10.209.102.99 - - [13/May/2010:19:24:57 +0000] "GET /durastore/stores HTTP/1.1" 301 422 "-" "Jakarta Commons-HttpClient/3.1"
10.209.102.99 - - [13/May/2010:19:24:57 +0000] "GET /durastore/stores HTTP/1.1" 301 422 "-" "Jakarta Commons-HttpClient/3.1"
10.209.102.99 - - [13/May/2010:19:24:57 +0000] "GET /durastore/awoods?maxResults=10&storeID=0 HTTP/1.1" 301 450 "-" "Jakarta Commons-HttpClient/3.1"
10.209.102.99 - - [13/May/2010:19:24:58 +0000] "GET /durastore/stores HTTP/1.1" 301 422 "-" "Jakarta Commons-HttpClient/3.1"
10.209.102.99 - - [13/May/2010:19:24:58 +0000] "GET /durastore/stores HTTP/1.1" 301 422 "-" "Jakarta Commons-HttpClient/3.1"
10.209.102.99 - - [13/May/2010:19:24:58 +0000] "GET /durastore/stores HTTP/1.1" 301 422 "-" "Jakarta Commons-HttpClient/3.1"
10.209.102.99 - - [13/May/2010:19:24:58 +0000] "GET /durastore/stores HTTP/1.1" 301 422 "-" "Jakarta Commons-HttpClient/3.1"
10.209.102.99 - - [13/May/2010:19:25:03 +0000] "GET /durastore/stores HTTP/1.1" 301 422 "-" "Jakarta Commons-HttpClient/3.1"
10.209.102.99 - - [13/May/2010:19:25:03 +0000] "GET /durastore/awoods/DSCN0390.JPG?storeID=0 HTTP/1.1" 301 445 "-" "Jakarta Commons-HttpClient/3.1"
10.209.102.99 - - [13/May/2010:19:25:03 +0000] "GET /durastore/awoods/EULA_Oxygen.txt?storeID=0 HTTP/1.1" 301 448 "-" "Jakarta Commons-HttpClient/3.1"
10.209.102.99 - - [13/May/2010:19:25:03 +0000] "GET /durastore/stores HTTP/1.1" 301 422 "-" "Jakarta Commons-HttpClient/3.1"
10.209.102.99 - - [13/May/2010:19:25:03 +0000] "GET /durastore/stores HTTP/1.1" 301 422 "-" "Jakarta Commons-HttpClient/3.1"
10.209.102.99 - - [13/May/2010:19:25:03 +0000] "GET /durastore/awoods/Forrester_Wave__US_Online_Video_Platforms.pdf?storeID=0 HTTP/1.1" 301 478 "-" "Jakarta Commons-HttpClient/3.1"
10.209.102.99 - - [13/May/2010:19:25:04 +0000] "GET /durastore/stores HTTP/1.1" 301 422 "-" "Jakarta Commons-HttpClient/3.1"
10.209.102.99 - - [13/May/2010:19:25:04 +0000] "GET /durastore/awoods/chambersencyclop05londuoft-error.txt?storeID=0 HTTP/1.1" 301 469 "-" "Jakarta Commons-HttpClient/3.1"
10.209.102.99 - - [13/May/2010:19:25:04 +0000] "GET /durastore/awoods/new.pdf?storeID=0 HTTP/1.1" 301 440 "-" "Jakarta Commons-HttpClient/3.1"
10.209.102.99 - - [13/May/2010:19:25:04 +0000] "GET /durastore/stores HTTP/1.1" 301 422 "-" "Jakarta Commons-HttpClient/3.1"
10.209.102.99 - - [13/May/2010:19:25:04 +0000] "GET /durastore/stores HTTP/1.1" 301 422 "-" "Jakarta Commons-HttpClient/3.1"
10.209.102.99 - - [13/May/2010:19:25:04 +0000] "GET /durastore/stores HTTP/1.1" 301 422 "-" "Jakarta Commons-HttpClient/3.1"
10.209.102.99 - - [13/May/2010:19:25:04 +0000] "GET /durastore/awoods/eggnog-2009.jpeg?storeID=0 HTTP/1.1" 301 449 "-" "Jakarta Commons-HttpClient/3.1"
10.209.102.99 - - [13/May/2010:19:25:04 +0000] "GET /durastore/awoods/duracloud-cni-prezi.zip?storeID=0 HTTP/1.1" 301 456 "-" "Jakarta Commons-HttpClient/3.1"
10.209.102.99 - - [13/May/2010:19:25:12 +0000] "GET /durastore/awoods?storeID=0 HTTP/1.1" 301 432 "-" "Jakarta Commons-HttpClient/3.1"
10.209.102.99 - - [13/May/2010:19:25:12 +0000] "GET /durastore/stores HTTP/1.1" 301 422 "-" "Jakarta Commons-HttpClient/3.1"
10.209.102.99 - - [13/May/2010:19:25:16 +0000] "POST /durastore/awoods?storeID=0 HTTP/1.1" 301 432 "-" "Jakarta Commons-HttpClient/3.1"
10.209.102.99 - - [13/May/2010:19:25:16 +0000] "GET /durastore/stores HTTP/1.1" 301 422 "-" "Jakarta Commons-HttpClient/3.1"
10.209.102.99 - - [13/May/2010:19:25:16 +0000] "GET /durastore/stores HTTP/1.1" 301 422 "-" "Jakarta Commons-HttpClient/3.1"
10.209.102.99 - - [13/May/2010:19:25:16 +0000] "GET /durastore/stores HTTP/1.1" 301 422 "-" "Jakarta Commons-HttpClient/3.1"
173.73.6.67 - - [13/May/2010:19:58:33 +0000] "GET /durastore/awoods/DSCN0390.JPG HTTP/1.0" 301 435 "-" "Wget/1.11.4"
127.0.0.1 - - [13/May/2010:19:58:33 +0000] "GET /durastore/stores HTTP/1.1" 200 306 "-" "Jakarta Commons-HttpClient/3.1"
127.0.0.1 - - [13/May/2010:19:58:33 +0000] "HEAD /durastore/awoods?storeID=0 HTTP/1.1" 200 - "-" "Jakarta Commons-HttpClient/3.1"
173.73.6.67 - - [13/May/2010:19:59:18 +0000] "GET /durastore/awoods/DSCN0390.JPG HTTP/1.0" 301 435 "-" "Wget/1.11.4"
127.0.0.1 - - [13/May/2010:19:59:18 +0000] "GET /durastore/stores HTTP/1.1" 200 306 "-" "Jakarta Commons-HttpClient/3.1"
127.0.0.1 - - [13/May/2010:19:59:18 +0000] "HEAD /durastore/awoods?storeID=0 HTTP/1.1" 200 - "-" "Jakarta Commons-HttpClient/3.1"
173.73.6.67 - - [13/May/2010:20:00:53 +0000] "GET /durastore/awoods/DSCN0390.JPG HTTP/1.0" 301 435 "-" "Wget/1.11.4"
127.0.0.1 - - [13/May/2010:20:00:54 +0000] "GET /durastore/stores HTTP/1.1" 200 306 "-" "Jakarta Commons-HttpClient/3.1"
127.0.0.1 - - [13/May/2010:20:00:54 +0000] "HEAD /durastore/awoods?storeID=0 HTTP/1.1" 200 - "-" "Jakarta Commons-HttpClient/3.1"
173.73.6.67 - - [13/May/2010:20:05:20 +0000] "GET /durastore/awoods/DSCN0390.JPG HTTP/1.0" 301 435 "-" "Wget/1.11.4"
127.0.0.1 - - [13/May/2010:20:05:20 +0000] "GET /durastore/stores HTTP/1.1" 200 306 "-" "Jakarta Commons-HttpClient/3.1"
127.0.0.1 - - [13/May/2010:20:05:20 +0000] "HEAD /durastore/awoods?storeID=0 HTTP/1.1" 200 - "-" "Jakarta Commons-HttpClient/3.1"
10.209.102.99 - - [13/May/2010:20:06:16 +0000] "GET /durastore/stores HTTP/1.1" 301 422 "-" "Jakarta Commons-HttpClient/3.1"
10.209.102.99 - - [13/May/2010:20:06:16 +0000] "GET /durastore/stores HTTP/1.1" 301 422 "-" "Jakarta Commons-HttpClient/3.1"
10.209.102.99 - - [13/May/2010:20:06:26 +0000] "GET /durastore/stores HTTP/1.1" 301 422 "-" "Jakarta Commons-HttpClient/3.1"
10.209.102.99 - - [13/May/2010:20:06:26 +0000] "GET /durastore/stores HTTP/1.1" 301 422 "-" "Jakarta Commons-HttpClient/3.1"
10.209.102.99 - - [13/May/2010:20:06:26 +0000] "GET /durastore/stores HTTP/1.1" 301 422 "-" "Jakarta Commons-HttpClient/3.1"
10.209.102.99 - - [13/May/2010:20:06:33 +0000] "GET /durastore/stores HTTP/1.1" 301 422 "-" "Jakarta Commons-HttpClient/3.1"
10.209.102.99 - - [13/May/2010:20:06:33 +0000] "GET /durastore/spaces?storeID=0 HTTP/1.1" 301 432 "-" "Jakarta Commons-HttpClient/3.1"
10.209.102.99 - - [13/May/2010:20:06:33 +0000] "GET /durastore/stores HTTP/1.1" 301 422 "-" "Jakarta Commons-HttpClient/3.1"
10.209.102.99 - - [13/May/2010:20:06:33 +0000] "GET /durastore/stores HTTP/1.1" 301 422 "-" "Jakarta Commons-HttpClient/3.1"
10.209.102.99 - - [13/May/2010:20:06:33 +0000] "GET /durastore/stores HTTP/1.1" 301 422 "-" "Jakarta Commons-HttpClient/3.1"
10.209.102.99 - - [13/May/2010:20:06:38 +0000] "GET /durastore/stores HTTP/1.1" 301 422 "-" "Jakarta Commons-HttpClient/3.1"
10.209.102.99 - - [13/May/2010:20:06:38 +0000] "GET /durastore/awoods?storeID=0 HTTP/1.1" 301 432 "-" "Jakarta Commons-HttpClient/3.1"
10.209.102.99 - - [13/May/2010:20:06:44 +0000] "GET /durastore/stores HTTP/1.1" 301 422 "-" "Jakarta Commons-HttpClient/3.1"
10.209.102.99 - - [13/May/2010:20:06:44 +0000] "GET /durastore/stores HTTP/1.1" 301 422 "-" "Jakarta Commons-HttpClient/3.1"
10.209.102.99 - - [13/May/2010:20:06:45 +0000] "GET /durastore/stores HTTP/1.1" 301 422 "-" "Jakarta Commons-HttpClient/3.1"
10.209.102.99 - - [13/May/2010:20:06:45 +0000] "GET /durastore/stores HTTP/1.1" 301 422 "-" "Jakarta Commons-HttpClient/3.1"
10.209.102.99 - - [13/May/2010:20:06:45 +0000] "GET /durastore/awoods?maxResults=10&storeID=0 HTTP/1.1" 301 450 "-" "Jakarta Commons-HttpClient/3.1"
10.209.102.99 - - [13/May/2010:20:06:45 +0000] "GET /durastore/stores HTTP/1.1" 301 422 "-" "Jakarta Commons-HttpClient/3.1"
10.209.102.99 - - [13/May/2010:20:06:45 +0000] "GET /durastore/stores HTTP/1.1" 301 422 "-" "Jakarta Commons-HttpClient/3.1"
10.209.102.99 - - [13/May/2010:20:06:45 +0000] "GET /durastore/stores HTTP/1.1" 301 422 "-" "Jakarta Commons-HttpClient/3.1"
10.209.102.99 - - [13/May/2010:20:06:45 +0000] "GET /durastore/stores HTTP/1.1" 301 422 "-" "Jakarta Commons-HttpClient/3.1"
10.209.102.99 - - [13/May/2010:20:06:50 +0000] "GET /durastore/stores HTTP/1.1" 301 422 "-" "Jakarta Commons-HttpClient/3.1"
10.209.102.99 - - [13/May/2010:20:06:50 +0000] "GET /durastore/awoods/DSCN0390.JPG?storeID=0 HTTP/1.1" 301 445 "-" "Jakarta Commons-HttpClient/3.1"
10.209.102.99 - - [13/May/2010:20:06:50 +0000] "GET /durastore/stores HTTP/1.1" 301 422 "-" "Jakarta Commons-HttpClient/3.1"
10.209.102.99 - - [13/May/2010:20:06:50 +0000] "GET /durastore/awoods/EULA_Oxygen.txt?storeID=0 HTTP/1.1" 301 448 "-" "Jakarta Commons-HttpClient/3.1"
10.209.102.99 - - [13/May/2010:20:06:50 +0000] "GET /durastore/stores HTTP/1.1" 301 422 "-" "Jakarta Commons-HttpClient/3.1"
10.209.102.99 - - [13/May/2010:20:06:50 +0000] "GET /durastore/awoods/Forrester_Wave__US_Online_Video_Platforms.pdf?storeID=0 HTTP/1.1" 301 478 "-" "Jakarta Commons-HttpClient/3.1"
10.209.102.99 - - [13/May/2010:20:06:52 +0000] "GET /durastore/stores HTTP/1.1" 301 422 "-" "Jakarta Commons-HttpClient/3.1"
10.209.102.99 - - [13/May/2010:20:06:52 +0000] "GET /durastore/stores HTTP/1.1" 301 422 "-" "Jakarta Commons-HttpClient/3.1"
10.209.102.99 - - [13/May/2010:20:06:52 +0000] "GET /durastore/awoods/chambersencyclop05londuoft-error.txt?storeID=0 HTTP/1.1" 301 469 "-" "Jakarta Commons-HttpClient/3.1"
10.209.102.99 - - [13/May/2010:20:06:52 +0000] "GET /durastore/awoods/new.pdf?storeID=0 HTTP/1.1" 301 440 "-" "Jakarta Commons-HttpClient/3.1"
10.209.102.99 - - [13/May/2010:20:06:52 +0000] "GET /durastore/stores HTTP/1.1" 301 422 "-" "Jakarta Commons-HttpClient/3.1"
10.209.102.99 - - [13/May/2010:20:06:52 +0000] "GET /durastore/stores HTTP/1.1" 301 422 "-" "Jakarta Commons-HttpClient/3.1"
10.209.102.99 - - [13/May/2010:20:06:52 +0000] "GET /durastore/awoods/duracloud-cni-prezi.zip?storeID=0 HTTP/1.1" 301 456 "-" "Jakarta Commons-HttpClient/3.1"
10.209.102.99 - - [13/May/2010:20:06:52 +0000] "GET /durastore/awoods/eggnog-2009.jpeg?storeID=0 HTTP/1.1" 301 449 "-" "Jakarta Commons-HttpClient/3.1"
10.209.102.99 - - [13/May/2010:20:07:04 +0000] "GET /durastore/stores HTTP/1.1" 301 422 "-" "Jakarta Commons-HttpClient/3.1"
10.209.102.99 - - [13/May/2010:20:07:04 +0000] "GET /durastore/awoods?storeID=0 HTTP/1.1" 301 432 "-" "Jakarta Commons-HttpClient/3.1"
10.209.102.99 - - [13/May/2010:20:07:04 +0000] "POST /durastore/awoods?storeID=0 HTTP/1.1" 301 432 "-" "Jakarta Commons-HttpClient/3.1"
10.209.102.99 - - [13/May/2010:20:07:04 +0000] "GET /durastore/stores HTTP/1.1" 301 422 "-" "Jakarta Commons-HttpClient/3.1"
10.209.102.99 - - [13/May/2010:20:07:04 +0000] "GET /durastore/stores HTTP/1.1" 301 422 "-" "Jakarta Commons-HttpClient/3.1"
10.209.102.99 - - [13/May/2010:20:07:04 +0000] "GET /durastore/stores HTTP/1.1" 301 422 "-" "Jakarta Commons-HttpClient/3.1"
173.73.6.67 - - [13/May/2010:20:13:16 +0000] "GET /durastore/awoods/DSCN0390.JPG HTTP/1.0" 301 435 "-" "Wget/1.11.4"
127.0.0.1 - - [13/May/2010:20:13:16 +0000] "GET /durastore/stores HTTP/1.1" 200 306 "-" "Jakarta Commons-HttpClient/3.1"
127.0.0.1 - - [13/May/2010:20:13:16 +0000] "HEAD /durastore/awoods?storeID=0 HTTP/1.1" 200 - "-" "Jakarta Commons-HttpClient/3.1"
173.73.6.67 - - [13/May/2010:20:18:55 +0000] "GET /durastore/awoods/DSCN0390.JPG HTTP/1.0" 301 435 "-" "Wget/1.11.4"
127.0.0.1 - - [13/May/2010:20:18:55 +0000] "GET /durastore/stores HTTP/1.1" 200 306 "-" "Jakarta Commons-HttpClient/3.1"
127.0.0.1 - - [13/May/2010:20:18:55 +0000] "HEAD /durastore/awoods?storeID=0 HTTP/1.1" 200 - "-" "Jakarta Commons-HttpClient/3.1"
173.73.6.67 - - [13/May/2010:20:23:40 +0000] "GET /durastore/awoods/DSCN0390.JPG HTTP/1.0" 400 374 "-" "Wget/1.11.4"
173.73.6.67 - - [13/May/2010:20:23:51 +0000] "GET /durastore/awoods/DSCN0390.JPG HTTP/1.0" 400 374 "-" "Wget/1.11.4"
173.73.6.67 - - [13/May/2010:20:24:33 +0000] "GET /durastore/awoods/DSCN0390.JPG HTTP/1.0" 400 374 "-" "Wget/1.11.4"
173.73.6.67 - - [13/May/2010:20:27:21 +0000] "GET /durastore/awoods/DSCN0390.JPG HTTP/1.0" 400 374 "-" "Wget/1.11.4"
173.73.6.67 - - [13/May/2010:20:28:07 +0000] "GET /durastore/awoods/DSCN0390.JPG HTTP/1.0" 400 374 "-" "Wget/1.11.4"
173.73.6.67 - - [13/May/2010:20:29:09 +0000] "GET /durastore/awoods/DSCN0390.JPG HTTP/1.0" 400 374 "-" "Wget/1.11.4"
173.73.6.67 - - [13/May/2010:20:29:32 +0000] "GET /durastore/awoods/DSCN0390.JPG HTTP/1.0" 400 374 "-" "Wget/1.11.4"
173.73.6.67 - - [13/May/2010:20:30:04 +0000] "GET /durastore/awoods/DSCN0390.JPG HTTP/1.0" 400 374 "-" "Wget/1.11.4"
173.73.6.67 - - [13/May/2010:20:30:20 +0000] "GET /durastore/awoods/DSCN0390.JPG HTTP/1.0" 400 374 "-" "Wget/1.11.4"
173.73.6.67 - - [13/May/2010:20:30:58 +0000] "GET /durastore/awoods/DSCN0390.JPG HTTP/1.0" 400 374 "-" "Wget/1.11.4"
173.73.6.67 - - [13/May/2010:20:31:58 +0000] "GET /durastore/awoods/DSCN0390.JPG HTTP/1.0" 301 435 "-" "Wget/1.11.4"
127.0.0.1 - - [13/May/2010:20:31:58 +0000] "GET /durastore/stores HTTP/1.1" 200 306 "-" "Jakarta Commons-HttpClient/3.1"
127.0.0.1 - - [13/May/2010:20:31:58 +0000] "HEAD /durastore/awoods?storeID=0 HTTP/1.1" 200 - "-" "Jakarta Commons-HttpClient/3.1"
173.73.6.67 - - [13/May/2010:20:32:32 +0000] "GET /durastore/awoods/DSCN0390.JPG HTTP/1.0" 301 435 "-" "Wget/1.11.4"
127.0.0.1 - - [13/May/2010:20:32:32 +0000] "GET /durastore/stores HTTP/1.1" 200 306 "-" "Jakarta Commons-HttpClient/3.1"
127.0.0.1 - - [13/May/2010:20:32:32 +0000] "HEAD /durastore/awoods?storeID=0 HTTP/1.1" 200 - "-" "Jakarta Commons-HttpClient/3.1"
173.73.6.67 - - [13/May/2010:20:34:38 +0000] "GET /durastore/awoods/DSCN0390.JPG HTTP/1.0" 301 435 "-" "Wget/1.11.4"
127.0.0.1 - - [13/May/2010:20:34:38 +0000] "GET /durastore/stores HTTP/1.1" 200 306 "-" "Jakarta Commons-HttpClient/3.1"
127.0.0.1 - - [13/May/2010:20:34:38 +0000] "HEAD /durastore/awoods?storeID=0 HTTP/1.1" 200 - "-" "Jakarta Commons-HttpClient/3.1"
