220.181.108.165 - - [26/Aug/2014:07:40:46 -0600] "GET /entry/13226 HTTP/1.1" 200 4618 "-" "Mozilla/5.0 (compatible; Baiduspider/2.0; +http://www.baidu.com/search/spider.html)"
37.58.100.142 - - [26/Aug/2014:07:40:49 -0600] "GET /entry/near/17.9868%2C-66.2874/filter/veg_level=2?unit=mile;distance=20;sort_order=ASC;page=1;order_by=distance;address=00751;limit=20 HTTP/1.1" 200 6739 "-" "Mozilla/5.0 (compatible; AhrefsBot/5.0; +http://ahrefs.com/robot/)"
207.46.13.94 - - [26/Aug/2014:07:40:54 -0600] "GET /7b0744/css/vegguide-combined.css HTTP/1.1" 200 20810 "-" "Mozilla/5.0 (compatible; bingbot/2.0; +http://www.bing.com/bingbot.htm)"
66.249.69.161 - - [26/Aug/2014:07:40:59 -0600] "GET /region/554/filter/veg_level=2 HTTP/1.1" 200 4348 "-" "Mozilla/5.0 (compatible; Googlebot/2.1; +http://www.google.com/bot.html)"
199.30.20.2 - - [26/Aug/2014:07:41:00 -0600] "GET /entry-images/9178/9178-4029-small.jpg HTTP/1.1" 200 71057 "-" "msnbot-media/1.1 (+http://search.msn.com/msnbot.htm)"
199.30.20.2 - - [26/Aug/2014:07:41:02 -0600] "GET /entry-images/17772/17772-7439-small.jpg HTTP/1.1" 200 14769 "-" "msnbot-media/1.1 (+http://search.msn.com/msnbot.htm)"
183.60.213.53 - - [26/Aug/2014:07:41:02 -0600] "GET /region/2726 HTTP/1.1" 200 3054 "-" "Mozilla/5.0 (compatible; EasouSpider; +http://www.easou.com/search/spider.html)"
199.30.20.2 - - [26/Aug/2014:07:41:03 -0600] "GET /entry-images/18772/18772-8370-mini.jpg HTTP/1.1" 200 2871 "-" "msnbot-media/1.1 (+http://search.msn.com/msnbot.htm)"
199.30.20.2 - - [26/Aug/2014:07:41:04 -0600] "GET /entry-images/828/828-2843-small.png HTTP/1.1" 200 94344 "-" "msnbot-media/1.1 (+http://search.msn.com/msnbot.htm)"
199.30.20.2 - - [26/Aug/2014:07:41:05 -0600] "GET /entry-images/2634/2634-1144-small.jpg HTTP/1.1" 200 19421 "-" "msnbot-media/1.1 (+http://search.msn.com/msnbot.htm)"
37.58.100.142 - - [26/Aug/2014:07:41:09 -0600] "GET /entry/near/29.8572%2C-95.5742/filter?unit=mile;distance=25;sort_order=ASC;page=;order_by=distance;address=77041;limit= HTTP/1.1" 200 8923 "-" "Mozilla/5.0 (compatible; AhrefsBot/5.0; +http://ahrefs.com/robot/)"
74.72.22.209 - - [26/Aug/2014:07:41:09 -0600] "POST /entry/near/40.9243%2C-73.8263/filter/veg_level=5?unit=mile;distance=25;address=10552 HTTP/1.1" 302 413 "-" "Mozilla/5.0 (Windows NT 5.1; rv:31.0) Gecko/20100101 Firefox/31.0"
74.72.22.209 - - [26/Aug/2014:07:41:10 -0600] "GET /entry/near/40.9243%2C-73.8263/filter/veg_level=2?unit=mile;distance=25;sort_order=ASC;page=1;order_by=distance;address=10552;limit=20 HTTP/1.1" 200 8962 "-" "Mozilla/5.0 (Windows NT 5.1; rv:31.0) Gecko/20100101 Firefox/31.0"
207.46.13.94 - - [26/Aug/2014:07:41:24 -0600] "GET /entry/168/map HTTP/1.1" 200 3567 "-" "Mozilla/5.0 (compatible; bingbot/2.0; +http://www.bing.com/bingbot.htm)"
68.180.225.35 - - [26/Aug/2014:07:41:30 -0600] "GET /entry/17212/reviews HTTP/1.1" 200 3097 "-" "Mozilla/5.0 (compatible; Yahoo! Slurp; http://help.yahoo.com/help/us/ysearch/slurp)"
199.30.20.1 - - [26/Aug/2014:07:41:33 -0600] "GET /entry-images/15113/15113-6359-small.jpg HTTP/1.1" 200 24775 "-" "msnbot-media/1.1 (+http://search.msn.com/msnbot.htm)"
115.240.248.8 - - [26/Aug/2014:07:41:38 -0600] "GET /entry-images/2871/2871-1295-small.jpg HTTP/1.1" 200 6153 "-" "Mozilla/5.0 (Windows NT 6.2; WOW64) AppleWebKit/537.22 (KHTML, like Gecko) Chrome/25.0.1364.172 Safari/537.22"
24.12.178.204 - - [26/Aug/2014:07:41:42 -0600] "HEAD /region/1766 HTTP/1.1" 200 0 "-" "Mozilla/5.0 (compatible; Genieo/1.0 http://www.genieo.com/webfilter.html)"
66.249.83.52 - - [26/Aug/2014:07:41:42 -0600] "GET /region/1766/recent.rss HTTP/1.1" 200 3123 "-" "Feedfetcher-Google; (+http://www.google.com/feedfetcher.html; feed-id=14866832021986306566)"
24.12.178.204 - - [26/Aug/2014:07:41:42 -0600] "GET /region/1766 HTTP/1.1" 200 4436 "-" "Mozilla/5.0 (compatible; Genieo/1.0 http://www.genieo.com/webfilter.html)"
24.12.178.204 - - [26/Aug/2014:07:41:42 -0600] "GET /images/favicon.ico HTTP/1.1" 200 1022 "-" "Mozilla/5.0 (compatible; Genieo/1.0 http://www.genieo.com/webfilter.html)"
66.249.83.52 - - [26/Aug/2014:07:41:43 -0600] "GET /region/1766/recent.atom HTTP/1.1" 200 3117 "-" "Feedfetcher-Google; (+http://www.google.com/feedfetcher.html; feed-id=8063314701546995193)"
24.12.178.204 - - [26/Aug/2014:07:41:43 -0600] "HEAD /region/1766 HTTP/1.1" 200 0 "-" "Mozilla/5.0 (compatible; Genieo/1.0 http://www.genieo.com/webfilter.html)"
24.12.178.204 - - [26/Aug/2014:07:41:43 -0600] "GET /region/1766 HTTP/1.1" 200 4436 "-" "Mozilla/5.0 (compatible; Genieo/1.0 http://www.genieo.com/webfilter.html)"
24.12.178.204 - - [26/Aug/2014:07:41:43 -0600] "GET /images/favicon.ico HTTP/1.1" 200 1022 "-" "Mozilla/5.0 (compatible; Genieo/1.0 http://www.genieo.com/webfilter.html)"
199.21.99.207 - - [26/Aug/2014:07:41:44 -0600] "GET /entry-images/5823/5823-3144-small.jpg HTTP/1.1" 304 0 "-" "Mozilla/5.0 (compatible; YandexImages/3.0; +http://yandex.com/bots)"
199.30.20.2 - - [26/Aug/2014:07:41:47 -0600] "GET /entry-images/9422/9422-7905-small.jpg HTTP/1.1" 200 11053 "-" "msnbot-media/1.1 (+http://search.msn.com/msnbot.htm)"
207.46.13.94 - - [26/Aug/2014:07:41:54 -0600] "GET /images/ratings/blue-3-00.png HTTP/1.1" 200 1416 "-" "Mozilla/5.0 (compatible; bingbot/2.0; +http://www.bing.com/bingbot.htm)"
183.60.213.53 - - [26/Aug/2014:07:42:01 -0600] "GET /user/8237 HTTP/1.1" 200 3274 "-" "Mozilla/5.0 (compatible; EasouSpider; +http://www.easou.com/search/spider.html)"
183.60.213.53 - - [26/Aug/2014:07:42:04 -0600] "GET /entry/15779/edit_form HTTP/1.1" 302 338 "-" "Mozilla/5.0 (compatible; EasouSpider; +http://www.easou.com/search/spider.html)"
37.58.100.142 - - [26/Aug/2014:07:42:04 -0600] "GET /entry/13963 HTTP/1.1" 200 5670 "-" "Mozilla/5.0 (compatible; AhrefsBot/5.0; +http://ahrefs.com/robot/)"
37.57.231.133 - - [26/Aug/2014:07:42:06 -0600] "GET /region/47.rss HTTP/1.0" 200 49767 "-" "Opera/9.80 (Windows NT 6.1) Presto/2.12.388 Version/12.16"
66.249.69.139 - - [26/Aug/2014:07:42:08 -0600] "GET /entry/8151/reviews HTTP/1.1" 200 3125 "-" "Mozilla/5.0 (compatible; Googlebot/2.1; +http://www.google.com/bot.html)"
68.180.225.35 - - [26/Aug/2014:07:42:15 -0600] "GET /region/1003 HTTP/1.1" 200 5178 "-" "Mozilla/5.0 (compatible; Yahoo! Slurp; http://help.yahoo.com/help/us/ysearch/slurp)"
207.46.13.94 - - [26/Aug/2014:07:42:24 -0600] "GET /region/2603 HTTP/1.1" 200 7608 "-" "Mozilla/5.0 (compatible; bingbot/2.0; +http://www.bing.com/bingbot.htm)"
66.249.69.161 - - [26/Aug/2014:07:42:25 -0600] "GET /region/159.rss HTTP/1.1" 200 296868 "-" "Mozilla/5.0 (compatible; Googlebot/2.1; +http://www.google.com/bot.html)"
66.249.69.193 - - [26/Aug/2014:07:42:34 -0600] "GET /region/1398 HTTP/1.1" 200 4889 "-" "Mozilla/5.0 (iPhone; CPU iPhone OS 6_0 like Mac OS X) AppleWebKit/536.26 (KHTML, like Gecko) Version/6.0 Mobile/10A5376e Safari/8536.25 (compatible; Googlebot/2.1; +http://www.google.com/bot.html)"
74.72.22.209 - - [26/Aug/2014:07:42:34 -0600] "GET /entry/8547 HTTP/1.1" 200 6296 "-" "Mozilla/5.0 (Windows NT 5.1; rv:31.0) Gecko/20100101 Firefox/31.0"
74.72.22.209 - - [26/Aug/2014:07:42:35 -0600] "GET /7b0744/images/ratings/green-5-00.png HTTP/1.1" 200 689 "-" "Mozilla/5.0 (Windows NT 5.1; rv:31.0) Gecko/20100101 Firefox/31.0"
74.72.22.209 - - [26/Aug/2014:07:42:35 -0600] "GET /7b0744/images/american_express.png HTTP/1.1" 200 1219 "-" "Mozilla/5.0 (Windows NT 5.1; rv:31.0) Gecko/20100101 Firefox/31.0"
74.72.22.209 - - [26/Aug/2014:07:42:35 -0600] "GET /7b0744/images/discover.png HTTP/1.1" 200 1527 "-" "Mozilla/5.0 (Windows NT 5.1; rv:31.0) Gecko/20100101 Firefox/31.0"
74.72.22.209 - - [26/Aug/2014:07:42:35 -0600] "GET /7b0744/images/mastercard.png HTTP/1.1" 200 1753 "-" "Mozilla/5.0 (Windows NT 5.1; rv:31.0) Gecko/20100101 Firefox/31.0"
74.72.22.209 - - [26/Aug/2014:07:42:35 -0600] "GET /7b0744/images/visa.png HTTP/1.1" 200 1404 "-" "Mozilla/5.0 (Windows NT 5.1; rv:31.0) Gecko/20100101 Firefox/31.0"
74.72.22.209 - - [26/Aug/2014:07:42:36 -0600] "GET /entry-images/8547/8547-6714-mini.jpg HTTP/1.1" 200 5890 "-" "Mozilla/5.0 (Windows NT 5.1; rv:31.0) Gecko/20100101 Firefox/31.0"
74.72.22.209 - - [26/Aug/2014:07:42:36 -0600] "GET /entry-images/8547/8547-6713-small.jpg HTTP/1.1" 200 52036 "-" "Mozilla/5.0 (Windows NT 5.1; rv:31.0) Gecko/20100101 Firefox/31.0"
74.72.22.209 - - [26/Aug/2014:07:42:36 -0600] "GET /images/red-bullet.png HTTP/1.1" 200 231 "-" "Mozilla/5.0 (Windows NT 5.1; rv:31.0) Gecko/20100101 Firefox/31.0"
74.72.22.209 - - [26/Aug/2014:07:42:37 -0600] "GET /images/ratings/blue-3-00.png HTTP/1.1" 200 1416 "-" "Mozilla/5.0 (Windows NT 5.1; rv:31.0) Gecko/20100101 Firefox/31.0"
74.72.22.209 - - [26/Aug/2014:07:42:37 -0600] "GET /images/ratings/blue-2-00.png HTTP/1.1" 200 1375 "-" "Mozilla/5.0 (Windows NT 5.1; rv:31.0) Gecko/20100101 Firefox/31.0"
74.72.22.209 - - [26/Aug/2014:07:42:37 -0600] "GET /images/ratings/blue-1-00.png HTTP/1.1" 200 1037 "-" "Mozilla/5.0 (Windows NT 5.1; rv:31.0) Gecko/20100101 Firefox/31.0"
74.72.22.209 - - [26/Aug/2014:07:42:37 -0600] "GET /images/ratings/blue-4-00.png HTTP/1.1" 200 1375 "-" "Mozilla/5.0 (Windows NT 5.1; rv:31.0) Gecko/20100101 Firefox/31.0"
74.72.22.209 - - [26/Aug/2014:07:42:37 -0600] "GET /images/ratings/blue-5-00.png HTTP/1.1" 200 1198 "-" "Mozilla/5.0 (Windows NT 5.1; rv:31.0) Gecko/20100101 Firefox/31.0"
199.30.20.2 - - [26/Aug/2014:07:42:41 -0600] "GET /entry-images/120/120-173-small.jpg HTTP/1.1" 200 17646 "-" "msnbot-media/1.1 (+http://search.msn.com/msnbot.htm)"
207.46.13.94 - - [26/Aug/2014:07:42:54 -0600] "GET /entry/4957 HTTP/1.1" 200 4436 "-" "Mozilla/5.0 (compatible; bingbot/2.0; +http://www.bing.com/bingbot.htm)"
65.19.138.33 - - [26/Aug/2014:07:42:58 -0600] "GET /site/recent.rss HTTP/1.1" 200 20227 "-" "Feedly/1.0 (+http://www.feedly.com/fetcher.html; like FeedFetcher-Google)"
68.180.225.35 - - [26/Aug/2014:07:43:00 -0600] "GET /region/131 HTTP/1.1" 200 3656 "-" "Mozilla/5.0 (compatible; Yahoo! Slurp; http://help.yahoo.com/help/us/ysearch/slurp)"
208.115.111.72 - - [26/Aug/2014:07:43:02 -0600] "GET /entry/15145 HTTP/1.1" 200 13221 "-" "Mozilla/5.0 (compatible; DotBot/1.1; http://www.opensiteexplorer.org/dotbot, help@moz.com)"
70.192.75.151 - - [26/Aug/2014:07:43:02 -0600] "GET /entry/near/40.6839%2C-74.5131/filter?unit=mile;distance=25;sort_order=ASC;page=;order_by=distance;address=07946;limit= HTTP/1.1" 200 8843 "-" "Mozilla/5.0 (Linux; Android 4.4.2; VK810 4G Build/KOT49I.VK81022B) AppleWebKit/537.36 (KHTML, like Gecko) Chrome/36.0.1985.131 Safari/537.36"
70.192.75.151 - - [26/Aug/2014:07:43:02 -0600] "GET /7b0744/css/vegguide-combined.css HTTP/1.1" 200 20810 "-" "Mozilla/5.0 (Linux; Android 4.4.2; VK810 4G Build/KOT49I.VK81022B) AppleWebKit/537.36 (KHTML, like Gecko) Chrome/36.0.1985.131 Safari/537.36"
70.192.75.151 - - [26/Aug/2014:07:43:02 -0600] "GET /images/vegguide-logo.png HTTP/1.1" 200 20540 "-" "Mozilla/5.0 (Linux; Android 4.4.2; VK810 4G Build/KOT49I.VK81022B) AppleWebKit/537.36 (KHTML, like Gecko) Chrome/36.0.1985.131 Safari/537.36"
70.192.75.151 - - [26/Aug/2014:07:43:02 -0600] "GET /images/close-button.png HTTP/1.1" 200 693 "-" "Mozilla/5.0 (Linux; Android 4.4.2; VK810 4G Build/KOT49I.VK81022B) AppleWebKit/537.36 (KHTML, like Gecko) Chrome/36.0.1985.131 Safari/537.36"
70.192.75.151 - - [26/Aug/2014:07:43:02 -0600] "GET /7b0744/images/sort-none.gif HTTP/1.1" 200 79 "-" "Mozilla/5.0 (Linux; Android 4.4.2; VK810 4G Build/KOT49I.VK81022B) AppleWebKit/537.36 (KHTML, like Gecko) Chrome/36.0.1985.131 Safari/537.36"
70.192.75.151 - - [26/Aug/2014:07:43:02 -0600] "GET /7b0744/images/sort-up.gif HTTP/1.1" 200 84 "-" "Mozilla/5.0 (Linux; Android 4.4.2; VK810 4G Build/KOT49I.VK81022B) AppleWebKit/537.36 (KHTML, like Gecko) Chrome/36.0.1985.131 Safari/537.36"
70.192.75.151 - - [26/Aug/2014:07:43:02 -0600] "GET /7b0744/images/ratings/green-0-00.png HTTP/1.1" 200 791 "-" "Mozilla/5.0 (Linux; Android 4.4.2; VK810 4G Build/KOT49I.VK81022B) AppleWebKit/537.36 (KHTML, like Gecko) Chrome/36.0.1985.131 Safari/537.36"
70.192.75.151 - - [26/Aug/2014:07:43:02 -0600] "GET /7b0744/js/vegguide-combined.js HTTP/1.1" 200 94167 "-" "Mozilla/5.0 (Linux; Android 4.4.2; VK810 4G Build/KOT49I.VK81022B) AppleWebKit/537.36 (KHTML, like Gecko) Chrome/36.0.1985.131 Safari/537.36"
70.192.75.151 - - [26/Aug/2014:07:43:02 -0600] "GET /7b0744/images/ratings/green-4-00.png HTTP/1.1" 200 1221 "-" "Mozilla/5.0 (Linux; Android 4.4.2; VK810 4G Build/KOT49I.VK81022B) AppleWebKit/537.36 (KHTML, like Gecko) Chrome/36.0.1985.131 Safari/537.36"
70.192.75.151 - - [26/Aug/2014:07:43:02 -0600] "GET /7b0744/images/ratings/green-4-25.png HTTP/1.1" 200 896 "-" "Mozilla/5.0 (Linux; Android 4.4.2; VK810 4G Build/KOT49I.VK81022B) AppleWebKit/537.36 (KHTML, like Gecko) Chrome/36.0.1985.131 Safari/537.36"
70.192.75.151 - - [26/Aug/2014:07:43:02 -0600] "GET /7b0744/images/ratings/green-3-50.png HTTP/1.1" 200 1283 "-" "Mozilla/5.0 (Linux; Android 4.4.2; VK810 4G Build/KOT49I.VK81022B) AppleWebKit/537.36 (KHTML, like Gecko) Chrome/36.0.1985.131 Safari/537.36"
70.192.75.151 - - [26/Aug/2014:07:43:02 -0600] "GET /images/caa-logo.png HTTP/1.1" 200 10681 "-" "Mozilla/5.0 (Linux; Android 4.4.2; VK810 4G Build/KOT49I.VK81022B) AppleWebKit/537.36 (KHTML, like Gecko) Chrome/36.0.1985.131 Safari/537.36"
70.192.75.151 - - [26/Aug/2014:07:43:03 -0600] "GET /images/thl-logo.png HTTP/1.1" 200 2925 "-" "Mozilla/5.0 (Linux; Android 4.4.2; VK810 4G Build/KOT49I.VK81022B) AppleWebKit/537.36 (KHTML, like Gecko) Chrome/36.0.1985.131 Safari/537.36"
70.192.75.151 - - [26/Aug/2014:07:43:03 -0600] "GET /images/peta-logo.jpg HTTP/1.1" 200 14774 "-" "Mozilla/5.0 (Linux; Android 4.4.2; VK810 4G Build/KOT49I.VK81022B) AppleWebKit/537.36 (KHTML, like Gecko) Chrome/36.0.1985.131 Safari/537.36"
70.192.75.151 - - [26/Aug/2014:07:43:03 -0600] "GET /images/cok-logo.png HTTP/1.1" 200 8577 "-" "Mozilla/5.0 (Linux; Android 4.4.2; VK810 4G Build/KOT49I.VK81022B) AppleWebKit/537.36 (KHTML, like Gecko) Chrome/36.0.1985.131 Safari/537.36"
70.192.75.151 - - [26/Aug/2014:07:43:03 -0600] "GET /images/fs-logo.png HTTP/1.1" 200 10293 "-" "Mozilla/5.0 (Linux; Android 4.4.2; VK810 4G Build/KOT49I.VK81022B) AppleWebKit/537.36 (KHTML, like Gecko) Chrome/36.0.1985.131 Safari/537.36"
70.192.75.151 - - [26/Aug/2014:07:43:03 -0600] "GET /images/vo-logo.gif HTTP/1.1" 200 1553 "-" "Mozilla/5.0 (Linux; Android 4.4.2; VK810 4G Build/KOT49I.VK81022B) AppleWebKit/537.36 (KHTML, like Gecko) Chrome/36.0.1985.131 Safari/537.36"
70.192.75.151 - - [26/Aug/2014:07:43:03 -0600] "GET /images/loader.gif HTTP/1.1" 200 3208 "-" "Mozilla/5.0 (Linux; Android 4.4.2; VK810 4G Build/KOT49I.VK81022B) AppleWebKit/537.36 (KHTML, like Gecko) Chrome/36.0.1985.131 Safari/537.36"
70.192.75.151 - - [26/Aug/2014:07:43:03 -0600] "GET /images/transparent.gif HTTP/1.1" 200 49 "-" "Mozilla/5.0 (Linux; Android 4.4.2; VK810 4G Build/KOT49I.VK81022B) AppleWebKit/537.36 (KHTML, like Gecko) Chrome/36.0.1985.131 Safari/537.36"
37.58.100.142 - - [26/Aug/2014:07:43:04 -0600] "GET /entry/near/18.469%2C-66.7306/filter/category_id=1?unit=km;distance=10;sort_order=ASC;page=1;order_by=distance;address=00612;limit=20 HTTP/1.1" 200 6311 "-" "Mozilla/5.0 (compatible; AhrefsBot/5.0; +http://ahrefs.com/robot/)"
70.192.75.151 - - [26/Aug/2014:07:43:04 -0600] "GET /images/favicon.ico HTTP/1.1" 200 1022 "-" "Mozilla/5.0 (Linux; Android 4.4.2; VK810 4G Build/KOT49I.VK81022B) AppleWebKit/537.36 (KHTML, like Gecko) Chrome/36.0.1985.131 Safari/537.36"
66.249.69.161 - - [26/Aug/2014:07:43:09 -0600] "GET /entry-images/10569/10569-5944-mini.jpg HTTP/1.1" 200 52676 "-" "Googlebot-Image/1.0"
66.249.91.198 - - [26/Aug/2014:07:43:12 -0600] "GET /region/116/recent.rss HTTP/1.1" 200 15981 "-" "Feedfetcher-Google; (+http://www.google.com/feedfetcher.html; 3 subscribers; feed-id=15039312009291794908)"
66.249.69.177 - - [26/Aug/2014:07:43:17 -0600] "GET /entry/19444/reviews HTTP/1.1" 200 3081 "-" "Mozilla/5.0 (compatible; Googlebot/2.1; +http://www.google.com/bot.html)"
65.55.213.59 - - [26/Aug/2014:07:43:17 -0600] "GET /region/106 HTTP/1.1" 200 9469 "-" "Mozilla/5.0 (compatible; MSIE 9.0; Windows NT 6.1; Trident/5.0;  Trident/5.0)"
66.249.69.161 - - [26/Aug/2014:07:43:20 -0600] "GET /region/197/recent.atom?reviews_only=1 HTTP/1.1" 200 10430 "-" "Mozilla/5.0 (compatible; Googlebot/2.1; +http://www.google.com/bot.html)"
157.55.39.70 - - [26/Aug/2014:07:43:24 -0600] "GET /entry/3517 HTTP/1.1" 200 5836 "-" "Mozilla/5.0 (compatible; bingbot/2.0; +http://www.bing.com/bingbot.htm)"
65.55.213.59 - - [26/Aug/2014:07:43:25 -0600] "GET /7b0744/css/vegguide-combined.css HTTP/1.1" 200 20810 "-" "Mozilla/5.0 (compatible; MSIE 9.0; Windows NT 6.1; Trident/5.0;  Trident/5.0)"
65.55.213.59 - - [26/Aug/2014:07:43:25 -0600] "GET /7b0744/js/vegguide-combined.js HTTP/1.1" 200 94167 "-" "Mozilla/5.0 (compatible; MSIE 9.0; Windows NT 6.1; Trident/5.0;  Trident/5.0)"
199.30.20.1 - - [26/Aug/2014:07:43:31 -0600] "GET /entry-images/1763/1763-638-small.jpg HTTP/1.1" 200 30514 "-" "msnbot-media/1.1 (+http://search.msn.com/msnbot.htm)"
66.249.69.193 - - [26/Aug/2014:07:43:36 -0600] "GET /user/10631/reviews HTTP/1.1" 200 3440 "-" "Mozilla/5.0 (compatible; Googlebot/2.1; +http://www.google.com/bot.html)"
131.253.24.78 - - [26/Aug/2014:07:43:40 -0600] "GET /entry/15834 HTTP/1.1" 200 6013 "-" "Mozilla/5.0 (compatible; MSIE 9.0; Windows NT 6.0; Trident/5.0;  Trident/5.0)"
131.253.24.78 - - [26/Aug/2014:07:43:41 -0600] "GET /7b0744/css/vegguide-combined.css HTTP/1.1" 200 20810 "-" "Mozilla/5.0 (compatible; MSIE 9.0; Windows NT 6.0; Trident/5.0;  Trident/5.0)"
131.253.24.78 - - [26/Aug/2014:07:43:42 -0600] "GET /7b0744/js/vegguide-combined.js HTTP/1.1" 200 94167 "-" "Mozilla/5.0 (compatible; MSIE 9.0; Windows NT 6.0; Trident/5.0;  Trident/5.0)"
37.58.100.142 - - [26/Aug/2014:07:43:43 -0600] "GET /entry/6844 HTTP/1.1" 200 6238 "-" "Mozilla/5.0 (compatible; AhrefsBot/5.0; +http://ahrefs.com/robot/)"
68.180.225.35 - - [26/Aug/2014:07:43:45 -0600] "GET /entry/19760 HTTP/1.1" 200 4329 "-" "Mozilla/5.0 (compatible; Yahoo! Slurp; http://help.yahoo.com/help/us/ysearch/slurp)"
65.55.208.58 - - [26/Aug/2014:07:43:45 -0600] "GET /robots.txt HTTP/1.1" 301 178 "-" "msnbot-UDiscovery/2.0b (+http://search.msn.com/msnbot.htm)"
65.55.208.58 - - [26/Aug/2014:07:43:45 -0600] "GET /robots.txt HTTP/1.1" 200 151 "-" "msnbot-UDiscovery/2.0b (+http://search.msn.com/msnbot.htm)"
65.55.208.58 - - [26/Aug/2014:07:43:45 -0600] "GET /site/recent.rss HTTP/1.1" 301 178 "-" "msnbot-UDiscovery/2.0b (+http://search.msn.com/msnbot.htm)"
65.55.208.58 - - [26/Aug/2014:07:43:45 -0600] "GET /robots.txt HTTP/1.1" 200 151 "-" "msnbot-UDiscovery/2.0b (+http://search.msn.com/msnbot.htm)"
65.55.208.58 - - [26/Aug/2014:07:43:45 -0600] "GET /site/recent.rss HTTP/1.1" 200 20227 "-" "msnbot-UDiscovery/2.0b (+http://search.msn.com/msnbot.htm)"
157.55.39.148 - - [26/Aug/2014:07:43:54 -0600] "GET /region/104/filter?sort_order=ASC;page=2;order_by=price HTTP/1.1" 200 9716 "-" "Mozilla/5.0 (compatible; bingbot/2.0; +http://www.bing.com/bingbot.htm)"
199.30.20.2 - - [26/Aug/2014:07:43:56 -0600] "GET /entry-images/11443/11443-4654-small.jpg HTTP/1.1" 200 13954 "-" "msnbot-media/1.1 (+http://search.msn.com/msnbot.htm)"
100.32.28.135 - - [26/Aug/2014:07:43:59 -0600] "GET / HTTP/1.1" 200 3915 "-" "Mozilla/5.0 (iPhone; CPU iPhone OS 7_1_2 like Mac OS X) AppleWebKit/537.51.2 (KHTML, like Gecko) Version/7.0 Mobile/11D257 Safari/9537.53"
131.253.24.38 - - [26/Aug/2014:07:44:10 -0600] "GET /entry/12293 HTTP/1.1" 200 6202 "-" "Mozilla/5.0 (compatible; MSIE 9.0; Windows NT 6.0; Trident/5.0;  Trident/5.0)"
131.253.24.38 - - [26/Aug/2014:07:44:11 -0600] "GET /7b0744/css/vegguide-combined.css HTTP/1.1" 200 20810 "-" "Mozilla/5.0 (compatible; MSIE 9.0; Windows NT 6.0; Trident/5.0;  Trident/5.0)"
131.253.24.38 - - [26/Aug/2014:07:44:12 -0600] "GET /7b0744/js/vegguide-combined.js HTTP/1.1" 200 94167 "-" "Mozilla/5.0 (compatible; MSIE 9.0; Windows NT 6.0; Trident/5.0;  Trident/5.0)"
131.253.24.38 - - [26/Aug/2014:07:44:15 -0600] "GET /region/1097 HTTP/1.1" 200 4430 "-" "Mozilla/5.0 (compatible; MSIE 9.0; Windows NT 6.1; Trident/5.0;  Trident/5.0)"
131.253.24.38 - - [26/Aug/2014:07:44:16 -0600] "GET /7b0744/css/vegguide-combined.css HTTP/1.1" 200 20810 "-" "Mozilla/5.0 (compatible; MSIE 9.0; Windows NT 6.1; Trident/5.0;  Trident/5.0)"
131.253.24.38 - - [26/Aug/2014:07:44:17 -0600] "GET /7b0744/js/vegguide-combined.js HTTP/1.1" 200 94167 "-" "Mozilla/5.0 (compatible; MSIE 9.0; Windows NT 6.1; Trident/5.0;  Trident/5.0)"
65.55.213.59 - - [26/Aug/2014:07:44:17 -0600] "GET /region/1101/filter/veg_level=2 HTTP/1.1" 200 4514 "-" "Mozilla/5.0 (compatible; MSIE 9.0; Windows NT 6.1; Trident/5.0;  Trident/5.0)"
190.253.130.146 - - [26/Aug/2014:07:44:18 -0600] "GET / HTTP/1.1" 200 4324 "-" "Mozilla/5.0 (iPhone; CPU iPhone OS 7_0_2 like Mac OS X) AppleWebKit/537.51.1 (KHTML, like Gecko) Version/7.0 Mobile/11A501 Safari/9537.53"
190.253.130.146 - - [26/Aug/2014:07:44:18 -0600] "GET /7b0744/css/vegguide-combined.css HTTP/1.1" 200 20810 "-" "Mozilla/5.0 (iPhone; CPU iPhone OS 7_0_2 like Mac OS X) AppleWebKit/537.51.1 (KHTML, like Gecko) Version/7.0 Mobile/11A501 Safari/9537.53"
190.253.130.146 - - [26/Aug/2014:07:44:19 -0600] "GET /7b0744/js/vegguide-combined.js HTTP/1.1" 200 94167 "-" "Mozilla/5.0 (iPhone; CPU iPhone OS 7_0_2 like Mac OS X) AppleWebKit/537.51.1 (KHTML, like Gecko) Version/7.0 Mobile/11A501 Safari/9537.53"
65.55.213.59 - - [26/Aug/2014:07:44:20 -0600] "GET /7b0744/css/vegguide-combined.css HTTP/1.1" 200 20810 "-" "Mozilla/5.0 (compatible; MSIE 9.0; Windows NT 6.1; Trident/5.0;  Trident/5.0)"
190.253.130.146 - - [26/Aug/2014:07:44:20 -0600] "GET /images/vegguide-logo-front-page.png HTTP/1.1" 200 16471 "-" "Mozilla/5.0 (iPhone; CPU iPhone OS 7_0_2 like Mac OS X) AppleWebKit/537.51.1 (KHTML, like Gecko) Version/7.0 Mobile/11A501 Safari/9537.53"
190.253.130.146 - - [26/Aug/2014:07:44:20 -0600] "GET /images/loader.gif HTTP/1.1" 200 3208 "-" "Mozilla/5.0 (iPhone; CPU iPhone OS 7_0_2 like Mac OS X) AppleWebKit/537.51.1 (KHTML, like Gecko) Version/7.0 Mobile/11A501 Safari/9537.53"
190.253.130.146 - - [26/Aug/2014:07:44:20 -0600] "GET /images/transparent.gif HTTP/1.1" 200 49 "-" "Mozilla/5.0 (iPhone; CPU iPhone OS 7_0_2 like Mac OS X) AppleWebKit/537.51.1 (KHTML, like Gecko) Version/7.0 Mobile/11A501 Safari/9537.53"
65.55.213.59 - - [26/Aug/2014:07:44:20 -0600] "GET /7b0744/js/vegguide-combined.js HTTP/1.1" 200 94167 "-" "Mozilla/5.0 (compatible; MSIE 9.0; Windows NT 6.1; Trident/5.0;  Trident/5.0)"
190.253.130.146 - - [26/Aug/2014:07:44:20 -0600] "GET /images/caa-logo.png HTTP/1.1" 200 10681 "-" "Mozilla/5.0 (iPhone; CPU iPhone OS 7_0_2 like Mac OS X) AppleWebKit/537.51.1 (KHTML, like Gecko) Version/7.0 Mobile/11A501 Safari/9537.53"
157.55.39.147 - - [26/Aug/2014:07:44:24 -0600] "GET /entry/10735 HTTP/1.1" 200 4823 "-" "Mozilla/5.0 (compatible; bingbot/2.0; +http://www.bing.com/bingbot.htm)"
183.60.213.53 - - [26/Aug/2014:07:44:24 -0600] "GET /region/118 HTTP/1.1" 200 8784 "-" "Mozilla/5.0 (compatible; EasouSpider; +http://www.easou.com/search/spider.html)"
66.249.69.161 - - [26/Aug/2014:07:44:26 -0600] "GET /entry/19671/reviews HTTP/1.1" 200 3086 "-" "Mozilla/5.0 (compatible; Googlebot/2.1; +http://www.google.com/bot.html)"
68.180.225.35 - - [26/Aug/2014:07:44:30 -0600] "GET /region/274/recent.rss HTTP/1.1" 200 28048 "-" "Mozilla/5.0 (compatible; Yahoo! Slurp; http://help.yahoo.com/help/us/ysearch/slurp)"
23.239.8.38 - - [26/Aug/2014:07:44:31 -0600] "GET / HTTP/1.1" 301 178 "-" "check_http/v1.4.15 (nagios-plugins 1.4.15)"
23.239.8.38 - - [26/Aug/2014:07:44:31 -0600] "GET / HTTP/1.1" 200 10098 "-" "check_http/v1.4.15 (nagios-plugins 1.4.15)"
208.93.0.48 - - [26/Aug/2014:07:44:46 -0600] "GET /location/most_recent.rss?location_id=13 HTTP/1.1" 301 178 "-" "LiveJournal.com (webmaster@livejournal.com; for http://www.livejournal.com/users/vegguide_tc/; 1 readers)"
208.93.0.48 - - [26/Aug/2014:07:44:47 -0600] "GET /region/13/recent.rss HTTP/1.1" 200 20115 "-" "LiveJournal.com (webmaster@livejournal.com; for http://www.livejournal.com/users/vegguide_tc/; 1 readers)"
157.55.39.71 - - [26/Aug/2014:07:44:53 -0600] "GET /entry/7725 HTTP/1.1" 200 4609 "-" "Mozilla/5.0 (compatible; bingbot/2.0; +http://www.bing.com/bingbot.htm)"
68.180.225.35 - - [26/Aug/2014:07:45:15 -0600] "GET /entry/19830 HTTP/1.1" 200 4612 "-" "Mozilla/5.0 (compatible; Yahoo! Slurp; http://help.yahoo.com/help/us/ysearch/slurp)"
104.35.28.54 - - [26/Aug/2014:07:45:15 -0600] "GET /site/recent.atom HTTP/1.1" 200 20526 "-" "Apple-PubSub/65.28"
65.55.213.36 - - [26/Aug/2014:07:45:22 -0600] "GET /entry/12163 HTTP/1.1" 200 6393 "-" "Mozilla/5.0 (compatible; MSIE 9.0; Windows NT 6.0; Trident/5.0;  Trident/5.0)"
65.55.213.36 - - [26/Aug/2014:07:45:23 -0600] "GET /7b0744/css/vegguide-combined.css HTTP/1.1" 200 20810 "-" "Mozilla/5.0 (compatible; MSIE 9.0; Windows NT 6.0; Trident/5.0;  Trident/5.0)"
65.55.213.36 - - [26/Aug/2014:07:45:23 -0600] "GET /7b0744/js/vegguide-combined.js HTTP/1.1" 200 94167 "-" "Mozilla/5.0 (compatible; MSIE 9.0; Windows NT 6.0; Trident/5.0;  Trident/5.0)"
157.55.39.70 - - [26/Aug/2014:07:45:23 -0600] "GET /entry/19384/reviews HTTP/1.1" 200 3090 "-" "Mozilla/5.0 (compatible; bingbot/2.0; +http://www.bing.com/bingbot.htm)"
142.166.68.36 - - [26/Aug/2014:07:45:24 -0600] "GET /region/52.rss HTTP/1.1" 200 4768311 "-" "R6_FeedFetcher(www.radian6.com/crawler)"
183.60.213.53 - - [26/Aug/2014:07:45:33 -0600] "GET /entry/243 HTTP/1.1" 200 6745 "-" "Mozilla/5.0 (compatible; EasouSpider; +http://www.easou.com/search/spider.html)"
66.249.69.193 - - [26/Aug/2014:07:45:35 -0600] "GET /region/2179/filter/category_id=1 HTTP/1.1" 200 4168 "-" "Mozilla/5.0 (compatible; Googlebot/2.1; +http://www.google.com/bot.html)"
37.58.100.142 - - [26/Aug/2014:07:45:41 -0600] "GET /entry/near/41.8721%2C-87.8473/filter?unit=mile;distance=25;sort_order=ASC;page=;order_by=distance;address=60153;limit= HTTP/1.1" 200 8909 "-" "Mozilla/5.0 (compatible; AhrefsBot/5.0; +http://ahrefs.com/robot/)"
66.249.69.161 - - [26/Aug/2014:07:45:45 -0600] "GET /entry-images/2388/2388-1032-small.jpg HTTP/1.1" 200 9522 "-" "Googlebot-Image/1.0"
157.55.39.71 - - [26/Aug/2014:07:45:54 -0600] "GET /entry/near/34.5749%2C-112.472/filter?unit=mile;distance=25;sort_order=ASC;page=;order_by=distance;address=86301 HTTP/1.1" 200 6960 "-" "Mozilla/5.0 (compatible; bingbot/2.0; +http://www.bing.com/bingbot.htm)"
68.180.225.35 - - [26/Aug/2014:07:46:00 -0600] "GET /entry/4751/map HTTP/1.1" 200 3594 "-" "Mozilla/5.0 (compatible; Yahoo! Slurp; http://help.yahoo.com/help/us/ysearch/slurp)"
66.249.69.193 - - [26/Aug/2014:07:46:05 -0600] "GET /entry/near/42.6484,-78.8687/filter?unit=mile;distance=25;sort_order=ASC;page=;order_by=distance;address=14057;limit= HTTP/1.1" 200 8608 "-" "Mozilla/5.0 (compatible; Googlebot/2.1; +http://www.google.com/bot.html)"
142.166.68.36 - - [26/Aug/2014:07:46:09 -0600] "GET /region/9.rss HTTP/1.1" 200 1829446 "-" "R6_FeedFetcher(www.radian6.com/crawler)"
66.249.91.182 - - [26/Aug/2014:07:46:11 -0600] "GET /location/most_recent.rss?location_id=99 HTTP/1.1" 301 178 "-" "Feedfetcher-Google; (+http://www.google.com/feedfetcher.html; 1 subscribers; feed-id=16112209454282161928)"
66.249.91.182 - - [26/Aug/2014:07:46:12 -0600] "GET /region/99/recent.rss HTTP/1.1" 200 21399 "-" "Feedfetcher-Google; (+http://www.google.com/feedfetcher.html; 1 subscribers; feed-id=16112209454282161928)"
157.55.39.70 - - [26/Aug/2014:07:46:23 -0600] "GET /entry/13407/images_form HTTP/1.1" 302 338 "-" "Mozilla/5.0 (compatible; bingbot/2.0; +http://www.bing.com/bingbot.htm)"
65.19.138.34 - - [26/Aug/2014:07:46:26 -0600] "GET /site/recent.rss HTTP/1.1" 200 20227 "-" "Feedly/1.0 (+http://www.feedly.com/fetcher.html; like FeedFetcher-Google)"
183.60.212.148 - - [26/Aug/2014:07:46:31 -0600] "GET /entry/2818 HTTP/1.1" 200 4732 "-" "Mozilla/5.0 (compatible; EasouSpider; +http://www.easou.com/search/spider.html)"
66.249.69.161 - - [26/Aug/2014:07:46:36 -0600] "GET /entry/near/40.7353,-74.9419/filter?unit=mile;distance=25;sort_order=ASC;page=;order_by=distance;address=07831;limit= HTTP/1.1" 200 8966 "-" "Mozilla/5.0 (compatible; Googlebot/2.1; +http://www.google.com/bot.html)"
183.60.212.148 - - [26/Aug/2014:07:46:42 -0600] "GET /user/263 HTTP/1.1" 200 3235 "-" "Mozilla/5.0 (compatible; EasouSpider; +http://www.easou.com/search/spider.html)"
66.249.69.177 - - [26/Aug/2014:07:46:43 -0600] "GET /entry/5630/map HTTP/1.1" 200 3554 "-" "Mozilla/5.0 (compatible; Googlebot/2.1; +http://www.google.com/bot.html)"
68.180.225.35 - - [26/Aug/2014:07:46:45 -0600] "GET /entry/1727/map HTTP/1.1" 200 3591 "-" "Mozilla/5.0 (compatible; Yahoo! Slurp; http://help.yahoo.com/help/us/ysearch/slurp)"
83.149.126.98 - - [26/Aug/2014:07:46:53 -0600] "GET /robots.txt HTTP/1.0" 200 151 "-" "Mozilla/5.0 (compatible; MJ12bot/v1.4.5; http://www.majestic12.co.uk/bot.php?+)"
157.55.39.5 - - [26/Aug/2014:07:46:54 -0600] "GET /region/1383 HTTP/1.1" 200 4515 "-" "Mozilla/5.0 (compatible; bingbot/2.0; +http://www.bing.com/bingbot.htm)"
108.210.46.76 - - [26/Aug/2014:07:47:01 -0600] "GET /region/218 HTTP/1.1" 200 9687 "-" "Mozilla/5.0 (Macintosh; Intel Mac OS X 10_9_4) AppleWebKit/537.78.2 (KHTML, like Gecko) Version/7.0.6 Safari/537.78.2"
108.210.46.76 - - [26/Aug/2014:07:47:02 -0600] "GET /7b0744/css/vegguide-combined.css HTTP/1.1" 200 20810 "-" "Mozilla/5.0 (Macintosh; Intel Mac OS X 10_9_4) AppleWebKit/537.78.2 (KHTML, like Gecko) Version/7.0.6 Safari/537.78.2"
108.210.46.76 - - [26/Aug/2014:07:47:02 -0600] "GET /7b0744/js/vegguide-combined.js HTTP/1.1" 200 94167 "-" "Mozilla/5.0 (Macintosh; Intel Mac OS X 10_9_4) AppleWebKit/537.78.2 (KHTML, like Gecko) Version/7.0.6 Safari/537.78.2"
108.210.46.76 - - [26/Aug/2014:07:47:02 -0600] "GET /images/loader.gif HTTP/1.1" 200 3208 "-" "Mozilla/5.0 (Macintosh; Intel Mac OS X 10_9_4) AppleWebKit/537.78.2 (KHTML, like Gecko) Version/7.0.6 Safari/537.78.2"
108.210.46.76 - - [26/Aug/2014:07:47:02 -0600] "GET /images/transparent.gif HTTP/1.1" 200 49 "-" "Mozilla/5.0 (Macintosh; Intel Mac OS X 10_9_4) AppleWebKit/537.78.2 (KHTML, like Gecko) Version/7.0.6 Safari/537.78.2"
108.210.46.76 - - [26/Aug/2014:07:47:02 -0600] "GET /images/vegguide-logo.png HTTP/1.1" 200 20540 "-" "Mozilla/5.0 (Macintosh; Intel Mac OS X 10_9_4) AppleWebKit/537.78.2 (KHTML, like Gecko) Version/7.0.6 Safari/537.78.2"
108.210.46.76 - - [26/Aug/2014:07:47:02 -0600] "GET /7b0744/images/ratings/green-0-00.png HTTP/1.1" 200 791 "-" "Mozilla/5.0 (Macintosh; Intel Mac OS X 10_9_4) AppleWebKit/537.78.2 (KHTML, like Gecko) Version/7.0.6 Safari/537.78.2"
108.210.46.76 - - [26/Aug/2014:07:47:02 -0600] "GET /7b0744/images/ratings/green-4-50.png HTTP/1.1" 200 878 "-" "Mozilla/5.0 (Macintosh; Intel Mac OS X 10_9_4) AppleWebKit/537.78.2 (KHTML, like Gecko) Version/7.0.6 Safari/537.78.2"
108.210.46.76 - - [26/Aug/2014:07:47:02 -0600] "GET /images/close-button.png HTTP/1.1" 200 693 "-" "Mozilla/5.0 (Macintosh; Intel Mac OS X 10_9_4) AppleWebKit/537.78.2 (KHTML, like Gecko) Version/7.0.6 Safari/537.78.2"
108.210.46.76 - - [26/Aug/2014:07:47:02 -0600] "GET /7b0744/images/ratings/green-4-25.png HTTP/1.1" 200 896 "-" "Mozilla/5.0 (Macintosh; Intel Mac OS X 10_9_4) AppleWebKit/537.78.2 (KHTML, like Gecko) Version/7.0.6 Safari/537.78.2"
108.210.46.76 - - [26/Aug/2014:07:47:02 -0600] "GET /7b0744/images/sort-up.gif HTTP/1.1" 200 84 "-" "Mozilla/5.0 (Macintosh; Intel Mac OS X 10_9_4) AppleWebKit/537.78.2 (KHTML, like Gecko) Version/7.0.6 Safari/537.78.2"
108.210.46.76 - - [26/Aug/2014:07:47:02 -0600] "GET /7b0744/images/sort-none.gif HTTP/1.1" 200 79 "-" "Mozilla/5.0 (Macintosh; Intel Mac OS X 10_9_4) AppleWebKit/537.78.2 (KHTML, like Gecko) Version/7.0.6 Safari/537.78.2"
108.210.46.76 - - [26/Aug/2014:07:47:02 -0600] "GET /7b0744/images/ratings/green-3-75.png HTTP/1.1" 200 1263 "-" "Mozilla/5.0 (Macintosh; Intel Mac OS X 10_9_4) AppleWebKit/537.78.2 (KHTML, like Gecko) Version/7.0.6 Safari/537.78.2"
108.210.46.76 - - [26/Aug/2014:07:47:02 -0600] "GET /7b0744/images/ratings/green-4-00.png HTTP/1.1" 200 1221 "-" "Mozilla/5.0 (Macintosh; Intel Mac OS X 10_9_4) AppleWebKit/537.78.2 (KHTML, like Gecko) Version/7.0.6 Safari/537.78.2"
108.210.46.76 - - [26/Aug/2014:07:47:02 -0600] "GET /7b0744/images/ratings/green-3-25.png HTTP/1.1" 200 1320 "-" "Mozilla/5.0 (Macintosh; Intel Mac OS X 10_9_4) AppleWebKit/537.78.2 (KHTML, like Gecko) Version/7.0.6 Safari/537.78.2"
108.210.46.76 - - [26/Aug/2014:07:47:02 -0600] "GET /images/caa-logo.png HTTP/1.1" 200 10681 "-" "Mozilla/5.0 (Macintosh; Intel Mac OS X 10_9_4) AppleWebKit/537.78.2 (KHTML, like Gecko) Version/7.0.6 Safari/537.78.2"
108.210.46.76 - - [26/Aug/2014:07:47:02 -0600] "GET /images/thl-logo.png HTTP/1.1" 200 2925 "-" "Mozilla/5.0 (Macintosh; Intel Mac OS X 10_9_4) AppleWebKit/537.78.2 (KHTML, like Gecko) Version/7.0.6 Safari/537.78.2"
108.210.46.76 - - [26/Aug/2014:07:47:02 -0600] "GET /images/peta-logo.jpg HTTP/1.1" 200 14774 "-" "Mozilla/5.0 (Macintosh; Intel Mac OS X 10_9_4) AppleWebKit/537.78.2 (KHTML, like Gecko) Version/7.0.6 Safari/537.78.2"
108.210.46.76 - - [26/Aug/2014:07:47:02 -0600] "GET /images/cok-logo.png HTTP/1.1" 200 8577 "-" "Mozilla/5.0 (Macintosh; Intel Mac OS X 10_9_4) AppleWebKit/537.78.2 (KHTML, like Gecko) Version/7.0.6 Safari/537.78.2"
108.210.46.76 - - [26/Aug/2014:07:47:03 -0600] "GET /images/fs-logo.png HTTP/1.1" 200 10293 "-" "Mozilla/5.0 (Macintosh; Intel Mac OS X 10_9_4) AppleWebKit/537.78.2 (KHTML, like Gecko) Version/7.0.6 Safari/537.78.2"
108.210.46.76 - - [26/Aug/2014:07:47:03 -0600] "GET /images/vo-logo.gif HTTP/1.1" 200 1553 "-" "Mozilla/5.0 (Macintosh; Intel Mac OS X 10_9_4) AppleWebKit/537.78.2 (KHTML, like Gecko) Version/7.0.6 Safari/537.78.2"
108.210.46.76 - - [26/Aug/2014:07:47:03 -0600] "GET /images/favicon.ico HTTP/1.1" 200 1022 "-" "Mozilla/5.0 (Macintosh; Intel Mac OS X 10_9_4) AppleWebKit/537.78.2 (KHTML, like Gecko) Version/7.0.6 Safari/537.78.2"
54.204.122.14 - - [26/Aug/2014:07:47:04 -0600] "GET /site/recent.rss HTTP/1.1" 200 20227 "-" "Apache-HttpClient/4.2 (java 1.5)"
66.249.69.161 - - [26/Aug/2014:07:47:05 -0600] "GET /entry/near/31.8369,-82.9503/filter?unit=mile;distance=25;sort_order=ASC;page=;order_by=distance;address=31544;limit= HTTP/1.1" 200 6210 "-" "Mozilla/5.0 (compatible; Googlebot/2.1; +http://www.google.com/bot.html)"
131.253.24.63 - - [26/Aug/2014:07:47:07 -0600] "GET /region/578 HTTP/1.1" 200 7883 "-" "Mozilla/5.0 (compatible; MSIE 9.0; Windows NT 6.1; Trident/5.0;  Trident/5.0)"
183.60.214.53 - - [26/Aug/2014:07:47:08 -0600] "GET /entry/4907/edit_hours_form HTTP/1.1" 302 338 "-" "Mozilla/5.0 (compatible; EasouSpider; +http://www.easou.com/search/spider.html)"
131.253.24.63 - - [26/Aug/2014:07:47:10 -0600] "GET /7b0744/css/vegguide-combined.css HTTP/1.1" 200 20810 "-" "Mozilla/5.0 (compatible; MSIE 9.0; Windows NT 6.1; Trident/5.0;  Trident/5.0)"
131.253.24.63 - - [26/Aug/2014:07:47:10 -0600] "GET /7b0744/js/vegguide-combined.js HTTP/1.1" 200 94167 "-" "Mozilla/5.0 (compatible; MSIE 9.0; Windows NT 6.1; Trident/5.0;  Trident/5.0)"
142.166.68.36 - - [26/Aug/2014:07:47:11 -0600] "GET /region/637.rss HTTP/1.1" 200 279891 "-" "R6_FeedFetcher(www.radian6.com/crawler)"
183.60.214.53 - - [26/Aug/2014:07:47:14 -0600] "GET /region/144 HTTP/1.1" 200 3649 "-" "Mozilla/5.0 (compatible; EasouSpider; +http://www.easou.com/search/spider.html)"
83.149.126.98 - - [26/Aug/2014:07:47:14 -0600] "GET /entry/12024/reviews HTTP/1.0" 200 8277 "-" "Mozilla/5.0 (compatible; MJ12bot/v1.4.5; http://www.majestic12.co.uk/bot.php?+)"
183.60.214.53 - - [26/Aug/2014:07:47:20 -0600] "GET /region/677/filter/category_id=1 HTTP/1.1" 200 9233 "-" "Mozilla/5.0 (compatible; EasouSpider; +http://www.easou.com/search/spider.html)"
157.55.39.5 - - [26/Aug/2014:07:47:24 -0600] "GET /entry/1971 HTTP/1.1" 200 6318 "-" "Mozilla/5.0 (compatible; bingbot/2.0; +http://www.bing.com/bingbot.htm)"
68.180.225.35 - - [26/Aug/2014:07:47:30 -0600] "GET /region/97/recent.atom?reviews_only=1 HTTP/1.1" 200 14687 "-" "Mozilla/5.0 (compatible; Yahoo! Slurp; http://help.yahoo.com/help/us/ysearch/slurp)"
83.149.126.98 - - [26/Aug/2014:07:47:35 -0600] "GET /entry/12473/reviews HTTP/1.0" 200 8841 "-" "Mozilla/5.0 (compatible; MJ12bot/v1.4.5; http://www.majestic12.co.uk/bot.php?+)"
66.249.69.161 - - [26/Aug/2014:07:47:35 -0600] "GET /entry/near/30.4528,-97.7203/filter?unit=mile;distance=25;sort_order=ASC;page=;order_by=distance;address=78651;limit= HTTP/1.1" 200 9178 "-" "Mozilla/5.0 (compatible; Googlebot/2.1; +http://www.google.com/bot.html)"
83.149.126.98 - - [26/Aug/2014:07:47:36 -0600] "GET /robots.txt HTTP/1.0" 200 151 "-" "Mozilla/5.0 (compatible; MJ12bot/v1.4.5; http://www.majestic12.co.uk/bot.php?+)"
199.21.99.207 - - [26/Aug/2014:07:47:41 -0600] "GET /61db66/images/map-icons/food_court.png HTTP/1.1" 200 1425 "-" "Mozilla/5.0 (compatible; YandexImages/3.0; +http://yandex.com/bots)"
66.249.69.161 - - [26/Aug/2014:07:47:52 -0600] "GET /entry/8482/map HTTP/1.1" 200 3542 "-" "Mozilla/5.0 (compatible; Googlebot/2.1; +http://www.google.com/bot.html)"
157.55.39.5 - - [26/Aug/2014:07:47:54 -0600] "GET /entry/4008/reviews HTTP/1.1" 200 4342 "-" "Mozilla/5.0 (compatible; bingbot/2.0; +http://www.bing.com/bingbot.htm)"
83.149.126.98 - - [26/Aug/2014:07:47:58 -0600] "GET /entry/12474/map HTTP/1.0" 200 9197 "-" "Mozilla/5.0 (compatible; MJ12bot/v1.4.5; http://www.majestic12.co.uk/bot.php?+)"
66.249.69.161 - - [26/Aug/2014:07:48:07 -0600] "GET /region/16/recent.rss HTTP/1.1" 200 18753 "-" "Mozilla/5.0 (compatible; Googlebot/2.1; +http://www.google.com/bot.html)"
68.180.225.35 - - [26/Aug/2014:07:48:15 -0600] "GET /entry/7640 HTTP/1.1" 200 4545 "-" "Mozilla/5.0 (compatible; Yahoo! Slurp; http://help.yahoo.com/help/us/ysearch/slurp)"
83.149.126.98 - - [26/Aug/2014:07:48:19 -0600] "GET /entry/126 HTTP/1.0" 200 16417 "-" "Mozilla/5.0 (compatible; MJ12bot/v1.4.5; http://www.majestic12.co.uk/bot.php?+)"
157.55.39.237 - - [26/Aug/2014:07:48:24 -0600] "GET /entry/18442 HTTP/1.1" 200 4524 "-" "Mozilla/5.0 (compatible; bingbot/2.0; +http://www.bing.com/bingbot.htm)"
66.249.69.161 - - [26/Aug/2014:07:48:26 -0600] "GET /entry-images/3448/3448-1807-small.jpg HTTP/1.1" 200 27387 "-" "Googlebot-Image/1.0"
120.33.217.155 - - [26/Aug/2014:07:48:27 -0600] "GET / HTTP/1.0" 200 10456 "-" "Mozilla/4.0 (compatible; MSIE 6.0; Windows NT 5.1; SV1; .NET CLR 2.0.50727)"
68.105.162.204 - - [26/Aug/2014:07:48:28 -0600] "GET /region/225 HTTP/1.1" 200 8863 "-" "Mozilla/5.0 (Macintosh; Intel Mac OS X 10_9_4) AppleWebKit/537.78.2 (KHTML, like Gecko) Version/7.0.6 Safari/537.78.2"
68.105.162.204 - - [26/Aug/2014:07:48:29 -0600] "GET /7b0744/css/vegguide-combined.css HTTP/1.1" 200 20810 "-" "Mozilla/5.0 (Macintosh; Intel Mac OS X 10_9_4) AppleWebKit/537.78.2 (KHTML, like Gecko) Version/7.0.6 Safari/537.78.2"
68.105.162.204 - - [26/Aug/2014:07:48:29 -0600] "GET /7b0744/js/vegguide-combined.js HTTP/1.1" 200 94167 "-" "Mozilla/5.0 (Macintosh; Intel Mac OS X 10_9_4) AppleWebKit/537.78.2 (KHTML, like Gecko) Version/7.0.6 Safari/537.78.2"
68.105.162.204 - - [26/Aug/2014:07:48:29 -0600] "GET /images/vegguide-logo.png HTTP/1.1" 200 20540 "-" "Mozilla/5.0 (Macintosh; Intel Mac OS X 10_9_4) AppleWebKit/537.78.2 (KHTML, like Gecko) Version/7.0.6 Safari/537.78.2"
68.105.162.204 - - [26/Aug/2014:07:48:29 -0600] "GET /images/loader.gif HTTP/1.1" 200 3208 "-" "Mozilla/5.0 (Macintosh; Intel Mac OS X 10_9_4) AppleWebKit/537.78.2 (KHTML, like Gecko) Version/7.0.6 Safari/537.78.2"
68.105.162.204 - - [26/Aug/2014:07:48:29 -0600] "GET /images/transparent.gif HTTP/1.1" 200 49 "-" "Mozilla/5.0 (Macintosh; Intel Mac OS X 10_9_4) AppleWebKit/537.78.2 (KHTML, like Gecko) Version/7.0.6 Safari/537.78.2"
68.105.162.204 - - [26/Aug/2014:07:48:29 -0600] "GET /7b0744/images/ratings/green-0-00.png HTTP/1.1" 200 791 "-" "Mozilla/5.0 (Macintosh; Intel Mac OS X 10_9_4) AppleWebKit/537.78.2 (KHTML, like Gecko) Version/7.0.6 Safari/537.78.2"
68.105.162.204 - - [26/Aug/2014:07:48:29 -0600] "GET /7b0744/images/sort-none.gif HTTP/1.1" 200 79 "-" "Mozilla/5.0 (Macintosh; Intel Mac OS X 10_9_4) AppleWebKit/537.78.2 (KHTML, like Gecko) Version/7.0.6 Safari/537.78.2"
68.105.162.204 - - [26/Aug/2014:07:48:29 -0600] "GET /images/close-button.png HTTP/1.1" 200 693 "-" "Mozilla/5.0 (Macintosh; Intel Mac OS X 10_9_4) AppleWebKit/537.78.2 (KHTML, like Gecko) Version/7.0.6 Safari/537.78.2"
68.105.162.204 - - [26/Aug/2014:07:48:29 -0600] "GET /7b0744/images/sort-up.gif HTTP/1.1" 200 84 "-" "Mozilla/5.0 (Macintosh; Intel Mac OS X 10_9_4) AppleWebKit/537.78.2 (KHTML, like Gecko) Version/7.0.6 Safari/537.78.2"
68.105.162.204 - - [26/Aug/2014:07:48:29 -0600] "GET /7b0744/images/ratings/green-3-75.png HTTP/1.1" 200 1263 "-" "Mozilla/5.0 (Macintosh; Intel Mac OS X 10_9_4) AppleWebKit/537.78.2 (KHTML, like Gecko) Version/7.0.6 Safari/537.78.2"
68.105.162.204 - - [26/Aug/2014:07:48:29 -0600] "GET /7b0744/images/ratings/green-4-25.png HTTP/1.1" 200 896 "-" "Mozilla/5.0 (Macintosh; Intel Mac OS X 10_9_4) AppleWebKit/537.78.2 (KHTML, like Gecko) Version/7.0.6 Safari/537.78.2"
68.105.162.204 - - [26/Aug/2014:07:48:29 -0600] "GET /7b0744/images/ratings/green-3-50.png HTTP/1.1" 200 1283 "-" "Mozilla/5.0 (Macintosh; Intel Mac OS X 10_9_4) AppleWebKit/537.78.2 (KHTML, like Gecko) Version/7.0.6 Safari/537.78.2"
68.105.162.204 - - [26/Aug/2014:07:48:29 -0600] "GET /7b0744/images/ratings/green-3-25.png HTTP/1.1" 200 1320 "-" "Mozilla/5.0 (Macintosh; Intel Mac OS X 10_9_4) AppleWebKit/537.78.2 (KHTML, like Gecko) Version/7.0.6 Safari/537.78.2"
68.105.162.204 - - [26/Aug/2014:07:48:29 -0600] "GET /7b0744/images/ratings/green-4-50.png HTTP/1.1" 200 878 "-" "Mozilla/5.0 (Macintosh; Intel Mac OS X 10_9_4) AppleWebKit/537.78.2 (KHTML, like Gecko) Version/7.0.6 Safari/537.78.2"
68.105.162.204 - - [26/Aug/2014:07:48:29 -0600] "GET /images/caa-logo.png HTTP/1.1" 200 10681 "-" "Mozilla/5.0 (Macintosh; Intel Mac OS X 10_9_4) AppleWebKit/537.78.2 (KHTML, like Gecko) Version/7.0.6 Safari/537.78.2"
68.105.162.204 - - [26/Aug/2014:07:48:29 -0600] "GET /images/thl-logo.png HTTP/1.1" 200 2925 "-" "Mozilla/5.0 (Macintosh; Intel Mac OS X 10_9_4) AppleWebKit/537.78.2 (KHTML, like Gecko) Version/7.0.6 Safari/537.78.2"
68.105.162.204 - - [26/Aug/2014:07:48:29 -0600] "GET /images/peta-logo.jpg HTTP/1.1" 200 14774 "-" "Mozilla/5.0 (Macintosh; Intel Mac OS X 10_9_4) AppleWebKit/537.78.2 (KHTML, like Gecko) Version/7.0.6 Safari/537.78.2"
68.105.162.204 - - [26/Aug/2014:07:48:29 -0600] "GET /images/cok-logo.png HTTP/1.1" 200 8577 "-" "Mozilla/5.0 (Macintosh; Intel Mac OS X 10_9_4) AppleWebKit/537.78.2 (KHTML, like Gecko) Version/7.0.6 Safari/537.78.2"
68.105.162.204 - - [26/Aug/2014:07:48:29 -0600] "GET /images/fs-logo.png HTTP/1.1" 200 10293 "-" "Mozilla/5.0 (Macintosh; Intel Mac OS X 10_9_4) AppleWebKit/537.78.2 (KHTML, like Gecko) Version/7.0.6 Safari/537.78.2"
68.105.162.204 - - [26/Aug/2014:07:48:29 -0600] "GET /images/vo-logo.gif HTTP/1.1" 200 1553 "-" "Mozilla/5.0 (Macintosh; Intel Mac OS X 10_9_4) AppleWebKit/537.78.2 (KHTML, like Gecko) Version/7.0.6 Safari/537.78.2"
68.105.162.204 - - [26/Aug/2014:07:48:30 -0600] "GET /images/favicon.ico HTTP/1.1" 200 1022 "-" "Mozilla/5.0 (Macintosh; Intel Mac OS X 10_9_4) AppleWebKit/537.78.2 (KHTML, like Gecko) Version/7.0.6 Safari/537.78.2"
144.76.95.232 - - [26/Aug/2014:07:48:35 -0600] "GET /region/218robots.txt HTTP/1.0" 302 280 "-" "Mozilla/5.0 (compatible; MJ12bot/v1.4.5; http://www.majestic12.co.uk/bot.php?+)"
144.76.95.232 - - [26/Aug/2014:07:48:38 -0600] "GET /robots.txt HTTP/1.0" 200 151 "-" "Mozilla/5.0 (compatible; MJ12bot/v1.4.5; http://www.majestic12.co.uk/bot.php?+)"
83.149.126.98 - - [26/Aug/2014:07:48:40 -0600] "GET /entry/12709/map HTTP/1.0" 200 9318 "-" "Mozilla/5.0 (compatible; MJ12bot/v1.4.5; http://www.majestic12.co.uk/bot.php?+)"
37.58.100.142 - - [26/Aug/2014:07:48:46 -0600] "GET /entry/19956 HTTP/1.1" 200 4483 "-" "Mozilla/5.0 (compatible; AhrefsBot/5.0; +http://ahrefs.com/robot/)"
157.55.39.237 - - [26/Aug/2014:07:48:54 -0600] "GET /user HTTP/1.1" 200 4365 "-" "Mozilla/5.0 (compatible; bingbot/2.0; +http://www.bing.com/bingbot.htm)"
37.58.100.142 - - [26/Aug/2014:07:48:55 -0600] "GET /entry/11468/reviews HTTP/1.1" 200 3669 "-" "Mozilla/5.0 (compatible; AhrefsBot/5.0; +http://ahrefs.com/robot/)"
68.180.225.35 - - [26/Aug/2014:07:49:00 -0600] "GET /entry/837 HTTP/1.1" 200 4800 "-" "Mozilla/5.0 (compatible; Yahoo! Slurp; http://help.yahoo.com/help/us/ysearch/slurp)"
37.58.100.142 - - [26/Aug/2014:07:49:00 -0600] "GET /entry/near/34.163%2C-118.515/filter?unit=mile;distance=25;sort_order=ASC;page=;order_by=distance;address=91316;limit= HTTP/1.1" 200 8817 "-" "Mozilla/5.0 (compatible; AhrefsBot/5.0; +http://ahrefs.com/robot/)"
188.121.41.53 - - [26/Aug/2014:07:49:00 -0600] "GET /search/by-lat-long/49.0239276,-123.8605808/filter/category_id=1;category_id=2;category_id=3;category_id=4;category_id=5;category_id=6;category_id=7;category_id=8;category_id=9?limit=10;unit=km;distance=10 HTTP/1.1" 200 344 "-" "-"
66.249.69.177 - - [26/Aug/2014:07:49:01 -0600] "GET /region/2676/filter HTTP/1.1" 200 4421 "-" "Mozilla/5.0 (compatible; Googlebot/2.1; +http://www.google.com/bot.html)"
144.76.95.232 - - [26/Aug/2014:07:49:01 -0600] "GET /region/218 HTTP/1.0" 200 48972 "-" "Mozilla/5.0 (compatible; MJ12bot/v1.4.5; http://www.majestic12.co.uk/bot.php?+)"
83.149.126.98 - - [26/Aug/2014:07:49:02 -0600] "GET /entry/12709/reviews HTTP/1.0" 200 20030 "-" "Mozilla/5.0 (compatible; MJ12bot/v1.4.5; http://www.majestic12.co.uk/bot.php?+)"
66.249.69.193 - - [26/Aug/2014:07:49:02 -0600] "GET /css/printable.css HTTP/1.1" 200 277 "-" "Mozilla/5.0 (compatible; Googlebot/2.1; +http://www.google.com/bot.html)"
66.249.69.139 - - [26/Aug/2014:07:49:05 -0600] "GET /d2a253/css/vegguide-combined.css HTTP/1.1" 200 20810 "-" "Mozilla/5.0 (compatible; Googlebot/2.1; +http://www.google.com/bot.html)"
144.76.95.232 - - [26/Aug/2014:07:49:05 -0600] "GET /region/218robots.txt HTTP/1.0" 302 280 "-" "Mozilla/5.0 (compatible; MJ12bot/v1.4.5; http://www.majestic12.co.uk/bot.php?+)"
144.76.95.232 - - [26/Aug/2014:07:49:13 -0600] "GET /robots.txt HTTP/1.0" 200 151 "-" "Mozilla/5.0 (compatible; MJ12bot/v1.4.5; http://www.majestic12.co.uk/bot.php?+)"
131.253.24.54 - - [26/Aug/2014:07:49:21 -0600] "GET /entry/1385 HTTP/1.1" 200 4866 "-" "Mozilla/5.0 (compatible; MSIE 9.0; Windows NT 6.0; Trident/5.0;  Trident/5.0)"
131.253.24.54 - - [26/Aug/2014:07:49:23 -0600] "GET /7b0744/css/vegguide-combined.css HTTP/1.1" 200 20810 "-" "Mozilla/5.0 (compatible; MSIE 9.0; Windows NT 6.0; Trident/5.0;  Trident/5.0)"
131.253.24.54 - - [26/Aug/2014:07:49:24 -0600] "GET /7b0744/js/vegguide-combined.js HTTP/1.1" 200 94167 "-" "Mozilla/5.0 (compatible; MSIE 9.0; Windows NT 6.0; Trident/5.0;  Trident/5.0)"
157.55.39.237 - - [26/Aug/2014:07:49:24 -0600] "GET /entry/4091 HTTP/1.1" 200 6088 "-" "Mozilla/5.0 (compatible; bingbot/2.0; +http://www.bing.com/bingbot.htm)"
83.149.126.98 - - [26/Aug/2014:07:49:25 -0600] "GET /entry/14942 HTTP/1.0" 200 15166 "-" "Mozilla/5.0 (compatible; MJ12bot/v1.4.5; http://www.majestic12.co.uk/bot.php?+)"
188.121.41.53 - - [26/Aug/2014:07:49:26 -0600] "GET /search/by-lat-long/59.985937,13.614807/filter/category_id=1;category_id=2;category_id=3;category_id=4;category_id=5;category_id=6;category_id=7;category_id=8;category_id=9?limit=10;unit=km;distance=10 HTTP/1.1" 200 340 "-" "-"
23.239.8.38 - - [26/Aug/2014:07:49:31 -0600] "GET / HTTP/1.1" 301 178 "-" "check_http/v1.4.15 (nagios-plugins 1.4.15)"
23.239.8.38 - - [26/Aug/2014:07:49:31 -0600] "GET / HTTP/1.1" 200 10098 "-" "check_http/v1.4.15 (nagios-plugins 1.4.15)"
144.76.95.232 - - [26/Aug/2014:07:49:34 -0600] "GET /region/218search/?q=http://creditpujcka.cz/menu/%20p%C5%AFj%C4%8Dky%20bez%20ru%C4%8Ditele%20i%20Vy%20nev%C3%A1hejte%20a%20vyu%C5%BEijte%20p%C5%AFj%C4%8Dky%20bez%20registru HTTP/1.0" 302 320 "-" "Mozilla/5.0 (compatible; MJ12bot/v1.4.5; http://www.majestic12.co.uk/bot.php?+)"
65.55.215.252 - - [26/Aug/2014:07:49:38 -0600] "GET /entry/6184 HTTP/1.1" 200 5583 "-" "Mozilla/5.0 (compatible; MSIE 9.0; Windows NT 6.1; Trident/5.0;  Trident/5.0)"
108.210.46.76 - - [26/Aug/2014:07:49:40 -0600] "GET /region/218/filter?sort_order=DESC;page=1;order_by=how_veg;limit=20 HTTP/1.1" 200 9485 "-" "Mozilla/5.0 (Macintosh; Intel Mac OS X 10_9_4) AppleWebKit/537.78.2 (KHTML, like Gecko) Version/7.0.6 Safari/537.78.2"
65.55.215.252 - - [26/Aug/2014:07:49:41 -0600] "GET /7b0744/css/vegguide-combined.css HTTP/1.1" 200 20810 "-" "Mozilla/5.0 (compatible; MSIE 9.0; Windows NT 6.1; Trident/5.0;  Trident/5.0)"
65.55.215.252 - - [26/Aug/2014:07:49:41 -0600] "GET /7b0744/js/vegguide-combined.js HTTP/1.1" 200 94167 "-" "Mozilla/5.0 (compatible; MSIE 9.0; Windows NT 6.1; Trident/5.0;  Trident/5.0)"
108.210.46.76 - - [26/Aug/2014:07:49:42 -0600] "GET /7b0744/images/sort-down.gif HTTP/1.1" 200 84 "-" "Mozilla/5.0 (Macintosh; Intel Mac OS X 10_9_4) AppleWebKit/537.78.2 (KHTML, like Gecko) Version/7.0.6 Safari/537.78.2"
98.111.126.4 - - [26/Aug/2014:07:49:42 -0600] "GET /region/485 HTTP/1.1" 200 5045 "-" "Mozilla/5.0 (iPhone; CPU iPhone OS 7_1_2 like Mac OS X) AppleWebKit/537.51.2 (KHTML, like Gecko) Version/7.0 Mobile/11D257 Safari/9537.53"
98.111.126.4 - - [26/Aug/2014:07:49:43 -0600] "GET /7b0744/css/vegguide-combined.css HTTP/1.1" 200 20810 "-" "Mozilla/5.0 (iPhone; CPU iPhone OS 7_1_2 like Mac OS X) AppleWebKit/537.51.2 (KHTML, like Gecko) Version/7.0 Mobile/11D257 Safari/9537.53"
98.111.126.4 - - [26/Aug/2014:07:49:43 -0600] "GET /7b0744/js/vegguide-combined.js HTTP/1.1" 200 94167 "-" "Mozilla/5.0 (iPhone; CPU iPhone OS 7_1_2 like Mac OS X) AppleWebKit/537.51.2 (KHTML, like Gecko) Version/7.0 Mobile/11D257 Safari/9537.53"
98.111.126.4 - - [26/Aug/2014:07:49:44 -0600] "GET /images/vegguide-logo.png HTTP/1.1" 200 20540 "-" "Mozilla/5.0 (iPhone; CPU iPhone OS 7_1_2 like Mac OS X) AppleWebKit/537.51.2 (KHTML, like Gecko) Version/7.0 Mobile/11D257 Safari/9537.53"
