72.92.52.149 - - [26/Aug/2014:07:09:25 -0600] "GET /7b0744/images/sort-none.gif HTTP/1.1" 200 79 "-" "Mozilla/5.0 (iPhone; CPU iPhone OS 7_1_2 like Mac OS X) AppleWebKit/537.51.1 (KHTML, like Gecko) GSA/4.1.0.31802 Mobile/11D257 Safari/9537.53"
72.92.52.149 - - [26/Aug/2014:07:09:25 -0600] "GET /7b0744/images/ratings/green-4-00.png HTTP/1.1" 200 1221 "-" "Mozilla/5.0 (iPhone; CPU iPhone OS 7_1_2 like Mac OS X) AppleWebKit/537.51.1 (KHTML, like Gecko) GSA/4.1.0.31802 Mobile/11D257 Safari/9537.53"
72.92.52.149 - - [26/Aug/2014:07:09:25 -0600] "GET /7b0744/images/ratings/green-0-00.png HTTP/1.1" 200 791 "-" "Mozilla/5.0 (iPhone; CPU iPhone OS 7_1_2 like Mac OS X) AppleWebKit/537.51.1 (KHTML, like Gecko) GSA/4.1.0.31802 Mobile/11D257 Safari/9537.53"
72.92.52.149 - - [26/Aug/2014:07:09:25 -0600] "GET /7b0744/images/ratings/green-3-75.png HTTP/1.1" 200 1263 "-" "Mozilla/5.0 (iPhone; CPU iPhone OS 7_1_2 like Mac OS X) AppleWebKit/537.51.1 (KHTML, like Gecko) GSA/4.1.0.31802 Mobile/11D257 Safari/9537.53"
72.92.52.149 - - [26/Aug/2014:07:09:25 -0600] "GET /7b0744/images/ratings/green-3-50.png HTTP/1.1" 200 1283 "-" "Mozilla/5.0 (iPhone; CPU iPhone OS 7_1_2 like Mac OS X) AppleWebKit/537.51.1 (KHTML, like Gecko) GSA/4.1.0.31802 Mobile/11D257 Safari/9537.53"
72.92.52.149 - - [26/Aug/2014:07:09:25 -0600] "GET /7b0744/images/ratings/green-4-50.png HTTP/1.1" 200 878 "-" "Mozilla/5.0 (iPhone; CPU iPhone OS 7_1_2 like Mac OS X) AppleWebKit/537.51.1 (KHTML, like Gecko) GSA/4.1.0.31802 Mobile/11D257 Safari/9537.53"
72.92.52.149 - - [26/Aug/2014:07:09:25 -0600] "GET /images/caa-logo.png HTTP/1.1" 200 10681 "-" "Mozilla/5.0 (iPhone; CPU iPhone OS 7_1_2 like Mac OS X) AppleWebKit/537.51.1 (KHTML, like Gecko) GSA/4.1.0.31802 Mobile/11D257 Safari/9537.53"
72.92.52.149 - - [26/Aug/2014:07:09:25 -0600] "GET /images/thl-logo.png HTTP/1.1" 200 2925 "-" "Mozilla/5.0 (iPhone; CPU iPhone OS 7_1_2 like Mac OS X) AppleWebKit/537.51.1 (KHTML, like Gecko) GSA/4.1.0.31802 Mobile/11D257 Safari/9537.53"
72.92.52.149 - - [26/Aug/2014:07:09:25 -0600] "GET /images/peta-logo.jpg HTTP/1.1" 200 14774 "-" "Mozilla/5.0 (iPhone; CPU iPhone OS 7_1_2 like Mac OS X) AppleWebKit/537.51.1 (KHTML, like Gecko) GSA/4.1.0.31802 Mobile/11D257 Safari/9537.53"
72.92.52.149 - - [26/Aug/2014:07:09:25 -0600] "GET /7b0744/js/vegguide-combined.js HTTP/1.1" 200 94167 "-" "Mozilla/5.0 (iPhone; CPU iPhone OS 7_1_2 like Mac OS X) AppleWebKit/537.51.1 (KHTML, like Gecko) GSA/4.1.0.31802 Mobile/11D257 Safari/9537.53"
72.92.52.149 - - [26/Aug/2014:07:09:25 -0600] "GET /images/cok-logo.png HTTP/1.1" 200 8577 "-" "Mozilla/5.0 (iPhone; CPU iPhone OS 7_1_2 like Mac OS X) AppleWebKit/537.51.1 (KHTML, like Gecko) GSA/4.1.0.31802 Mobile/11D257 Safari/9537.53"
72.92.52.149 - - [26/Aug/2014:07:09:25 -0600] "GET /images/fs-logo.png HTTP/1.1" 200 10293 "-" "Mozilla/5.0 (iPhone; CPU iPhone OS 7_1_2 like Mac OS X) AppleWebKit/537.51.1 (KHTML, like Gecko) GSA/4.1.0.31802 Mobile/11D257 Safari/9537.53"
72.92.52.149 - - [26/Aug/2014:07:09:25 -0600] "GET /images/vo-logo.gif HTTP/1.1" 200 1553 "-" "Mozilla/5.0 (iPhone; CPU iPhone OS 7_1_2 like Mac OS X) AppleWebKit/537.51.1 (KHTML, like Gecko) GSA/4.1.0.31802 Mobile/11D257 Safari/9537.53"
72.92.52.149 - - [26/Aug/2014:07:09:26 -0600] "GET /images/loader.gif HTTP/1.1" 200 3208 "-" "Mozilla/5.0 (iPhone; CPU iPhone OS 7_1_2 like Mac OS X) AppleWebKit/537.51.1 (KHTML, like Gecko) GSA/4.1.0.31802 Mobile/11D257 Safari/9537.53"
72.92.52.149 - - [26/Aug/2014:07:09:26 -0600] "GET /images/transparent.gif HTTP/1.1" 200 49 "-" "Mozilla/5.0 (iPhone; CPU iPhone OS 7_1_2 like Mac OS X) AppleWebKit/537.51.1 (KHTML, like Gecko) GSA/4.1.0.31802 Mobile/11D257 Safari/9537.53"
23.239.8.38 - - [26/Aug/2014:07:09:31 -0600] "GET / HTTP/1.1" 301 178 "-" "check_http/v1.4.15 (nagios-plugins 1.4.15)"
23.239.8.38 - - [26/Aug/2014:07:09:31 -0600] "GET / HTTP/1.1" 200 10098 "-" "check_http/v1.4.15 (nagios-plugins 1.4.15)"
66.249.69.193 - - [26/Aug/2014:07:09:32 -0600] "GET /region/222/recent.atom?entries_only=1 HTTP/1.1" 200 7703 "-" "Mozilla/5.0 (compatible; Googlebot/2.1; +http://www.google.com/bot.html)"
144.76.95.231 - - [26/Aug/2014:07:09:36 -0600] "GET /region/218search/ HTTP/1.0" 302 280 "-" "Mozilla/5.0 (compatible; MJ12bot/v1.4.5; http://www.majestic12.co.uk/bot.php?+)"
37.58.100.142 - - [26/Aug/2014:07:09:52 -0600] "GET /user/5594 HTTP/1.1" 200 3648 "-" "Mozilla/5.0 (compatible; AhrefsBot/5.0; +http://ahrefs.com/robot/)"
157.55.39.71 - - [26/Aug/2014:07:09:54 -0600] "GET /region/1135 HTTP/1.1" 200 4317 "-" "Mozilla/5.0 (compatible; bingbot/2.0; +http://www.bing.com/bingbot.htm)"
183.60.214.53 - - [26/Aug/2014:07:09:55 -0600] "GET /user/8543 HTTP/1.1" 200 3247 "-" "Mozilla/5.0 (compatible; EasouSpider; +http://www.easou.com/search/spider.html)"
183.60.212.148 - - [26/Aug/2014:07:09:55 -0600] "GET /entry/8664 HTTP/1.1" 200 5714 "-" "Mozilla/5.0 (compatible; EasouSpider; +http://www.easou.com/search/spider.html)"
68.180.225.35 - - [26/Aug/2014:07:10:00 -0600] "GET /entry/7600 HTTP/1.1" 200 4933 "-" "Mozilla/5.0 (compatible; Yahoo! Slurp; http://help.yahoo.com/help/us/ysearch/slurp)"
144.76.95.231 - - [26/Aug/2014:07:10:00 -0600] "GET / HTTP/1.0" 200 10105 "-" "Mozilla/5.0 (compatible; MJ12bot/v1.4.5; http://www.majestic12.co.uk/bot.php?+)"
66.249.69.177 - - [26/Aug/2014:07:10:02 -0600] "GET /entry/15351 HTTP/1.1" 200 5451 "-" "Mozilla/5.0 (compatible; Googlebot/2.1; +http://www.google.com/bot.html)"
66.249.69.177 - - [26/Aug/2014:07:10:07 -0600] "GET /region/905/stats HTTP/1.1" 200 3430 "-" "Mozilla/5.0 (iPhone; CPU iPhone OS 6_0 like Mac OS X) AppleWebKit/536.26 (KHTML, like Gecko) Version/6.0 Mobile/10A5376e Safari/8536.25 (compatible; Googlebot/2.1; +http://www.google.com/bot.html)"
217.7.235.219 - - [26/Aug/2014:07:10:09 -0600] "GET /region/1090 HTTP/1.1" 200 4794 "-" "Mozilla/5.0 (Windows NT 6.1; WOW64) AppleWebKit/537.36 (KHTML, like Gecko) Chrome/36.0.1985.143 Safari/537.36"
217.7.235.219 - - [26/Aug/2014:07:10:09 -0600] "GET /7b0744/css/vegguide-combined.css HTTP/1.1" 200 20810 "-" "Mozilla/5.0 (Windows NT 6.1; WOW64) AppleWebKit/537.36 (KHTML, like Gecko) Chrome/36.0.1985.143 Safari/537.36"
217.7.235.219 - - [26/Aug/2014:07:10:09 -0600] "GET /images/vegguide-logo.png HTTP/1.1" 200 20540 "-" "Mozilla/5.0 (Windows NT 6.1; WOW64) AppleWebKit/537.36 (KHTML, like Gecko) Chrome/36.0.1985.143 Safari/537.36"
217.7.235.219 - - [26/Aug/2014:07:10:09 -0600] "GET /images/close-button.png HTTP/1.1" 200 693 "-" "Mozilla/5.0 (Windows NT 6.1; WOW64) AppleWebKit/537.36 (KHTML, like Gecko) Chrome/36.0.1985.143 Safari/537.36"
217.7.235.219 - - [26/Aug/2014:07:10:09 -0600] "GET /7b0744/images/sort-up.gif HTTP/1.1" 200 84 "-" "Mozilla/5.0 (Windows NT 6.1; WOW64) AppleWebKit/537.36 (KHTML, like Gecko) Chrome/36.0.1985.143 Safari/537.36"
217.7.235.219 - - [26/Aug/2014:07:10:09 -0600] "GET /7b0744/images/sort-none.gif HTTP/1.1" 200 79 "-" "Mozilla/5.0 (Windows NT 6.1; WOW64) AppleWebKit/537.36 (KHTML, like Gecko) Chrome/36.0.1985.143 Safari/537.36"
217.7.235.219 - - [26/Aug/2014:07:10:09 -0600] "GET /7b0744/images/ratings/green-0-00.png HTTP/1.1" 200 791 "-" "Mozilla/5.0 (Windows NT 6.1; WOW64) AppleWebKit/537.36 (KHTML, like Gecko) Chrome/36.0.1985.143 Safari/537.36"
217.7.235.219 - - [26/Aug/2014:07:10:09 -0600] "GET /7b0744/images/ratings/green-4-25.png HTTP/1.1" 200 896 "-" "Mozilla/5.0 (Windows NT 6.1; WOW64) AppleWebKit/537.36 (KHTML, like Gecko) Chrome/36.0.1985.143 Safari/537.36"
217.7.235.219 - - [26/Aug/2014:07:10:09 -0600] "GET /7b0744/images/ratings/green-4-00.png HTTP/1.1" 200 1221 "-" "Mozilla/5.0 (Windows NT 6.1; WOW64) AppleWebKit/537.36 (KHTML, like Gecko) Chrome/36.0.1985.143 Safari/537.36"
217.7.235.219 - - [26/Aug/2014:07:10:09 -0600] "GET /images/caa-logo.png HTTP/1.1" 200 10681 "-" "Mozilla/5.0 (Windows NT 6.1; WOW64) AppleWebKit/537.36 (KHTML, like Gecko) Chrome/36.0.1985.143 Safari/537.36"
217.7.235.219 - - [26/Aug/2014:07:10:09 -0600] "GET /images/thl-logo.png HTTP/1.1" 200 2925 "-" "Mozilla/5.0 (Windows NT 6.1; WOW64) AppleWebKit/537.36 (KHTML, like Gecko) Chrome/36.0.1985.143 Safari/537.36"
217.7.235.219 - - [26/Aug/2014:07:10:09 -0600] "GET /images/peta-logo.jpg HTTP/1.1" 200 14774 "-" "Mozilla/5.0 (Windows NT 6.1; WOW64) AppleWebKit/537.36 (KHTML, like Gecko) Chrome/36.0.1985.143 Safari/537.36"
217.7.235.219 - - [26/Aug/2014:07:10:09 -0600] "GET /images/cok-logo.png HTTP/1.1" 200 8577 "-" "Mozilla/5.0 (Windows NT 6.1; WOW64) AppleWebKit/537.36 (KHTML, like Gecko) Chrome/36.0.1985.143 Safari/537.36"
217.7.235.219 - - [26/Aug/2014:07:10:10 -0600] "GET /7b0744/js/vegguide-combined.js HTTP/1.1" 200 94167 "-" "Mozilla/5.0 (Windows NT 6.1; WOW64) AppleWebKit/537.36 (KHTML, like Gecko) Chrome/36.0.1985.143 Safari/537.36"
217.7.235.219 - - [26/Aug/2014:07:10:10 -0600] "GET /images/fs-logo.png HTTP/1.1" 200 10293 "-" "Mozilla/5.0 (Windows NT 6.1; WOW64) AppleWebKit/537.36 (KHTML, like Gecko) Chrome/36.0.1985.143 Safari/537.36"
217.7.235.219 - - [26/Aug/2014:07:10:10 -0600] "GET /images/vo-logo.gif HTTP/1.1" 200 1553 "-" "Mozilla/5.0 (Windows NT 6.1; WOW64) AppleWebKit/537.36 (KHTML, like Gecko) Chrome/36.0.1985.143 Safari/537.36"
217.7.235.219 - - [26/Aug/2014:07:10:10 -0600] "GET /images/loader.gif HTTP/1.1" 200 3208 "-" "Mozilla/5.0 (Windows NT 6.1; WOW64) AppleWebKit/537.36 (KHTML, like Gecko) Chrome/36.0.1985.143 Safari/537.36"
217.7.235.219 - - [26/Aug/2014:07:10:10 -0600] "GET /images/transparent.gif HTTP/1.1" 200 49 "-" "Mozilla/5.0 (Windows NT 6.1; WOW64) AppleWebKit/537.36 (KHTML, like Gecko) Chrome/36.0.1985.143 Safari/537.36"
217.7.235.219 - - [26/Aug/2014:07:10:11 -0600] "GET /images/favicon.ico HTTP/1.1" 200 1022 "-" "Mozilla/5.0 (Windows NT 6.1; WOW64) AppleWebKit/537.36 (KHTML, like Gecko) Chrome/36.0.1985.143 Safari/537.36"
72.92.52.149 - - [26/Aug/2014:07:10:16 -0600] "GET /region/599 HTTP/1.1" 200 4914 "-" "Mozilla/5.0 (iPhone; CPU iPhone OS 7_1_2 like Mac OS X) AppleWebKit/537.51.1 (KHTML, like Gecko) GSA/4.1.0.31802 Mobile/11D257 Safari/9537.53"
72.92.52.149 - - [26/Aug/2014:07:10:20 -0600] "GET /region/599 HTTP/1.1" 200 4914 "-" "Mozilla/5.0 (iPhone; CPU iPhone OS 7_1_2 like Mac OS X) AppleWebKit/537.51.1 (KHTML, like Gecko) GSA/4.1.0.31802 Mobile/11D257 Safari/9537.53"
72.92.52.149 - - [26/Aug/2014:07:10:20 -0600] "GET /7b0744/css/vegguide-combined.css HTTP/1.1" 200 20810 "-" "Mozilla/5.0 (iPhone; CPU iPhone OS 7_1_2 like Mac OS X) AppleWebKit/537.51.1 (KHTML, like Gecko) GSA/4.1.0.31802 Mobile/11D257 Safari/9537.53"
72.92.52.149 - - [26/Aug/2014:07:10:20 -0600] "GET /images/vegguide-logo.png HTTP/1.1" 200 20540 "-" "Mozilla/5.0 (iPhone; CPU iPhone OS 7_1_2 like Mac OS X) AppleWebKit/537.51.1 (KHTML, like Gecko) GSA/4.1.0.31802 Mobile/11D257 Safari/9537.53"
72.92.52.149 - - [26/Aug/2014:07:10:20 -0600] "GET /images/close-button.png HTTP/1.1" 200 693 "-" "Mozilla/5.0 (iPhone; CPU iPhone OS 7_1_2 like Mac OS X) AppleWebKit/537.51.1 (KHTML, like Gecko) GSA/4.1.0.31802 Mobile/11D257 Safari/9537.53"
72.92.52.149 - - [26/Aug/2014:07:10:21 -0600] "GET /7b0744/images/sort-up.gif HTTP/1.1" 200 84 "-" "Mozilla/5.0 (iPhone; CPU iPhone OS 7_1_2 like Mac OS X) AppleWebKit/537.51.1 (KHTML, like Gecko) GSA/4.1.0.31802 Mobile/11D257 Safari/9537.53"
72.92.52.149 - - [26/Aug/2014:07:10:21 -0600] "GET /7b0744/images/sort-none.gif HTTP/1.1" 200 79 "-" "Mozilla/5.0 (iPhone; CPU iPhone OS 7_1_2 like Mac OS X) AppleWebKit/537.51.1 (KHTML, like Gecko) GSA/4.1.0.31802 Mobile/11D257 Safari/9537.53"
72.92.52.149 - - [26/Aug/2014:07:10:21 -0600] "GET /7b0744/images/ratings/green-4-00.png HTTP/1.1" 200 1221 "-" "Mozilla/5.0 (iPhone; CPU iPhone OS 7_1_2 like Mac OS X) AppleWebKit/537.51.1 (KHTML, like Gecko) GSA/4.1.0.31802 Mobile/11D257 Safari/9537.53"
72.92.52.149 - - [26/Aug/2014:07:10:21 -0600] "GET /7b0744/images/ratings/green-0-00.png HTTP/1.1" 200 791 "-" "Mozilla/5.0 (iPhone; CPU iPhone OS 7_1_2 like Mac OS X) AppleWebKit/537.51.1 (KHTML, like Gecko) GSA/4.1.0.31802 Mobile/11D257 Safari/9537.53"
72.92.52.149 - - [26/Aug/2014:07:10:21 -0600] "GET /7b0744/images/ratings/green-3-75.png HTTP/1.1" 200 1263 "-" "Mozilla/5.0 (iPhone; CPU iPhone OS 7_1_2 like Mac OS X) AppleWebKit/537.51.1 (KHTML, like Gecko) GSA/4.1.0.31802 Mobile/11D257 Safari/9537.53"
72.92.52.149 - - [26/Aug/2014:07:10:21 -0600] "GET /7b0744/images/ratings/green-3-50.png HTTP/1.1" 200 1283 "-" "Mozilla/5.0 (iPhone; CPU iPhone OS 7_1_2 like Mac OS X) AppleWebKit/537.51.1 (KHTML, like Gecko) GSA/4.1.0.31802 Mobile/11D257 Safari/9537.53"
72.92.52.149 - - [26/Aug/2014:07:10:21 -0600] "GET /7b0744/images/ratings/green-4-50.png HTTP/1.1" 200 878 "-" "Mozilla/5.0 (iPhone; CPU iPhone OS 7_1_2 like Mac OS X) AppleWebKit/537.51.1 (KHTML, like Gecko) GSA/4.1.0.31802 Mobile/11D257 Safari/9537.53"
72.92.52.149 - - [26/Aug/2014:07:10:21 -0600] "GET /images/caa-logo.png HTTP/1.1" 200 10681 "-" "Mozilla/5.0 (iPhone; CPU iPhone OS 7_1_2 like Mac OS X) AppleWebKit/537.51.1 (KHTML, like Gecko) GSA/4.1.0.31802 Mobile/11D257 Safari/9537.53"
144.76.95.231 - - [26/Aug/2014:07:10:21 -0600] "GET /region/254/feeds HTTP/1.0" 200 9504 "-" "Mozilla/5.0 (compatible; MJ12bot/v1.4.5; http://www.majestic12.co.uk/bot.php?+)"
72.92.52.149 - - [26/Aug/2014:07:10:21 -0600] "GET /images/thl-logo.png HTTP/1.1" 200 2925 "-" "Mozilla/5.0 (iPhone; CPU iPhone OS 7_1_2 like Mac OS X) AppleWebKit/537.51.1 (KHTML, like Gecko) GSA/4.1.0.31802 Mobile/11D257 Safari/9537.53"
72.92.52.149 - - [26/Aug/2014:07:10:21 -0600] "GET /7b0744/js/vegguide-combined.js HTTP/1.1" 200 94167 "-" "Mozilla/5.0 (iPhone; CPU iPhone OS 7_1_2 like Mac OS X) AppleWebKit/537.51.1 (KHTML, like Gecko) GSA/4.1.0.31802 Mobile/11D257 Safari/9537.53"
72.92.52.149 - - [26/Aug/2014:07:10:21 -0600] "GET /images/peta-logo.jpg HTTP/1.1" 200 14774 "-" "Mozilla/5.0 (iPhone; CPU iPhone OS 7_1_2 like Mac OS X) AppleWebKit/537.51.1 (KHTML, like Gecko) GSA/4.1.0.31802 Mobile/11D257 Safari/9537.53"
72.92.52.149 - - [26/Aug/2014:07:10:21 -0600] "GET /images/cok-logo.png HTTP/1.1" 200 8577 "-" "Mozilla/5.0 (iPhone; CPU iPhone OS 7_1_2 like Mac OS X) AppleWebKit/537.51.1 (KHTML, like Gecko) GSA/4.1.0.31802 Mobile/11D257 Safari/9537.53"
72.92.52.149 - - [26/Aug/2014:07:10:21 -0600] "GET /images/fs-logo.png HTTP/1.1" 200 10293 "-" "Mozilla/5.0 (iPhone; CPU iPhone OS 7_1_2 like Mac OS X) AppleWebKit/537.51.1 (KHTML, like Gecko) GSA/4.1.0.31802 Mobile/11D257 Safari/9537.53"
72.92.52.149 - - [26/Aug/2014:07:10:21 -0600] "GET /images/vo-logo.gif HTTP/1.1" 200 1553 "-" "Mozilla/5.0 (iPhone; CPU iPhone OS 7_1_2 like Mac OS X) AppleWebKit/537.51.1 (KHTML, like Gecko) GSA/4.1.0.31802 Mobile/11D257 Safari/9537.53"
72.92.52.149 - - [26/Aug/2014:07:10:21 -0600] "GET /images/transparent.gif HTTP/1.1" 200 49 "-" "Mozilla/5.0 (iPhone; CPU iPhone OS 7_1_2 like Mac OS X) AppleWebKit/537.51.1 (KHTML, like Gecko) GSA/4.1.0.31802 Mobile/11D257 Safari/9537.53"
72.92.52.149 - - [26/Aug/2014:07:10:21 -0600] "GET /images/loader.gif HTTP/1.1" 200 3208 "-" "Mozilla/5.0 (iPhone; CPU iPhone OS 7_1_2 like Mac OS X) AppleWebKit/537.51.1 (KHTML, like Gecko) GSA/4.1.0.31802 Mobile/11D257 Safari/9537.53"
217.7.235.219 - - [26/Aug/2014:07:10:22 -0600] "GET /entry/14446 HTTP/1.1" 200 5203 "-" "Mozilla/5.0 (Windows NT 6.1; WOW64) AppleWebKit/537.36 (KHTML, like Gecko) Chrome/36.0.1985.143 Safari/537.36"
217.7.235.219 - - [26/Aug/2014:07:10:23 -0600] "GET /7b0744/images/ratings/green-5-00.png HTTP/1.1" 200 689 "-" "Mozilla/5.0 (Windows NT 6.1; WOW64) AppleWebKit/537.36 (KHTML, like Gecko) Chrome/36.0.1985.143 Safari/537.36"
37.58.100.142 - - [26/Aug/2014:07:10:23 -0600] "GET /entry/9382 HTTP/1.1" 200 6984 "-" "Mozilla/5.0 (compatible; AhrefsBot/5.0; +http://ahrefs.com/robot/)"
217.7.235.219 - - [26/Aug/2014:07:10:23 -0600] "GET /images/upload-an-image.png HTTP/1.1" 200 7026 "-" "Mozilla/5.0 (Windows NT 6.1; WOW64) AppleWebKit/537.36 (KHTML, like Gecko) Chrome/36.0.1985.143 Safari/537.36"
217.7.235.219 - - [26/Aug/2014:07:10:23 -0600] "GET /images/red-bullet.png HTTP/1.1" 200 231 "-" "Mozilla/5.0 (Windows NT 6.1; WOW64) AppleWebKit/537.36 (KHTML, like Gecko) Chrome/36.0.1985.143 Safari/537.36"
217.7.235.219 - - [26/Aug/2014:07:10:23 -0600] "GET /images/ratings/blue-1-00.png HTTP/1.1" 200 1037 "-" "Mozilla/5.0 (Windows NT 6.1; WOW64) AppleWebKit/537.36 (KHTML, like Gecko) Chrome/36.0.1985.143 Safari/537.36"
217.7.235.219 - - [26/Aug/2014:07:10:23 -0600] "GET /images/ratings/blue-2-00.png HTTP/1.1" 200 1375 "-" "Mozilla/5.0 (Windows NT 6.1; WOW64) AppleWebKit/537.36 (KHTML, like Gecko) Chrome/36.0.1985.143 Safari/537.36"
217.7.235.219 - - [26/Aug/2014:07:10:23 -0600] "GET /images/ratings/blue-3-00.png HTTP/1.1" 200 1416 "-" "Mozilla/5.0 (Windows NT 6.1; WOW64) AppleWebKit/537.36 (KHTML, like Gecko) Chrome/36.0.1985.143 Safari/537.36"
217.7.235.219 - - [26/Aug/2014:07:10:23 -0600] "GET /images/ratings/blue-4-00.png HTTP/1.1" 200 1375 "-" "Mozilla/5.0 (Windows NT 6.1; WOW64) AppleWebKit/537.36 (KHTML, like Gecko) Chrome/36.0.1985.143 Safari/537.36"
217.7.235.219 - - [26/Aug/2014:07:10:23 -0600] "GET /images/ratings/blue-5-00.png HTTP/1.1" 200 1198 "-" "Mozilla/5.0 (Windows NT 6.1; WOW64) AppleWebKit/537.36 (KHTML, like Gecko) Chrome/36.0.1985.143 Safari/537.36"
157.55.39.70 - - [26/Aug/2014:07:10:24 -0600] "GET /entry/4288/edit_hours_form HTTP/1.1" 302 338 "-" "Mozilla/5.0 (compatible; bingbot/2.0; +http://www.bing.com/bingbot.htm)"
66.249.91.166 - - [26/Aug/2014:07:10:35 -0600] "GET /location/most_recent.rss?location_id=116 HTTP/1.1" 301 178 "-" "Feedfetcher-Google; (+http://www.google.com/feedfetcher.html; 1 subscribers; feed-id=5568905435586909268)"
108.39.184.141 - - [26/Aug/2014:07:10:35 -0600] "GET /entry-images/3030/3030-1473-small.jpg HTTP/1.1" 200 20748 "-" "Mozilla/5.0 (Macintosh; Intel Mac OS X 10_9_2) AppleWebKit/537.36 (KHTML, like Gecko) Chrome/36.0.1985.125 Safari/537.36"
66.249.91.182 - - [26/Aug/2014:07:10:36 -0600] "GET /region/116/recent.rss HTTP/1.1" 200 15981 "-" "Feedfetcher-Google; (+http://www.google.com/feedfetcher.html; 1 subscribers; feed-id=5568905435586909268)"
144.76.95.231 - - [26/Aug/2014:07:10:42 -0600] "GET /region/2541/filter/veg_level=2?sort_order=ASC;page=1;order_by=name;limit=0 HTTP/1.0" 200 11993 "-" "Mozilla/5.0 (compatible; MJ12bot/v1.4.5; http://www.majestic12.co.uk/bot.php?+)"
144.76.95.231 - - [26/Aug/2014:07:10:42 -0600] "GET /robots.txt HTTP/1.0" 200 151 "-" "Mozilla/5.0 (compatible; MJ12bot/v1.4.5; http://www.majestic12.co.uk/bot.php?+)"
68.180.225.35 - - [26/Aug/2014:07:10:45 -0600] "GET /entry/16198 HTTP/1.1" 200 4598 "-" "Mozilla/5.0 (compatible; Yahoo! Slurp; http://help.yahoo.com/help/us/ysearch/slurp)"
192.3.23.177 - - [26/Aug/2014:07:10:46 -0600] "GET /entry/17157 HTTP/1.0" 200 12722 "-" "Mozilla/4.0 (compatible; MSIE 7.0; Windows NT 5.1; .NET CLR 1.1.4322; .NET CLR 2.0.50727; .NET CLR 3.0.04506.30)"
157.55.39.71 - - [26/Aug/2014:07:10:54 -0600] "GET /region/1005/filter/category_id=1 HTTP/1.1" 200 3870 "-" "Mozilla/5.0 (compatible; bingbot/2.0; +http://www.bing.com/bingbot.htm)"
37.58.100.142 - - [26/Aug/2014:07:10:58 -0600] "GET /entry/near/39.9338%2C-91.3058/filter?unit=mile;distance=25;sort_order=ASC;page=;order_by=distance;address=62306;limit= HTTP/1.1" 200 6592 "-" "Mozilla/5.0 (compatible; AhrefsBot/5.0; +http://ahrefs.com/robot/)"
144.76.95.231 - - [26/Aug/2014:07:11:05 -0600] "GET /region/311search/?q=The%20Natural%20Brothers'%20Deli%20and%20Caf%C3%A9 HTTP/1.0" 302 320 "-" "Mozilla/5.0 (compatible; MJ12bot/v1.4.5; http://www.majestic12.co.uk/bot.php?+)"
66.249.69.161 - - [26/Aug/2014:07:11:11 -0600] "GET /entry/18462 HTTP/1.1" 200 5080 "-" "Mozilla/5.0 (compatible; Googlebot/2.1; +http://www.google.com/bot.html)"
207.46.13.94 - - [26/Aug/2014:07:11:24 -0600] "GET /region/2248/recent.rss HTTP/1.1" 200 1272 "-" "Mozilla/5.0 (compatible; bingbot/2.0; +http://www.bing.com/bingbot.htm)"
144.76.95.231 - - [26/Aug/2014:07:11:26 -0600] "GET /region/311search/ HTTP/1.0" 302 280 "-" "Mozilla/5.0 (compatible; MJ12bot/v1.4.5; http://www.majestic12.co.uk/bot.php?+)"
68.180.225.35 - - [26/Aug/2014:07:11:30 -0600] "GET /entry/near/34.8178%2C-90.3708/filter?unit=mile;distance=25;sort_order=ASC;page=;order_by=distance;address=38664;limit= HTTP/1.1" 200 8705 "-" "Mozilla/5.0 (compatible; Yahoo! Slurp; http://help.yahoo.com/help/us/ysearch/slurp)"
66.249.69.193 - - [26/Aug/2014:07:11:32 -0600] "GET /entry-images/4680/4680-3018-small.jpg HTTP/1.1" 200 20358 "-" "Googlebot-Image/1.0"
37.58.100.142 - - [26/Aug/2014:07:11:35 -0600] "GET /entry/near/18.0548%2C-66.5053/map/veg_level=2;category_id=1?unit=km;distance=1;address=00795 HTTP/1.1" 200 3384 "-" "Mozilla/5.0 (compatible; AhrefsBot/5.0; +http://ahrefs.com/robot/)"
144.76.95.231 - - [26/Aug/2014:07:11:48 -0600] "GET / HTTP/1.0" 200 10105 "-" "Mozilla/5.0 (compatible; MJ12bot/v1.4.5; http://www.majestic12.co.uk/bot.php?+)"
157.55.39.71 - - [26/Aug/2014:07:11:54 -0600] "GET /region/745/printable/veg_level=2 HTTP/1.1" 200 1238 "-" "Mozilla/5.0 (compatible; bingbot/2.0; +http://www.bing.com/bingbot.htm)"
183.60.213.53 - - [26/Aug/2014:07:11:54 -0600] "GET /region/223/printable HTTP/1.1" 200 4285 "-" "Mozilla/5.0 (compatible; EasouSpider; +http://www.easou.com/search/spider.html)"
37.58.100.142 - - [26/Aug/2014:07:12:04 -0600] "GET /entry/3540 HTTP/1.1" 200 5973 "-" "Mozilla/5.0 (compatible; AhrefsBot/5.0; +http://ahrefs.com/robot/)"
54.235.99.68 - - [26/Aug/2014:07:12:10 -0600] "GET /site/recent.rss HTTP/1.1" 200 20227 "-" "RSSGraffiti"
144.76.95.231 - - [26/Aug/2014:07:12:11 -0600] "GET /region/449/filter HTTP/1.0" 200 38421 "-" "Mozilla/5.0 (compatible; MJ12bot/v1.4.5; http://www.majestic12.co.uk/bot.php?+)"
37.58.100.142 - - [26/Aug/2014:07:12:14 -0600] "GET /entry/near/7.367%2C-170.855/filter?unit=mile;distance=25;sort_order=ASC;page=;order_by=distance;address=96960;limit= HTTP/1.1" 200 6212 "-" "Mozilla/5.0 (compatible; AhrefsBot/5.0; +http://ahrefs.com/robot/)"
68.180.225.35 - - [26/Aug/2014:07:12:15 -0600] "GET /region/92 HTTP/1.1" 200 4096 "-" "Mozilla/5.0 (compatible; Yahoo! Slurp; http://help.yahoo.com/help/us/ysearch/slurp)"
66.249.69.107 - - [26/Aug/2014:07:12:20 -0600] "GET /region/2288 HTTP/1.1" 200 4090 "-" "Mozilla/5.0 (compatible; Googlebot/2.1; +http://www.google.com/bot.html)"
207.46.13.94 - - [26/Aug/2014:07:12:24 -0600] "GET /entry/14058/reviews HTTP/1.1" 200 3101 "-" "Mozilla/5.0 (compatible; bingbot/2.0; +http://www.bing.com/bingbot.htm)"
66.249.70.107 - - [26/Aug/2014:07:12:30 -0600] "GET /site.rss HTTP/1.1" 200 16183260 "-" "DoCoMo/2.0 N905i(c100;TB;W24H16) (compatible; Googlebot-Mobile/2.1; +http://www.google.com/bot.html)"
144.76.95.231 - - [26/Aug/2014:07:12:35 -0600] "GET /region/449/map/veg_level=2;category_id=1 HTTP/1.0" 200 34559 "-" "Mozilla/5.0 (compatible; MJ12bot/v1.4.5; http://www.majestic12.co.uk/bot.php?+)"
199.21.99.207 - - [26/Aug/2014:07:12:52 -0600] "GET /user-images/2180-small.jpg HTTP/1.1" 200 638 "-" "Mozilla/5.0 (compatible; YandexImages/3.0; +http://yandex.com/bots)"
207.46.13.94 - - [26/Aug/2014:07:12:54 -0600] "GET /region/116/filter?sort_order=ASC;page=7;order_by=name HTTP/1.1" 200 9934 "-" "Mozilla/5.0 (compatible; bingbot/2.0; +http://www.bing.com/bingbot.htm)"
37.58.100.142 - - [26/Aug/2014:07:12:56 -0600] "GET /entry/2196/review_form HTTP/1.1" 302 338 "-" "Mozilla/5.0 (compatible; AhrefsBot/5.0; +http://ahrefs.com/robot/)"
144.76.95.231 - - [26/Aug/2014:07:12:57 -0600] "GET /region/56/filter/veg_level=2;category_id=1 HTTP/1.0" 200 42691 "-" "Mozilla/5.0 (compatible; MJ12bot/v1.4.5; http://www.majestic12.co.uk/bot.php?+)"
68.180.225.35 - - [26/Aug/2014:07:13:00 -0600] "GET /region/13/stats HTTP/1.1" 200 4261 "-" "Mozilla/5.0 (compatible; Yahoo! Slurp; http://help.yahoo.com/help/us/ysearch/slurp)"
4.30.121.138 - - [26/Aug/2014:07:13:02 -0600] "GET /entry/782 HTTP/1.1" 200 5991 "-" "Mozilla/5.0 (Windows NT 6.1; WOW64) AppleWebKit/537.36 (KHTML, like Gecko) Chrome/36.0.1985.143 Safari/537.36"
4.30.121.138 - - [26/Aug/2014:07:13:02 -0600] "GET /7b0744/css/vegguide-combined.css HTTP/1.1" 200 20810 "-" "Mozilla/5.0 (Windows NT 6.1; WOW64) AppleWebKit/537.36 (KHTML, like Gecko) Chrome/36.0.1985.143 Safari/537.36"
4.30.121.138 - - [26/Aug/2014:07:13:03 -0600] "GET /images/close-button.png HTTP/1.1" 200 693 "-" "Mozilla/5.0 (Windows NT 6.1; WOW64) AppleWebKit/537.36 (KHTML, like Gecko) Chrome/36.0.1985.143 Safari/537.36"
4.30.121.138 - - [26/Aug/2014:07:13:03 -0600] "GET /images/vegguide-logo.png HTTP/1.1" 200 20540 "-" "Mozilla/5.0 (Windows NT 6.1; WOW64) AppleWebKit/537.36 (KHTML, like Gecko) Chrome/36.0.1985.143 Safari/537.36"
4.30.121.138 - - [26/Aug/2014:07:13:03 -0600] "GET /7b0744/images/ratings/green-3-25.png HTTP/1.1" 200 1320 "-" "Mozilla/5.0 (Windows NT 6.1; WOW64) AppleWebKit/537.36 (KHTML, like Gecko) Chrome/36.0.1985.143 Safari/537.36"
4.30.121.138 - - [26/Aug/2014:07:13:03 -0600] "GET /user-images/3877-small.jpg HTTP/1.1" 200 999 "-" "Mozilla/5.0 (Windows NT 6.1; WOW64) AppleWebKit/537.36 (KHTML, like Gecko) Chrome/36.0.1985.143 Safari/537.36"
4.30.121.138 - - [26/Aug/2014:07:13:03 -0600] "GET /7b0744/images/ratings/green-5-00.png HTTP/1.1" 200 689 "-" "Mozilla/5.0 (Windows NT 6.1; WOW64) AppleWebKit/537.36 (KHTML, like Gecko) Chrome/36.0.1985.143 Safari/537.36"
4.30.121.138 - - [26/Aug/2014:07:13:03 -0600] "GET /7b0744/images/ratings/green-2-00.png HTTP/1.1" 200 1067 "-" "Mozilla/5.0 (Windows NT 6.1; WOW64) AppleWebKit/537.36 (KHTML, like Gecko) Chrome/36.0.1985.143 Safari/537.36"
4.30.121.138 - - [26/Aug/2014:07:13:03 -0600] "GET /entry-images/782/782-2809-small.jpg HTTP/1.1" 200 16330 "-" "Mozilla/5.0 (Windows NT 6.1; WOW64) AppleWebKit/537.36 (KHTML, like Gecko) Chrome/36.0.1985.143 Safari/537.36"
4.30.121.138 - - [26/Aug/2014:07:13:03 -0600] "GET /images/caa-logo.png HTTP/1.1" 200 10681 "-" "Mozilla/5.0 (Windows NT 6.1; WOW64) AppleWebKit/537.36 (KHTML, like Gecko) Chrome/36.0.1985.143 Safari/537.36"
4.30.121.138 - - [26/Aug/2014:07:13:03 -0600] "GET /images/thl-logo.png HTTP/1.1" 200 2925 "-" "Mozilla/5.0 (Windows NT 6.1; WOW64) AppleWebKit/537.36 (KHTML, like Gecko) Chrome/36.0.1985.143 Safari/537.36"
4.30.121.138 - - [26/Aug/2014:07:13:03 -0600] "GET /images/peta-logo.jpg HTTP/1.1" 200 14774 "-" "Mozilla/5.0 (Windows NT 6.1; WOW64) AppleWebKit/537.36 (KHTML, like Gecko) Chrome/36.0.1985.143 Safari/537.36"
4.30.121.138 - - [26/Aug/2014:07:13:03 -0600] "GET /images/cok-logo.png HTTP/1.1" 200 8577 "-" "Mozilla/5.0 (Windows NT 6.1; WOW64) AppleWebKit/537.36 (KHTML, like Gecko) Chrome/36.0.1985.143 Safari/537.36"
4.30.121.138 - - [26/Aug/2014:07:13:03 -0600] "GET /7b0744/js/vegguide-combined.js HTTP/1.1" 200 94167 "-" "Mozilla/5.0 (Windows NT 6.1; WOW64) AppleWebKit/537.36 (KHTML, like Gecko) Chrome/36.0.1985.143 Safari/537.36"
4.30.121.138 - - [26/Aug/2014:07:13:03 -0600] "GET /images/fs-logo.png HTTP/1.1" 200 10293 "-" "Mozilla/5.0 (Windows NT 6.1; WOW64) AppleWebKit/537.36 (KHTML, like Gecko) Chrome/36.0.1985.143 Safari/537.36"
4.30.121.138 - - [26/Aug/2014:07:13:03 -0600] "GET /images/vo-logo.gif HTTP/1.1" 200 1553 "-" "Mozilla/5.0 (Windows NT 6.1; WOW64) AppleWebKit/537.36 (KHTML, like Gecko) Chrome/36.0.1985.143 Safari/537.36"
4.30.121.138 - - [26/Aug/2014:07:13:03 -0600] "GET /images/loader.gif HTTP/1.1" 200 3208 "-" "Mozilla/5.0 (Windows NT 6.1; WOW64) AppleWebKit/537.36 (KHTML, like Gecko) Chrome/36.0.1985.143 Safari/537.36"
4.30.121.138 - - [26/Aug/2014:07:13:03 -0600] "GET /images/transparent.gif HTTP/1.1" 200 49 "-" "Mozilla/5.0 (Windows NT 6.1; WOW64) AppleWebKit/537.36 (KHTML, like Gecko) Chrome/36.0.1985.143 Safari/537.36"
4.30.121.138 - - [26/Aug/2014:07:13:03 -0600] "GET /images/red-bullet.png HTTP/1.1" 200 231 "-" "Mozilla/5.0 (Windows NT 6.1; WOW64) AppleWebKit/537.36 (KHTML, like Gecko) Chrome/36.0.1985.143 Safari/537.36"
4.30.121.138 - - [26/Aug/2014:07:13:03 -0600] "GET /images/favicon.ico HTTP/1.1" 200 1022 "-" "Mozilla/5.0 (Windows NT 6.1; WOW64) AppleWebKit/537.36 (KHTML, like Gecko) Chrome/36.0.1985.143 Safari/537.36"
4.30.121.138 - - [26/Aug/2014:07:13:04 -0600] "GET /images/ratings/blue-1-00.png HTTP/1.1" 200 1037 "-" "Mozilla/5.0 (Windows NT 6.1; WOW64) AppleWebKit/537.36 (KHTML, like Gecko) Chrome/36.0.1985.143 Safari/537.36"
4.30.121.138 - - [26/Aug/2014:07:13:04 -0600] "GET /images/ratings/blue-2-00.png HTTP/1.1" 200 1375 "-" "Mozilla/5.0 (Windows NT 6.1; WOW64) AppleWebKit/537.36 (KHTML, like Gecko) Chrome/36.0.1985.143 Safari/537.36"
4.30.121.138 - - [26/Aug/2014:07:13:04 -0600] "GET /images/ratings/blue-3-00.png HTTP/1.1" 200 1416 "-" "Mozilla/5.0 (Windows NT 6.1; WOW64) AppleWebKit/537.36 (KHTML, like Gecko) Chrome/36.0.1985.143 Safari/537.36"
4.30.121.138 - - [26/Aug/2014:07:13:04 -0600] "GET /images/ratings/blue-4-00.png HTTP/1.1" 200 1375 "-" "Mozilla/5.0 (Windows NT 6.1; WOW64) AppleWebKit/537.36 (KHTML, like Gecko) Chrome/36.0.1985.143 Safari/537.36"
4.30.121.138 - - [26/Aug/2014:07:13:04 -0600] "GET /images/ratings/blue-5-00.png HTTP/1.1" 200 1198 "-" "Mozilla/5.0 (Windows NT 6.1; WOW64) AppleWebKit/537.36 (KHTML, like Gecko) Chrome/36.0.1985.143 Safari/537.36"
220.181.108.171 - - [26/Aug/2014:07:13:07 -0600] "GET /entry-images/10443/10443-4511-small.jpg HTTP/1.1" 200 72962 "-" "Baiduspider-image+(+http://www.baidu.com/search/spider.htm)\x5CnReferer: http://image.baidu.com/i?ct=503316480&z=0&tn=baiduimagedetail"
183.60.212.148 - - [26/Aug/2014:07:13:08 -0600] "GET /entry/3146/review_form HTTP/1.1" 302 338 "-" "Mozilla/5.0 (compatible; EasouSpider; +http://www.easou.com/search/spider.html)"
66.249.69.193 - - [26/Aug/2014:07:13:16 -0600] "GET /region/13/recent.rss HTTP/1.1" 200 20115 "-" "Mozilla/5.0 (compatible; Googlebot/2.1; +http://www.google.com/bot.html)"
193.1.64.8 - - [26/Aug/2014:07:13:21 -0600] "GET /entry/10874 HTTP/1.1" 200 4669 "-" "Mozilla/5.0 (Macintosh; Intel Mac OS X 10_9_4) AppleWebKit/537.78.2 (KHTML, like Gecko) Version/7.0.6 Safari/537.78.2"
144.76.95.231 - - [26/Aug/2014:07:13:21 -0600] "GET /region/56/map HTTP/1.0" 200 54394 "-" "Mozilla/5.0 (compatible; MJ12bot/v1.4.5; http://www.majestic12.co.uk/bot.php?+)"
193.1.64.8 - - [26/Aug/2014:07:13:22 -0600] "GET /images/red-bullet.png HTTP/1.1" 200 231 "-" "Mozilla/5.0 (Macintosh; Intel Mac OS X 10_9_4) AppleWebKit/537.78.2 (KHTML, like Gecko) Version/7.0.6 Safari/537.78.2"
193.1.64.8 - - [26/Aug/2014:07:13:22 -0600] "GET /images/upload-an-image.png HTTP/1.1" 200 7026 "-" "Mozilla/5.0 (Macintosh; Intel Mac OS X 10_9_4) AppleWebKit/537.78.2 (KHTML, like Gecko) Version/7.0.6 Safari/537.78.2"
193.1.64.8 - - [26/Aug/2014:07:13:22 -0600] "GET /images/ratings/blue-1-00.png HTTP/1.1" 200 1037 "-" "Mozilla/5.0 (Macintosh; Intel Mac OS X 10_9_4) AppleWebKit/537.78.2 (KHTML, like Gecko) Version/7.0.6 Safari/537.78.2"
193.1.64.8 - - [26/Aug/2014:07:13:22 -0600] "GET /images/ratings/blue-4-00.png HTTP/1.1" 200 1375 "-" "Mozilla/5.0 (Macintosh; Intel Mac OS X 10_9_4) AppleWebKit/537.78.2 (KHTML, like Gecko) Version/7.0.6 Safari/537.78.2"
193.1.64.8 - - [26/Aug/2014:07:13:22 -0600] "GET /images/ratings/blue-5-00.png HTTP/1.1" 200 1198 "-" "Mozilla/5.0 (Macintosh; Intel Mac OS X 10_9_4) AppleWebKit/537.78.2 (KHTML, like Gecko) Version/7.0.6 Safari/537.78.2"
193.1.64.8 - - [26/Aug/2014:07:13:22 -0600] "GET /images/ratings/blue-3-00.png HTTP/1.1" 200 1416 "-" "Mozilla/5.0 (Macintosh; Intel Mac OS X 10_9_4) AppleWebKit/537.78.2 (KHTML, like Gecko) Version/7.0.6 Safari/537.78.2"
193.1.64.8 - - [26/Aug/2014:07:13:22 -0600] "GET /images/ratings/blue-2-00.png HTTP/1.1" 200 1375 "-" "Mozilla/5.0 (Macintosh; Intel Mac OS X 10_9_4) AppleWebKit/537.78.2 (KHTML, like Gecko) Version/7.0.6 Safari/537.78.2"
157.55.39.70 - - [26/Aug/2014:07:13:24 -0600] "GET /entry/2562 HTTP/1.1" 200 4816 "-" "Mozilla/5.0 (compatible; bingbot/2.0; +http://www.bing.com/bingbot.htm)"
66.249.69.193 - - [26/Aug/2014:07:13:29 -0600] "GET /region/359 HTTP/1.1" 200 5273 "-" "Mozilla/5.0 (compatible; Googlebot/2.1; +http://www.google.com/bot.html)"
66.249.69.161 - - [26/Aug/2014:07:13:39 -0600] "GET /entry/near/38.5397,-85.4236/filter?unit=mile;distance=25;sort_order=ASC;page=;order_by=distance;address=47104;limit= HTTP/1.1" 200 8589 "-" "Mozilla/5.0 (compatible; Googlebot/2.1; +http://www.google.com/bot.html)"
144.76.95.231 - - [26/Aug/2014:07:13:44 -0600] "GET /region/56/recent.atom HTTP/1.0" 200 18540 "-" "Mozilla/5.0 (compatible; MJ12bot/v1.4.5; http://www.majestic12.co.uk/bot.php?+)"
68.180.225.35 - - [26/Aug/2014:07:13:45 -0600] "GET /entry/4421/map HTTP/1.1" 200 3562 "-" "Mozilla/5.0 (compatible; Yahoo! Slurp; http://help.yahoo.com/help/us/ysearch/slurp)"
65.55.215.239 - - [26/Aug/2014:07:13:47 -0600] "GET /entry/3077 HTTP/1.1" 200 5938 "-" "Mozilla/5.0 (compatible; MSIE 9.0; Windows NT 6.0; Trident/5.0;  Trident/5.0)"
65.55.215.239 - - [26/Aug/2014:07:13:49 -0600] "GET /7b0744/css/vegguide-combined.css HTTP/1.1" 200 20810 "-" "Mozilla/5.0 (compatible; MSIE 9.0; Windows NT 6.0; Trident/5.0;  Trident/5.0)"
65.55.215.239 - - [26/Aug/2014:07:13:49 -0600] "GET /7b0744/js/vegguide-combined.js HTTP/1.1" 200 94167 "-" "Mozilla/5.0 (compatible; MSIE 9.0; Windows NT 6.0; Trident/5.0;  Trident/5.0)"
183.60.212.148 - - [26/Aug/2014:07:13:52 -0600] "GET /region/735/comment_form HTTP/1.1" 302 338 "-" "Mozilla/5.0 (compatible; EasouSpider; +http://www.easou.com/search/spider.html)"
157.55.39.71 - - [26/Aug/2014:07:13:54 -0600] "GET /entry/3746 HTTP/1.1" 200 5867 "-" "Mozilla/5.0 (compatible; bingbot/2.0; +http://www.bing.com/bingbot.htm)"
144.76.95.231 - - [26/Aug/2014:07:14:07 -0600] "GET /region/56/recent.rss HTTP/1.0" 200 18258 "-" "Mozilla/5.0 (compatible; MJ12bot/v1.4.5; http://www.majestic12.co.uk/bot.php?+)"
37.58.100.142 - - [26/Aug/2014:07:14:11 -0600] "GET /entry/near/41.1751%2C-112.082/filter?unit=mile;distance=25;sort_order=ASC;page=;order_by=distance;address=84315;limit= HTTP/1.1" 200 7856 "-" "Mozilla/5.0 (compatible; AhrefsBot/5.0; +http://ahrefs.com/robot/)"
37.58.100.142 - - [26/Aug/2014:07:14:15 -0600] "GET /entry/near/18.0234%2C-66.791/filter?unit=mile;distance=5;sort_order=ASC;page=1;order_by=distance;address=00656;limit=20 HTTP/1.1" 200 6211 "-" "Mozilla/5.0 (compatible; AhrefsBot/5.0; +http://ahrefs.com/robot/)"
157.55.39.237 - - [26/Aug/2014:07:14:24 -0600] "GET /entry/14751/reviews HTTP/1.1" 200 4667 "-" "Mozilla/5.0 (compatible; bingbot/2.0; +http://www.bing.com/bingbot.htm)"
68.180.225.35 - - [26/Aug/2014:07:14:30 -0600] "GET /entry/14669/reviews HTTP/1.1" 200 3307 "-" "Mozilla/5.0 (compatible; Yahoo! Slurp; http://help.yahoo.com/help/us/ysearch/slurp)"
23.239.8.38 - - [26/Aug/2014:07:14:31 -0600] "GET / HTTP/1.1" 301 178 "-" "check_http/v1.4.15 (nagios-plugins 1.4.15)"
144.76.95.231 - - [26/Aug/2014:07:14:31 -0600] "GET /region/56/stats HTTP/1.0" 200 12876 "-" "Mozilla/5.0 (compatible; MJ12bot/v1.4.5; http://www.majestic12.co.uk/bot.php?+)"
23.239.8.38 - - [26/Aug/2014:07:14:31 -0600] "GET / HTTP/1.1" 200 10098 "-" "check_http/v1.4.15 (nagios-plugins 1.4.15)"
66.249.69.193 - - [26/Aug/2014:07:14:35 -0600] "GET /entry/near/36.2569,-91.5419/filter?unit=mile;distance=25;sort_order=ASC;page=;order_by=distance;address=72542;limit= HTTP/1.1" 200 6215 "-" "Mozilla/5.0 (compatible; Googlebot/2.1; +http://www.google.com/bot.html)"
65.19.138.34 - - [26/Aug/2014:07:14:41 -0600] "GET /site/recent.atom HTTP/1.1" 200 20526 "-" "Feedly/1.0 (+http://www.feedly.com/fetcher.html; like FeedFetcher-Google)"
62.238.120.39 - - [26/Aug/2014:07:14:41 -0600] "GET /entry/near/39.0095%2C-77.7468/filter?unit=mile;distance=25;sort_order=ASC;page=;order_by=distance;address=20117;limit= HTTP/1.1" 200 8105 "-" "Mozilla/5.0 (Linux; Android 4.4.2; de-de; SAMSUNG GT-I9195 Build/KOT49H) AppleWebKit/537.36 (KHTML, like Gecko) Version/1.5 Chrome/28.0.1500.94 Mobile Safari/537.36"
62.238.120.39 - - [26/Aug/2014:07:14:42 -0600] "GET /7b0744/css/vegguide-combined.css HTTP/1.1" 200 20810 "-" "Mozilla/5.0 (Linux; Android 4.4.2; de-de; SAMSUNG GT-I9195 Build/KOT49H) AppleWebKit/537.36 (KHTML, like Gecko) Version/1.5 Chrome/28.0.1500.94 Mobile Safari/537.36"
62.238.120.39 - - [26/Aug/2014:07:14:43 -0600] "GET /7b0744/js/vegguide-combined.js HTTP/1.1" 200 94167 "-" "Mozilla/5.0 (Linux; Android 4.4.2; de-de; SAMSUNG GT-I9195 Build/KOT49H) AppleWebKit/537.36 (KHTML, like Gecko) Version/1.5 Chrome/28.0.1500.94 Mobile Safari/537.36"
62.238.120.39 - - [26/Aug/2014:07:14:44 -0600] "GET /images/vegguide-logo.png HTTP/1.1" 200 20540 "-" "Mozilla/5.0 (Linux; Android 4.4.2; de-de; SAMSUNG GT-I9195 Build/KOT49H) AppleWebKit/537.36 (KHTML, like Gecko) Version/1.5 Chrome/28.0.1500.94 Mobile Safari/537.36"
62.238.120.39 - - [26/Aug/2014:07:14:44 -0600] "GET /images/close-button.png HTTP/1.1" 200 693 "-" "Mozilla/5.0 (Linux; Android 4.4.2; de-de; SAMSUNG GT-I9195 Build/KOT49H) AppleWebKit/537.36 (KHTML, like Gecko) Version/1.5 Chrome/28.0.1500.94 Mobile Safari/537.36"
62.238.120.39 - - [26/Aug/2014:07:14:44 -0600] "GET /7b0744/images/sort-none.gif HTTP/1.1" 200 79 "-" "Mozilla/5.0 (Linux; Android 4.4.2; de-de; SAMSUNG GT-I9195 Build/KOT49H) AppleWebKit/537.36 (KHTML, like Gecko) Version/1.5 Chrome/28.0.1500.94 Mobile Safari/537.36"
62.238.120.39 - - [26/Aug/2014:07:14:44 -0600] "GET /7b0744/images/sort-up.gif HTTP/1.1" 200 84 "-" "Mozilla/5.0 (Linux; Android 4.4.2; de-de; SAMSUNG GT-I9195 Build/KOT49H) AppleWebKit/537.36 (KHTML, like Gecko) Version/1.5 Chrome/28.0.1500.94 Mobile Safari/537.36"
62.238.120.39 - - [26/Aug/2014:07:14:44 -0600] "GET /7b0744/images/ratings/green-0-00.png HTTP/1.1" 200 791 "-" "Mozilla/5.0 (Linux; Android 4.4.2; de-de; SAMSUNG GT-I9195 Build/KOT49H) AppleWebKit/537.36 (KHTML, like Gecko) Version/1.5 Chrome/28.0.1500.94 Mobile Safari/537.36"
62.238.120.39 - - [26/Aug/2014:07:14:44 -0600] "GET /7b0744/images/ratings/green-4-25.png HTTP/1.1" 200 896 "-" "Mozilla/5.0 (Linux; Android 4.4.2; de-de; SAMSUNG GT-I9195 Build/KOT49H) AppleWebKit/537.36 (KHTML, like Gecko) Version/1.5 Chrome/28.0.1500.94 Mobile Safari/537.36"
62.238.120.39 - - [26/Aug/2014:07:14:44 -0600] "GET /7b0744/images/ratings/green-3-50.png HTTP/1.1" 200 1283 "-" "Mozilla/5.0 (Linux; Android 4.4.2; de-de; SAMSUNG GT-I9195 Build/KOT49H) AppleWebKit/537.36 (KHTML, like Gecko) Version/1.5 Chrome/28.0.1500.94 Mobile Safari/537.36"
62.238.120.39 - - [26/Aug/2014:07:14:44 -0600] "GET /images/loader.gif HTTP/1.1" 200 3208 "-" "Mozilla/5.0 (Linux; Android 4.4.2; de-de; SAMSUNG GT-I9195 Build/KOT49H) AppleWebKit/537.36 (KHTML, like Gecko) Version/1.5 Chrome/28.0.1500.94 Mobile Safari/537.36"
62.238.120.39 - - [26/Aug/2014:07:14:44 -0600] "GET /7b0744/images/ratings/green-4-00.png HTTP/1.1" 200 1221 "-" "Mozilla/5.0 (Linux; Android 4.4.2; de-de; SAMSUNG GT-I9195 Build/KOT49H) AppleWebKit/537.36 (KHTML, like Gecko) Version/1.5 Chrome/28.0.1500.94 Mobile Safari/537.36"
62.238.120.39 - - [26/Aug/2014:07:14:44 -0600] "GET /images/caa-logo.png HTTP/1.1" 200 10681 "-" "Mozilla/5.0 (Linux; Android 4.4.2; de-de; SAMSUNG GT-I9195 Build/KOT49H) AppleWebKit/537.36 (KHTML, like Gecko) Version/1.5 Chrome/28.0.1500.94 Mobile Safari/537.36"
62.238.120.39 - - [26/Aug/2014:07:14:44 -0600] "GET /images/transparent.gif HTTP/1.1" 200 49 "-" "Mozilla/5.0 (Linux; Android 4.4.2; de-de; SAMSUNG GT-I9195 Build/KOT49H) AppleWebKit/537.36 (KHTML, like Gecko) Version/1.5 Chrome/28.0.1500.94 Mobile Safari/537.36"
62.238.120.39 - - [26/Aug/2014:07:14:45 -0600] "GET /images/thl-logo.png HTTP/1.1" 200 2925 "-" "Mozilla/5.0 (Linux; Android 4.4.2; de-de; SAMSUNG GT-I9195 Build/KOT49H) AppleWebKit/537.36 (KHTML, like Gecko) Version/1.5 Chrome/28.0.1500.94 Mobile Safari/537.36"
62.238.120.39 - - [26/Aug/2014:07:14:45 -0600] "GET /images/cok-logo.png HTTP/1.1" 200 8577 "-" "Mozilla/5.0 (Linux; Android 4.4.2; de-de; SAMSUNG GT-I9195 Build/KOT49H) AppleWebKit/537.36 (KHTML, like Gecko) Version/1.5 Chrome/28.0.1500.94 Mobile Safari/537.36"
62.238.120.39 - - [26/Aug/2014:07:14:45 -0600] "GET /images/peta-logo.jpg HTTP/1.1" 200 14774 "-" "Mozilla/5.0 (Linux; Android 4.4.2; de-de; SAMSUNG GT-I9195 Build/KOT49H) AppleWebKit/537.36 (KHTML, like Gecko) Version/1.5 Chrome/28.0.1500.94 Mobile Safari/537.36"
62.238.120.39 - - [26/Aug/2014:07:14:45 -0600] "GET /images/fs-logo.png HTTP/1.1" 200 10293 "-" "Mozilla/5.0 (Linux; Android 4.4.2; de-de; SAMSUNG GT-I9195 Build/KOT49H) AppleWebKit/537.36 (KHTML, like Gecko) Version/1.5 Chrome/28.0.1500.94 Mobile Safari/537.36"
62.238.120.39 - - [26/Aug/2014:07:14:45 -0600] "GET /images/vo-logo.gif HTTP/1.1" 200 1553 "-" "Mozilla/5.0 (Linux; Android 4.4.2; de-de; SAMSUNG GT-I9195 Build/KOT49H) AppleWebKit/537.36 (KHTML, like Gecko) Version/1.5 Chrome/28.0.1500.94 Mobile Safari/537.36"
66.249.69.161 - - [26/Aug/2014:07:14:46 -0600] "GET /entry/near/40.7501,-73.997/printable?unit=km;distance=50;address=10001 HTTP/1.1" 200 60981 "-" "Mozilla/5.0 (compatible; Googlebot/2.1; +http://www.google.com/bot.html)"
62.238.120.39 - - [26/Aug/2014:07:14:47 -0600] "GET /images/favicon.ico HTTP/1.1" 200 1022 "-" "Mozilla/5.0 (Linux; Android 4.4.2; de-de; SAMSUNG GT-I9195 Build/KOT49H) AppleWebKit/537.36 (KHTML, like Gecko) Version/1.5 Chrome/28.0.1500.94 Mobile Safari/537.36"
144.76.95.231 - - [26/Aug/2014:07:14:52 -0600] "GET /region/647/recent.atom HTTP/1.0" 200 23931 "-" "Mozilla/5.0 (compatible; MJ12bot/v1.4.5; http://www.majestic12.co.uk/bot.php?+)"
207.46.13.94 - - [26/Aug/2014:07:14:55 -0600] "GET /region/2192.rss HTTP/1.1" 200 93765 "-" "Mozilla/5.0 (compatible; bingbot/2.0; +http://www.bing.com/bingbot.htm)"
65.19.138.33 - - [26/Aug/2014:07:15:12 -0600] "GET /region/9/recent.rss HTTP/1.1" 200 14880 "-" "Feedly/1.0 (+http://www.feedly.com/fetcher.html; like FeedFetcher-Google)"
37.58.100.142 - - [26/Aug/2014:07:15:12 -0600] "GET /entry/8643/images_form HTTP/1.1" 302 338 "-" "Mozilla/5.0 (compatible; AhrefsBot/5.0; +http://ahrefs.com/robot/)"
104.35.28.54 - - [26/Aug/2014:07:15:13 -0600] "GET /site/recent.atom HTTP/1.1" 200 20526 "-" "Apple-PubSub/65.28"
144.76.95.231 - - [26/Aug/2014:07:15:15 -0600] "GET /region/710 HTTP/1.0" 200 11609 "-" "Mozilla/5.0 (compatible; MJ12bot/v1.4.5; http://www.majestic12.co.uk/bot.php?+)"
68.180.225.35 - - [26/Aug/2014:07:15:15 -0600] "GET /entry/18012/closed_form HTTP/1.1" 302 338 "-" "Mozilla/5.0 (compatible; Yahoo! Slurp; http://help.yahoo.com/help/us/ysearch/slurp)"
144.76.95.231 - - [26/Aug/2014:07:15:16 -0600] "GET /robots.txt HTTP/1.0" 200 151 "-" "Mozilla/5.0 (compatible; MJ12bot/v1.4.5; http://www.majestic12.co.uk/bot.php?+)"
37.58.100.142 - - [26/Aug/2014:07:15:24 -0600] "GET /region/1239 HTTP/1.1" 200 4732 "-" "Mozilla/5.0 (compatible; AhrefsBot/5.0; +http://ahrefs.com/robot/)"
207.46.13.94 - - [26/Aug/2014:07:15:24 -0600] "GET /region/199/map/veg_level=2;category_id=1 HTTP/1.1" 200 9499 "-" "Mozilla/5.0 (compatible; bingbot/2.0; +http://www.bing.com/bingbot.htm)"
65.55.213.34 - - [26/Aug/2014:07:15:26 -0600] "GET /region/105 HTTP/1.1" 200 5159 "-" "Mozilla/5.0 (compatible; MSIE 9.0; Windows NT 6.1; Trident/5.0;  Trident/5.0)"
65.55.213.34 - - [26/Aug/2014:07:15:27 -0600] "GET /7b0744/css/vegguide-combined.css HTTP/1.1" 200 20810 "-" "Mozilla/5.0 (compatible; MSIE 9.0; Windows NT 6.1; Trident/5.0;  Trident/5.0)"
65.55.213.34 - - [26/Aug/2014:07:15:28 -0600] "GET /7b0744/js/vegguide-combined.js HTTP/1.1" 200 94167 "-" "Mozilla/5.0 (compatible; MSIE 9.0; Windows NT 6.1; Trident/5.0;  Trident/5.0)"
66.249.69.161 - - [26/Aug/2014:07:15:35 -0600] "GET /entry/near/40.3545,-82.7092/filter?unit=mile;distance=25;sort_order=ASC;page=;order_by=distance;address=43350;limit= HTTP/1.1" 200 9428 "-" "Mozilla/5.0 (compatible; Googlebot/2.1; +http://www.google.com/bot.html)"
144.76.95.231 - - [26/Aug/2014:07:15:38 -0600] "GET /region/723/map HTTP/1.0" 200 19340 "-" "Mozilla/5.0 (compatible; MJ12bot/v1.4.5; http://www.majestic12.co.uk/bot.php?+)"
37.58.100.142 - - [26/Aug/2014:07:15:42 -0600] "GET /entry/14167 HTTP/1.1" 200 4749 "-" "Mozilla/5.0 (compatible; AhrefsBot/5.0; +http://ahrefs.com/robot/)"
66.249.69.193 - - [26/Aug/2014:07:15:47 -0600] "GET /entry/near/38.471,-121.484/printable?unit=mile;distance=25;address=95832 HTTP/1.1" 200 7628 "-" "Mozilla/5.0 (compatible; Googlebot/2.1; +http://www.google.com/bot.html)"
213.205.230.33 - - [26/Aug/2014:07:15:47 -0600] "GET /entry/10008 HTTP/1.1" 200 4575 "-" "Mozilla/5.0 (iPhone; CPU iPhone OS 7_1 like Mac OS X) AppleWebKit/537.51.2 (KHTML, like Gecko) Version/7.0 Mobile/11D167 Safari/9537.53"
213.205.230.33 - - [26/Aug/2014:07:15:48 -0600] "GET /7b0744/css/vegguide-combined.css HTTP/1.1" 200 20810 "-" "Mozilla/5.0 (iPhone; CPU iPhone OS 7_1 like Mac OS X) AppleWebKit/537.51.2 (KHTML, like Gecko) Version/7.0 Mobile/11D167 Safari/9537.53"
213.205.230.33 - - [26/Aug/2014:07:15:48 -0600] "GET /7b0744/js/vegguide-combined.js HTTP/1.1" 200 94167 "-" "Mozilla/5.0 (iPhone; CPU iPhone OS 7_1 like Mac OS X) AppleWebKit/537.51.2 (KHTML, like Gecko) Version/7.0 Mobile/11D167 Safari/9537.53"
213.205.230.33 - - [26/Aug/2014:07:15:49 -0600] "GET /images/vegguide-logo.png HTTP/1.1" 200 20540 "-" "Mozilla/5.0 (iPhone; CPU iPhone OS 7_1 like Mac OS X) AppleWebKit/537.51.2 (KHTML, like Gecko) Version/7.0 Mobile/11D167 Safari/9537.53"
213.205.230.33 - - [26/Aug/2014:07:15:49 -0600] "GET /images/upload-an-image.png HTTP/1.1" 200 7026 "-" "Mozilla/5.0 (iPhone; CPU iPhone OS 7_1 like Mac OS X) AppleWebKit/537.51.2 (KHTML, like Gecko) Version/7.0 Mobile/11D167 Safari/9537.53"
213.205.230.33 - - [26/Aug/2014:07:15:49 -0600] "GET /images/close-button.png HTTP/1.1" 200 693 "-" "Mozilla/5.0 (iPhone; CPU iPhone OS 7_1 like Mac OS X) AppleWebKit/537.51.2 (KHTML, like Gecko) Version/7.0 Mobile/11D167 Safari/9537.53"
213.205.230.33 - - [26/Aug/2014:07:15:49 -0600] "GET /7b0744/images/ratings/green-0-00.png HTTP/1.1" 200 791 "-" "Mozilla/5.0 (iPhone; CPU iPhone OS 7_1 like Mac OS X) AppleWebKit/537.51.2 (KHTML, like Gecko) Version/7.0 Mobile/11D167 Safari/9537.53"
213.205.230.33 - - [26/Aug/2014:07:15:49 -0600] "GET /images/caa-logo.png HTTP/1.1" 200 10681 "-" "Mozilla/5.0 (iPhone; CPU iPhone OS 7_1 like Mac OS X) AppleWebKit/537.51.2 (KHTML, like Gecko) Version/7.0 Mobile/11D167 Safari/9537.53"
213.205.230.33 - - [26/Aug/2014:07:15:49 -0600] "GET /images/fs-logo.png HTTP/1.1" 200 10293 "-" "Mozilla/5.0 (iPhone; CPU iPhone OS 7_1 like Mac OS X) AppleWebKit/537.51.2 (KHTML, like Gecko) Version/7.0 Mobile/11D167 Safari/9537.53"
213.205.230.33 - - [26/Aug/2014:07:15:49 -0600] "GET /images/thl-logo.png HTTP/1.1" 200 2925 "-" "Mozilla/5.0 (iPhone; CPU iPhone OS 7_1 like Mac OS X) AppleWebKit/537.51.2 (KHTML, like Gecko) Version/7.0 Mobile/11D167 Safari/9537.53"
213.205.230.33 - - [26/Aug/2014:07:15:49 -0600] "GET /images/peta-logo.jpg HTTP/1.1" 200 14774 "-" "Mozilla/5.0 (iPhone; CPU iPhone OS 7_1 like Mac OS X) AppleWebKit/537.51.2 (KHTML, like Gecko) Version/7.0 Mobile/11D167 Safari/9537.53"
213.205.230.33 - - [26/Aug/2014:07:15:49 -0600] "GET /images/cok-logo.png HTTP/1.1" 200 8577 "-" "Mozilla/5.0 (iPhone; CPU iPhone OS 7_1 like Mac OS X) AppleWebKit/537.51.2 (KHTML, like Gecko) Version/7.0 Mobile/11D167 Safari/9537.53"
213.205.230.33 - - [26/Aug/2014:07:15:49 -0600] "GET /images/loader.gif HTTP/1.1" 200 3208 "-" "Mozilla/5.0 (iPhone; CPU iPhone OS 7_1 like Mac OS X) AppleWebKit/537.51.2 (KHTML, like Gecko) Version/7.0 Mobile/11D167 Safari/9537.53"
213.205.230.33 - - [26/Aug/2014:07:15:49 -0600] "GET /images/vo-logo.gif HTTP/1.1" 200 1553 "-" "Mozilla/5.0 (iPhone; CPU iPhone OS 7_1 like Mac OS X) AppleWebKit/537.51.2 (KHTML, like Gecko) Version/7.0 Mobile/11D167 Safari/9537.53"
213.205.230.33 - - [26/Aug/2014:07:15:49 -0600] "GET /images/ratings/blue-1-00.png HTTP/1.1" 200 1037 "-" "Mozilla/5.0 (iPhone; CPU iPhone OS 7_1 like Mac OS X) AppleWebKit/537.51.2 (KHTML, like Gecko) Version/7.0 Mobile/11D167 Safari/9537.53"
213.205.230.33 - - [26/Aug/2014:07:15:49 -0600] "GET /images/red-bullet.png HTTP/1.1" 200 231 "-" "Mozilla/5.0 (iPhone; CPU iPhone OS 7_1 like Mac OS X) AppleWebKit/537.51.2 (KHTML, like Gecko) Version/7.0 Mobile/11D167 Safari/9537.53"
213.205.230.33 - - [26/Aug/2014:07:15:49 -0600] "GET /images/transparent.gif HTTP/1.1" 200 49 "-" "Mozilla/5.0 (iPhone; CPU iPhone OS 7_1 like Mac OS X) AppleWebKit/537.51.2 (KHTML, like Gecko) Version/7.0 Mobile/11D167 Safari/9537.53"
213.205.230.33 - - [26/Aug/2014:07:15:49 -0600] "GET /images/ratings/blue-2-00.png HTTP/1.1" 200 1375 "-" "Mozilla/5.0 (iPhone; CPU iPhone OS 7_1 like Mac OS X) AppleWebKit/537.51.2 (KHTML, like Gecko) Version/7.0 Mobile/11D167 Safari/9537.53"
213.205.230.33 - - [26/Aug/2014:07:15:50 -0600] "GET /images/ratings/blue-3-00.png HTTP/1.1" 200 1416 "-" "Mozilla/5.0 (iPhone; CPU iPhone OS 7_1 like Mac OS X) AppleWebKit/537.51.2 (KHTML, like Gecko) Version/7.0 Mobile/11D167 Safari/9537.53"
213.205.230.33 - - [26/Aug/2014:07:15:50 -0600] "GET /images/ratings/blue-5-00.png HTTP/1.1" 200 1198 "-" "Mozilla/5.0 (iPhone; CPU iPhone OS 7_1 like Mac OS X) AppleWebKit/537.51.2 (KHTML, like Gecko) Version/7.0 Mobile/11D167 Safari/9537.53"
213.205.230.33 - - [26/Aug/2014:07:15:50 -0600] "GET /images/ratings/blue-4-00.png HTTP/1.1" 200 1375 "-" "Mozilla/5.0 (iPhone; CPU iPhone OS 7_1 like Mac OS X) AppleWebKit/537.51.2 (KHTML, like Gecko) Version/7.0 Mobile/11D167 Safari/9537.53"
207.46.13.94 - - [26/Aug/2014:07:15:54 -0600] "GET /entry/20250/edit_form HTTP/1.1" 302 338 "-" "Mozilla/5.0 (compatible; bingbot/2.0; +http://www.bing.com/bingbot.htm)"
68.180.225.35 - - [26/Aug/2014:07:16:00 -0600] "GET /entry/19028 HTTP/1.1" 200 4339 "-" "Mozilla/5.0 (compatible; Yahoo! Slurp; http://help.yahoo.com/help/us/ysearch/slurp)"
144.76.95.231 - - [26/Aug/2014:07:16:00 -0600] "GET /region/723/printable HTTP/1.0" 200 4931 "-" "Mozilla/5.0 (compatible; MJ12bot/v1.4.5; http://www.majestic12.co.uk/bot.php?+)"
66.249.83.52 - - [26/Aug/2014:07:16:08 -0600] "GET /site/recent.rss HTTP/1.1" 200 20227 "-" "Feedfetcher-Google; (+http://www.google.com/feedfetcher.html; feed-id=9953011714734062373)"
37.58.100.142 - - [26/Aug/2014:07:16:13 -0600] "GET /entry/near/42.0145%2C-73.8988/printable/veg_level=2?unit=mile;distance=10;address=12504 HTTP/1.1" 200 1124 "-" "Mozilla/5.0 (compatible; AhrefsBot/5.0; +http://ahrefs.com/robot/)"
