127.0.0.1 - - [11/May/2010:18:59:47 +0000] "OPTIONS * HTTP/1.0" 200 - "-" "Apache/2.2.9 (Ubuntu) mod_jk/1.2.26 (internal dummy connection)"
127.0.0.1 - - [11/May/2010:18:59:47 +0000] "OPTIONS * HTTP/1.0" 200 - "-" "Apache/2.2.9 (Ubuntu) mod_jk/1.2.26 (internal dummy connection)"
127.0.0.1 - - [11/May/2010:18:59:47 +0000] "OPTIONS * HTTP/1.0" 200 - "-" "Apache/2.2.9 (Ubuntu) mod_jk/1.2.26 (internal dummy connection)"
127.0.0.1 - - [11/May/2010:18:59:47 +0000] "OPTIONS * HTTP/1.0" 200 - "-" "Apache/2.2.9 (Ubuntu) mod_jk/1.2.26 (internal dummy connection)"
127.0.0.1 - - [11/May/2010:18:59:47 +0000] "OPTIONS * HTTP/1.0" 200 - "-" "Apache/2.2.9 (Ubuntu) mod_jk/1.2.26 (internal dummy connection)"
173.73.6.67 - - [11/May/2010:19:03:13 +0000] "GET / HTTP/1.1" 200 2762 "-" "Mozilla/5.0 (X11; U; Linux i686; en-US; rv:1.9.0.18) Gecko/2010021501 Ubuntu/9.04 (jaunty) Firefox/3.0.18"
173.73.6.67 - - [11/May/2010:19:03:13 +0000] "GET /tomcat.gif HTTP/1.1" 200 1934 "http://ec2-174-129-151-69.compute-1.amazonaws.com/" "Mozilla/5.0 (X11; U; Linux i686; en-US; rv:1.9.0.18) Gecko/2010021501 Ubuntu/9.04 (jaunty) Firefox/3.0.18"
173.73.6.67 - - [11/May/2010:19:03:13 +0000] "GET /asf-logo-wide.gif HTTP/1.1" 200 5866 "http://ec2-174-129-151-69.compute-1.amazonaws.com/" "Mozilla/5.0 (X11; U; Linux i686; en-US; rv:1.9.0.18) Gecko/2010021501 Ubuntu/9.04 (jaunty) Firefox/3.0.18"
173.73.6.67 - - [11/May/2010:19:03:13 +0000] "GET /tomcat-power.gif HTTP/1.1" 200 2324 "http://ec2-174-129-151-69.compute-1.amazonaws.com/" "Mozilla/5.0 (X11; U; Linux i686; en-US; rv:1.9.0.18) Gecko/2010021501 Ubuntu/9.04 (jaunty) Firefox/3.0.18"
173.73.6.67 - - [11/May/2010:19:03:13 +0000] "GET /favicon.ico HTTP/1.1" 200 21630 "-" "Mozilla/5.0 (X11; U; Linux i686; en-US; rv:1.9.0.18) Gecko/2010021501 Ubuntu/9.04 (jaunty) Firefox/3.0.18"
173.73.6.67 - - [11/May/2010:19:07:58 +0000] "GET /duradmin HTTP/1.1" 302 - "-" "Mozilla/5.0 (X11; U; Linux i686; en-US; rv:1.9.0.18) Gecko/2010021501 Ubuntu/9.04 (jaunty) Firefox/3.0.18"
173.73.6.67 - - [11/May/2010:19:07:58 +0000] "GET /duradmin/ HTTP/1.1" 302 - "-" "Mozilla/5.0 (X11; U; Linux i686; en-US; rv:1.9.0.18) Gecko/2010021501 Ubuntu/9.04 (jaunty) Firefox/3.0.18"
173.73.6.67 - - [11/May/2010:19:07:58 +0000] "GET /duradmin/login;jsessionid=89766E4939CB5B781F9D9FB5354C0A3A HTTP/1.1" 200 2071 "-" "Mozilla/5.0 (X11; U; Linux i686; en-US; rv:1.9.0.18) Gecko/2010021501 Ubuntu/9.04 (jaunty) Firefox/3.0.18"
173.73.6.67 - - [11/May/2010:19:08:00 +0000] "GET /duradmin/dojo/dojo.js HTTP/1.1" 200 89269 "http://ec2-174-129-151-69.compute-1.amazonaws.com/duradmin/login;jsessionid=89766E4939CB5B781F9D9FB5354C0A3A" "Mozilla/5.0 (X11; U; Linux i686; en-US; rv:1.9.0.18) Gecko/2010021501 Ubuntu/9.04 (jaunty) Firefox/3.0.18"
173.73.6.67 - - [11/May/2010:19:08:00 +0000] "GET /duradmin/dojox/widget/Toaster/Toaster.css HTTP/1.1" 200 644 "http://ec2-174-129-151-69.compute-1.amazonaws.com/duradmin/login;jsessionid=89766E4939CB5B781F9D9FB5354C0A3A" "Mozilla/5.0 (X11; U; Linux i686; en-US; rv:1.9.0.18) Gecko/2010021501 Ubuntu/9.04 (jaunty) Firefox/3.0.18"
173.73.6.67 - - [11/May/2010:19:08:00 +0000] "GET /duradmin/style/main.css HTTP/1.1" 200 7162 "http://ec2-174-129-151-69.compute-1.amazonaws.com/duradmin/login;jsessionid=89766E4939CB5B781F9D9FB5354C0A3A" "Mozilla/5.0 (X11; U; Linux i686; en-US; rv:1.9.0.18) Gecko/2010021501 Ubuntu/9.04 (jaunty) Firefox/3.0.18"
173.73.6.67 - - [11/May/2010:19:08:00 +0000] "GET /duradmin/style/menu.css HTTP/1.1" 200 643 "http://ec2-174-129-151-69.compute-1.amazonaws.com/duradmin/login;jsessionid=89766E4939CB5B781F9D9FB5354C0A3A" "Mozilla/5.0 (X11; U; Linux i686; en-US; rv:1.9.0.18) Gecko/2010021501 Ubuntu/9.04 (jaunty) Firefox/3.0.18"
173.73.6.67 - - [11/May/2010:19:08:00 +0000] "GET /duradmin/dijit/themes/tundra/tundra.css HTTP/1.1" 200 75356 "http://ec2-174-129-151-69.compute-1.amazonaws.com/duradmin/login;jsessionid=89766E4939CB5B781F9D9FB5354C0A3A" "Mozilla/5.0 (X11; U; Linux i686; en-US; rv:1.9.0.18) Gecko/2010021501 Ubuntu/9.04 (jaunty) Firefox/3.0.18"
173.73.6.67 - - [11/May/2010:19:08:01 +0000] "GET /duradmin/dijit/layout/BorderContainer.js HTTP/1.1" 200 10961 "http://ec2-174-129-151-69.compute-1.amazonaws.com/duradmin/login;jsessionid=89766E4939CB5B781F9D9FB5354C0A3A" "Mozilla/5.0 (X11; U; Linux i686; en-US; rv:1.9.0.18) Gecko/2010021501 Ubuntu/9.04 (jaunty) Firefox/3.0.18"
173.73.6.67 - - [11/May/2010:19:08:01 +0000] "GET /duradmin/dijit/layout/_LayoutWidget.js HTTP/1.1" 200 3407 "http://ec2-174-129-151-69.compute-1.amazonaws.com/duradmin/login;jsessionid=89766E4939CB5B781F9D9FB5354C0A3A" "Mozilla/5.0 (X11; U; Linux i686; en-US; rv:1.9.0.18) Gecko/2010021501 Ubuntu/9.04 (jaunty) Firefox/3.0.18"
173.73.6.67 - - [11/May/2010:19:08:01 +0000] "GET /duradmin/dijit/_Widget.js HTTP/1.1" 200 8772 "http://ec2-174-129-151-69.compute-1.amazonaws.com/duradmin/login;jsessionid=89766E4939CB5B781F9D9FB5354C0A3A" "Mozilla/5.0 (X11; U; Linux i686; en-US; rv:1.9.0.18) Gecko/2010021501 Ubuntu/9.04 (jaunty) Firefox/3.0.18"
173.73.6.67 - - [11/May/2010:19:08:01 +0000] "GET /duradmin/dijit/_base.js HTTP/1.1" 200 627 "http://ec2-174-129-151-69.compute-1.amazonaws.com/duradmin/login;jsessionid=89766E4939CB5B781F9D9FB5354C0A3A" "Mozilla/5.0 (X11; U; Linux i686; en-US; rv:1.9.0.18) Gecko/2010021501 Ubuntu/9.04 (jaunty) Firefox/3.0.18"
173.73.6.67 - - [11/May/2010:19:08:01 +0000] "GET /duradmin/dijit/_base/focus.js HTTP/1.1" 200 6525 "http://ec2-174-129-151-69.compute-1.amazonaws.com/duradmin/login;jsessionid=89766E4939CB5B781F9D9FB5354C0A3A" "Mozilla/5.0 (X11; U; Linux i686; en-US; rv:1.9.0.18) Gecko/2010021501 Ubuntu/9.04 (jaunty) Firefox/3.0.18"
173.73.6.67 - - [11/May/2010:19:08:01 +0000] "GET /duradmin/dijit/_base/manager.js HTTP/1.1" 200 4816 "http://ec2-174-129-151-69.compute-1.amazonaws.com/duradmin/login;jsessionid=89766E4939CB5B781F9D9FB5354C0A3A" "Mozilla/5.0 (X11; U; Linux i686; en-US; rv:1.9.0.18) Gecko/2010021501 Ubuntu/9.04 (jaunty) Firefox/3.0.18"
173.73.6.67 - - [11/May/2010:19:08:01 +0000] "GET /duradmin/dijit/_base/place.js HTTP/1.1" 200 3848 "http://ec2-174-129-151-69.compute-1.amazonaws.com/duradmin/login;jsessionid=89766E4939CB5B781F9D9FB5354C0A3A" "Mozilla/5.0 (X11; U; Linux i686; en-US; rv:1.9.0.18) Gecko/2010021501 Ubuntu/9.04 (jaunty) Firefox/3.0.18"
173.73.6.67 - - [11/May/2010:19:08:01 +0000] "GET /duradmin/dojo/AdapterRegistry.js HTTP/1.1" 200 947 "http://ec2-174-129-151-69.compute-1.amazonaws.com/duradmin/login;jsessionid=89766E4939CB5B781F9D9FB5354C0A3A" "Mozilla/5.0 (X11; U; Linux i686; en-US; rv:1.9.0.18) Gecko/2010021501 Ubuntu/9.04 (jaunty) Firefox/3.0.18"
173.73.6.67 - - [11/May/2010:19:08:01 +0000] "GET /duradmin/dijit/_base/popup.js HTTP/1.1" 200 4125 "http://ec2-174-129-151-69.compute-1.amazonaws.com/duradmin/login;jsessionid=89766E4939CB5B781F9D9FB5354C0A3A" "Mozilla/5.0 (X11; U; Linux i686; en-US; rv:1.9.0.18) Gecko/2010021501 Ubuntu/9.04 (jaunty) Firefox/3.0.18"
173.73.6.67 - - [11/May/2010:19:08:01 +0000] "GET /duradmin/dijit/_base/window.js HTTP/1.1" 200 630 "http://ec2-174-129-151-69.compute-1.amazonaws.com/duradmin/login;jsessionid=89766E4939CB5B781F9D9FB5354C0A3A" "Mozilla/5.0 (X11; U; Linux i686; en-US; rv:1.9.0.18) Gecko/2010021501 Ubuntu/9.04 (jaunty) Firefox/3.0.18"
173.73.6.67 - - [11/May/2010:19:08:01 +0000] "GET /duradmin/dijit/_base/scroll.js HTTP/1.1" 200 1847 "http://ec2-174-129-151-69.compute-1.amazonaws.com/duradmin/login;jsessionid=89766E4939CB5B781F9D9FB5354C0A3A" "Mozilla/5.0 (X11; U; Linux i686; en-US; rv:1.9.0.18) Gecko/2010021501 Ubuntu/9.04 (jaunty) Firefox/3.0.18"
173.73.6.67 - - [11/May/2010:19:08:01 +0000] "GET /duradmin/dijit/_base/sniff.js HTTP/1.1" 200 949 "http://ec2-174-129-151-69.compute-1.amazonaws.com/duradmin/login;jsessionid=89766E4939CB5B781F9D9FB5354C0A3A" "Mozilla/5.0 (X11; U; Linux i686; en-US; rv:1.9.0.18) Gecko/2010021501 Ubuntu/9.04 (jaunty) Firefox/3.0.18"
173.73.6.67 - - [11/May/2010:19:08:01 +0000] "GET /duradmin/dijit/_base/typematic.js HTTP/1.1" 200 2905 "http://ec2-174-129-151-69.compute-1.amazonaws.com/duradmin/login;jsessionid=89766E4939CB5B781F9D9FB5354C0A3A" "Mozilla/5.0 (X11; U; Linux i686; en-US; rv:1.9.0.18) Gecko/2010021501 Ubuntu/9.04 (jaunty) Firefox/3.0.18"
173.73.6.67 - - [11/May/2010:19:08:01 +0000] "GET /duradmin/dijit/_base/wai.js HTTP/1.1" 200 2181 "http://ec2-174-129-151-69.compute-1.amazonaws.com/duradmin/login;jsessionid=89766E4939CB5B781F9D9FB5354C0A3A" "Mozilla/5.0 (X11; U; Linux i686; en-US; rv:1.9.0.18) Gecko/2010021501 Ubuntu/9.04 (jaunty) Firefox/3.0.18"
173.73.6.67 - - [11/May/2010:19:08:01 +0000] "GET /duradmin/dijit/_Container.js HTTP/1.1" 200 1612 "http://ec2-174-129-151-69.compute-1.amazonaws.com/duradmin/login;jsessionid=89766E4939CB5B781F9D9FB5354C0A3A" "Mozilla/5.0 (X11; U; Linux i686; en-US; rv:1.9.0.18) Gecko/2010021501 Ubuntu/9.04 (jaunty) Firefox/3.0.18"
173.73.6.67 - - [11/May/2010:19:08:01 +0000] "GET /duradmin/dijit/_Contained.js HTTP/1.1" 200 870 "http://ec2-174-129-151-69.compute-1.amazonaws.com/duradmin/login;jsessionid=89766E4939CB5B781F9D9FB5354C0A3A" "Mozilla/5.0 (X11; U; Linux i686; en-US; rv:1.9.0.18) Gecko/2010021501 Ubuntu/9.04 (jaunty) Firefox/3.0.18"
173.73.6.67 - - [11/May/2010:19:08:01 +0000] "GET /duradmin/dojo/cookie.js HTTP/1.1" 200 1178 "http://ec2-174-129-151-69.compute-1.amazonaws.com/duradmin/login;jsessionid=89766E4939CB5B781F9D9FB5354C0A3A" "Mozilla/5.0 (X11; U; Linux i686; en-US; rv:1.9.0.18) Gecko/2010021501 Ubuntu/9.04 (jaunty) Firefox/3.0.18"
173.73.6.67 - - [11/May/2010:19:08:01 +0000] "GET /duradmin/dojo/regexp.js HTTP/1.1" 200 741 "http://ec2-174-129-151-69.compute-1.amazonaws.com/duradmin/login;jsessionid=89766E4939CB5B781F9D9FB5354C0A3A" "Mozilla/5.0 (X11; U; Linux i686; en-US; rv:1.9.0.18) Gecko/2010021501 Ubuntu/9.04 (jaunty) Firefox/3.0.18"
173.73.6.67 - - [11/May/2010:19:08:01 +0000] "GET /duradmin/dijit/_Templated.js HTTP/1.1" 200 4122 "http://ec2-174-129-151-69.compute-1.amazonaws.com/duradmin/login;jsessionid=89766E4939CB5B781F9D9FB5354C0A3A" "Mozilla/5.0 (X11; U; Linux i686; en-US; rv:1.9.0.18) Gecko/2010021501 Ubuntu/9.04 (jaunty) Firefox/3.0.18"
173.73.6.67 - - [11/May/2010:19:08:01 +0000] "GET /duradmin/dojo/string.js HTTP/1.1" 200 1168 "http://ec2-174-129-151-69.compute-1.amazonaws.com/duradmin/login;jsessionid=89766E4939CB5B781F9D9FB5354C0A3A" "Mozilla/5.0 (X11; U; Linux i686; en-US; rv:1.9.0.18) Gecko/2010021501 Ubuntu/9.04 (jaunty) Firefox/3.0.18"
173.73.6.67 - - [11/May/2010:19:08:01 +0000] "GET /duradmin/dojo/parser.js HTTP/1.1" 200 4403 "http://ec2-174-129-151-69.compute-1.amazonaws.com/duradmin/login;jsessionid=89766E4939CB5B781F9D9FB5354C0A3A" "Mozilla/5.0 (X11; U; Linux i686; en-US; rv:1.9.0.18) Gecko/2010021501 Ubuntu/9.04 (jaunty) Firefox/3.0.18"
173.73.6.67 - - [11/May/2010:19:08:01 +0000] "GET /duradmin/dojo/date/stamp.js HTTP/1.1" 200 1937 "http://ec2-174-129-151-69.compute-1.amazonaws.com/duradmin/login;jsessionid=89766E4939CB5B781F9D9FB5354C0A3A" "Mozilla/5.0 (X11; U; Linux i686; en-US; rv:1.9.0.18) Gecko/2010021501 Ubuntu/9.04 (jaunty) Firefox/3.0.18"
173.73.6.67 - - [11/May/2010:19:08:01 +0000] "GET /duradmin/dojo/cache.js HTTP/1.1" 200 1032 "http://ec2-174-129-151-69.compute-1.amazonaws.com/duradmin/login;jsessionid=89766E4939CB5B781F9D9FB5354C0A3A" "Mozilla/5.0 (X11; U; Linux i686; en-US; rv:1.9.0.18) Gecko/2010021501 Ubuntu/9.04 (jaunty) Firefox/3.0.18"
173.73.6.67 - - [11/May/2010:19:08:02 +0000] "GET /duradmin/dijit/layout/ContentPane.js HTTP/1.1" 200 8298 "http://ec2-174-129-151-69.compute-1.amazonaws.com/duradmin/login;jsessionid=89766E4939CB5B781F9D9FB5354C0A3A" "Mozilla/5.0 (X11; U; Linux i686; en-US; rv:1.9.0.18) Gecko/2010021501 Ubuntu/9.04 (jaunty) Firefox/3.0.18"
173.73.6.67 - - [11/May/2010:19:08:02 +0000] "GET /duradmin/dojo/html.js HTTP/1.1" 200 3227 "http://ec2-174-129-151-69.compute-1.amazonaws.com/duradmin/login;jsessionid=89766E4939CB5B781F9D9FB5354C0A3A" "Mozilla/5.0 (X11; U; Linux i686; en-US; rv:1.9.0.18) Gecko/2010021501 Ubuntu/9.04 (jaunty) Firefox/3.0.18"
173.73.6.67 - - [11/May/2010:19:08:02 +0000] "GET /duradmin/dojo/i18n.js HTTP/1.1" 200 3093 "http://ec2-174-129-151-69.compute-1.amazonaws.com/duradmin/login;jsessionid=89766E4939CB5B781F9D9FB5354C0A3A" "Mozilla/5.0 (X11; U; Linux i686; en-US; rv:1.9.0.18) Gecko/2010021501 Ubuntu/9.04 (jaunty) Firefox/3.0.18"
173.73.6.67 - - [11/May/2010:19:08:02 +0000] "GET /duradmin/dijit/nls/loading.js HTTP/1.1" 200 71 "http://ec2-174-129-151-69.compute-1.amazonaws.com/duradmin/login;jsessionid=89766E4939CB5B781F9D9FB5354C0A3A" "Mozilla/5.0 (X11; U; Linux i686; en-US; rv:1.9.0.18) Gecko/2010021501 Ubuntu/9.04 (jaunty) Firefox/3.0.18"
173.73.6.67 - - [11/May/2010:19:08:02 +0000] "GET /duradmin/dojox/widget/Toaster.js HTTP/1.1" 200 4934 "http://ec2-174-129-151-69.compute-1.amazonaws.com/duradmin/login;jsessionid=89766E4939CB5B781F9D9FB5354C0A3A" "Mozilla/5.0 (X11; U; Linux i686; en-US; rv:1.9.0.18) Gecko/2010021501 Ubuntu/9.04 (jaunty) Firefox/3.0.18"
173.73.6.67 - - [11/May/2010:19:08:02 +0000] "GET /duradmin/dojo/fx.js HTTP/1.1" 200 6156 "http://ec2-174-129-151-69.compute-1.amazonaws.com/duradmin/login;jsessionid=89766E4939CB5B781F9D9FB5354C0A3A" "Mozilla/5.0 (X11; U; Linux i686; en-US; rv:1.9.0.18) Gecko/2010021501 Ubuntu/9.04 (jaunty) Firefox/3.0.18"
173.73.6.67 - - [11/May/2010:19:08:02 +0000] "GET /duradmin/dojo/fx/Toggler.js HTTP/1.1" 200 1060 "http://ec2-174-129-151-69.compute-1.amazonaws.com/duradmin/login;jsessionid=89766E4939CB5B781F9D9FB5354C0A3A" "Mozilla/5.0 (X11; U; Linux i686; en-US; rv:1.9.0.18) Gecko/2010021501 Ubuntu/9.04 (jaunty) Firefox/3.0.18"
173.73.6.67 - - [11/May/2010:19:08:02 +0000] "GET /duradmin/duracloud/_base.js HTTP/1.1" 200 3820 "http://ec2-174-129-151-69.compute-1.amazonaws.com/duradmin/login;jsessionid=89766E4939CB5B781F9D9FB5354C0A3A" "Mozilla/5.0 (X11; U; Linux i686; en-US; rv:1.9.0.18) Gecko/2010021501 Ubuntu/9.04 (jaunty) Firefox/3.0.18"
173.73.6.67 - - [11/May/2010:19:08:02 +0000] "GET /duradmin/duracloud/ui.js HTTP/1.1" 200 623 "http://ec2-174-129-151-69.compute-1.amazonaws.com/duradmin/login;jsessionid=89766E4939CB5B781F9D9FB5354C0A3A" "Mozilla/5.0 (X11; U; Linux i686; en-US; rv:1.9.0.18) Gecko/2010021501 Ubuntu/9.04 (jaunty) Firefox/3.0.18"
173.73.6.67 - - [11/May/2010:19:08:02 +0000] "GET /duradmin/dijit/Dialog.js HTTP/1.1" 200 8125 "http://ec2-174-129-151-69.compute-1.amazonaws.com/duradmin/login;jsessionid=89766E4939CB5B781F9D9FB5354C0A3A" "Mozilla/5.0 (X11; U; Linux i686; en-US; rv:1.9.0.18) Gecko/2010021501 Ubuntu/9.04 (jaunty) Firefox/3.0.18"
173.73.6.67 - - [11/May/2010:19:08:02 +0000] "GET /duradmin/dojo/dnd/move.js HTTP/1.1" 200 3775 "http://ec2-174-129-151-69.compute-1.amazonaws.com/duradmin/login;jsessionid=89766E4939CB5B781F9D9FB5354C0A3A" "Mozilla/5.0 (X11; U; Linux i686; en-US; rv:1.9.0.18) Gecko/2010021501 Ubuntu/9.04 (jaunty) Firefox/3.0.18"
173.73.6.67 - - [11/May/2010:19:08:02 +0000] "GET /duradmin/dojo/dnd/Mover.js HTTP/1.1" 200 1935 "http://ec2-174-129-151-69.compute-1.amazonaws.com/duradmin/login;jsessionid=89766E4939CB5B781F9D9FB5354C0A3A" "Mozilla/5.0 (X11; U; Linux i686; en-US; rv:1.9.0.18) Gecko/2010021501 Ubuntu/9.04 (jaunty) Firefox/3.0.18"
173.73.6.67 - - [11/May/2010:19:08:02 +0000] "GET /duradmin/dojo/dnd/common.js HTTP/1.1" 200 726 "http://ec2-174-129-151-69.compute-1.amazonaws.com/duradmin/login;jsessionid=89766E4939CB5B781F9D9FB5354C0A3A" "Mozilla/5.0 (X11; U; Linux i686; en-US; rv:1.9.0.18) Gecko/2010021501 Ubuntu/9.04 (jaunty) Firefox/3.0.18"
173.73.6.67 - - [11/May/2010:19:08:02 +0000] "GET /duradmin/dojo/dnd/autoscroll.js HTTP/1.1" 200 2277 "http://ec2-174-129-151-69.compute-1.amazonaws.com/duradmin/login;jsessionid=89766E4939CB5B781F9D9FB5354C0A3A" "Mozilla/5.0 (X11; U; Linux i686; en-US; rv:1.9.0.18) Gecko/2010021501 Ubuntu/9.04 (jaunty) Firefox/3.0.18"
173.73.6.67 - - [11/May/2010:19:08:02 +0000] "GET /duradmin/dojo/dnd/Moveable.js HTTP/1.1" 200 2331 "http://ec2-174-129-151-69.compute-1.amazonaws.com/duradmin/login;jsessionid=89766E4939CB5B781F9D9FB5354C0A3A" "Mozilla/5.0 (X11; U; Linux i686; en-US; rv:1.9.0.18) Gecko/2010021501 Ubuntu/9.04 (jaunty) Firefox/3.0.18"
173.73.6.67 - - [11/May/2010:19:08:02 +0000] "GET /duradmin/dojo/dnd/TimedMoveable.js HTTP/1.1" 200 1046 "http://ec2-174-129-151-69.compute-1.amazonaws.com/duradmin/login;jsessionid=89766E4939CB5B781F9D9FB5354C0A3A" "Mozilla/5.0 (X11; U; Linux i686; en-US; rv:1.9.0.18) Gecko/2010021501 Ubuntu/9.04 (jaunty) Firefox/3.0.18"
173.73.6.67 - - [11/May/2010:19:08:02 +0000] "GET /duradmin/dijit/form/_FormMixin.js HTTP/1.1" 200 3682 "http://ec2-174-129-151-69.compute-1.amazonaws.com/duradmin/login;jsessionid=89766E4939CB5B781F9D9FB5354C0A3A" "Mozilla/5.0 (X11; U; Linux i686; en-US; rv:1.9.0.18) Gecko/2010021501 Ubuntu/9.04 (jaunty) Firefox/3.0.18"
173.73.6.67 - - [11/May/2010:19:08:02 +0000] "GET /duradmin/dijit/_DialogMixin.js HTTP/1.1" 200 948 "http://ec2-174-129-151-69.compute-1.amazonaws.com/duradmin/login;jsessionid=89766E4939CB5B781F9D9FB5354C0A3A" "Mozilla/5.0 (X11; U; Linux i686; en-US; rv:1.9.0.18) Gecko/2010021501 Ubuntu/9.04 (jaunty) Firefox/3.0.18"
173.73.6.67 - - [11/May/2010:19:08:02 +0000] "GET /duradmin/dijit/DialogUnderlay.js HTTP/1.1" 200 1381 "http://ec2-174-129-151-69.compute-1.amazonaws.com/duradmin/login;jsessionid=89766E4939CB5B781F9D9FB5354C0A3A" "Mozilla/5.0 (X11; U; Linux i686; en-US; rv:1.9.0.18) Gecko/2010021501 Ubuntu/9.04 (jaunty) Firefox/3.0.18"
173.73.6.67 - - [11/May/2010:19:08:02 +0000] "GET /duradmin/dijit/nls/common.js HTTP/1.1" 200 83 "http://ec2-174-129-151-69.compute-1.amazonaws.com/duradmin/login;jsessionid=89766E4939CB5B781F9D9FB5354C0A3A" "Mozilla/5.0 (X11; U; Linux i686; en-US; rv:1.9.0.18) Gecko/2010021501 Ubuntu/9.04 (jaunty) Firefox/3.0.18"
173.73.6.67 - - [11/May/2010:19:08:02 +0000] "GET /duradmin/dijit/TooltipDialog.js HTTP/1.1" 200 2374 "http://ec2-174-129-151-69.compute-1.amazonaws.com/duradmin/login;jsessionid=89766E4939CB5B781F9D9FB5354C0A3A" "Mozilla/5.0 (X11; U; Linux i686; en-US; rv:1.9.0.18) Gecko/2010021501 Ubuntu/9.04 (jaunty) Firefox/3.0.18"
173.73.6.67 - - [11/May/2010:19:08:02 +0000] "GET /duradmin/duracloud/storage.js HTTP/1.1" 200 2949 "http://ec2-174-129-151-69.compute-1.amazonaws.com/duradmin/login;jsessionid=89766E4939CB5B781F9D9FB5354C0A3A" "Mozilla/5.0 (X11; U; Linux i686; en-US; rv:1.9.0.18) Gecko/2010021501 Ubuntu/9.04 (jaunty) Firefox/3.0.18"
173.73.6.67 - - [11/May/2010:19:08:02 +0000] "GET /duradmin/dojox/storage.js HTTP/1.1" 200 351 "http://ec2-174-129-151-69.compute-1.amazonaws.com/duradmin/login;jsessionid=89766E4939CB5B781F9D9FB5354C0A3A" "Mozilla/5.0 (X11; U; Linux i686; en-US; rv:1.9.0.18) Gecko/2010021501 Ubuntu/9.04 (jaunty) Firefox/3.0.18"
173.73.6.67 - - [11/May/2010:19:08:02 +0000] "GET /duradmin/dojox/storage/_common.js HTTP/1.1" 200 608 "http://ec2-174-129-151-69.compute-1.amazonaws.com/duradmin/login;jsessionid=89766E4939CB5B781F9D9FB5354C0A3A" "Mozilla/5.0 (X11; U; Linux i686; en-US; rv:1.9.0.18) Gecko/2010021501 Ubuntu/9.04 (jaunty) Firefox/3.0.18"
173.73.6.67 - - [11/May/2010:19:08:02 +0000] "GET /duradmin/dojox/storage/Provider.js HTTP/1.1" 200 2356 "http://ec2-174-129-151-69.compute-1.amazonaws.com/duradmin/login;jsessionid=89766E4939CB5B781F9D9FB5354C0A3A" "Mozilla/5.0 (X11; U; Linux i686; en-US; rv:1.9.0.18) Gecko/2010021501 Ubuntu/9.04 (jaunty) Firefox/3.0.18"
173.73.6.67 - - [11/May/2010:19:08:02 +0000] "GET /duradmin/dojox/storage/manager.js HTTP/1.1" 200 2368 "http://ec2-174-129-151-69.compute-1.amazonaws.com/duradmin/login;jsessionid=89766E4939CB5B781F9D9FB5354C0A3A" "Mozilla/5.0 (X11; U; Linux i686; en-US; rv:1.9.0.18) Gecko/2010021501 Ubuntu/9.04 (jaunty) Firefox/3.0.18"
173.73.6.67 - - [11/May/2010:19:08:02 +0000] "GET /duradmin/dojox/storage/GearsStorageProvider.js HTTP/1.1" 200 6493 "http://ec2-174-129-151-69.compute-1.amazonaws.com/duradmin/login;jsessionid=89766E4939CB5B781F9D9FB5354C0A3A" "Mozilla/5.0 (X11; U; Linux i686; en-US; rv:1.9.0.18) Gecko/2010021501 Ubuntu/9.04 (jaunty) Firefox/3.0.18"
173.73.6.67 - - [11/May/2010:19:08:03 +0000] "GET /duradmin/dojo/gears.js HTTP/1.1" 200 1001 "http://ec2-174-129-151-69.compute-1.amazonaws.com/duradmin/login;jsessionid=89766E4939CB5B781F9D9FB5354C0A3A" "Mozilla/5.0 (X11; U; Linux i686; en-US; rv:1.9.0.18) Gecko/2010021501 Ubuntu/9.04 (jaunty) Firefox/3.0.18"
173.73.6.67 - - [11/May/2010:19:08:03 +0000] "GET /duradmin/dojox/sql.js HTTP/1.1" 200 333 "http://ec2-174-129-151-69.compute-1.amazonaws.com/duradmin/login;jsessionid=89766E4939CB5B781F9D9FB5354C0A3A" "Mozilla/5.0 (X11; U; Linux i686; en-US; rv:1.9.0.18) Gecko/2010021501 Ubuntu/9.04 (jaunty) Firefox/3.0.18"
173.73.6.67 - - [11/May/2010:19:08:03 +0000] "GET /duradmin/dojox/sql/_base.js HTTP/1.1" 200 6671 "http://ec2-174-129-151-69.compute-1.amazonaws.com/duradmin/login;jsessionid=89766E4939CB5B781F9D9FB5354C0A3A" "Mozilla/5.0 (X11; U; Linux i686; en-US; rv:1.9.0.18) Gecko/2010021501 Ubuntu/9.04 (jaunty) Firefox/3.0.18"
173.73.6.67 - - [11/May/2010:19:08:03 +0000] "GET /duradmin/dojox/sql/_crypto.js HTTP/1.1" 200 6924 "http://ec2-174-129-151-69.compute-1.amazonaws.com/duradmin/login;jsessionid=89766E4939CB5B781F9D9FB5354C0A3A" "Mozilla/5.0 (X11; U; Linux i686; en-US; rv:1.9.0.18) Gecko/2010021501 Ubuntu/9.04 (jaunty) Firefox/3.0.18"
173.73.6.67 - - [11/May/2010:19:08:03 +0000] "GET /duradmin/dojox/storage/WhatWGStorageProvider.js HTTP/1.1" 200 3996 "http://ec2-174-129-151-69.compute-1.amazonaws.com/duradmin/login;jsessionid=89766E4939CB5B781F9D9FB5354C0A3A" "Mozilla/5.0 (X11; U; Linux i686; en-US; rv:1.9.0.18) Gecko/2010021501 Ubuntu/9.04 (jaunty) Firefox/3.0.18"
173.73.6.67 - - [11/May/2010:19:08:03 +0000] "GET /duradmin/dojox/storage/FlashStorageProvider.js HTTP/1.1" 200 5487 "http://ec2-174-129-151-69.compute-1.amazonaws.com/duradmin/login;jsessionid=89766E4939CB5B781F9D9FB5354C0A3A" "Mozilla/5.0 (X11; U; Linux i686; en-US; rv:1.9.0.18) Gecko/2010021501 Ubuntu/9.04 (jaunty) Firefox/3.0.18"
173.73.6.67 - - [11/May/2010:19:08:03 +0000] "GET /duradmin/dojox/flash.js HTTP/1.1" 200 341 "http://ec2-174-129-151-69.compute-1.amazonaws.com/duradmin/login;jsessionid=89766E4939CB5B781F9D9FB5354C0A3A" "Mozilla/5.0 (X11; U; Linux i686; en-US; rv:1.9.0.18) Gecko/2010021501 Ubuntu/9.04 (jaunty) Firefox/3.0.18"
173.73.6.67 - - [11/May/2010:19:08:03 +0000] "GET /duradmin/dojox/flash/_base.js HTTP/1.1" 200 8640 "http://ec2-174-129-151-69.compute-1.amazonaws.com/duradmin/login;jsessionid=89766E4939CB5B781F9D9FB5354C0A3A" "Mozilla/5.0 (X11; U; Linux i686; en-US; rv:1.9.0.18) Gecko/2010021501 Ubuntu/9.04 (jaunty) Firefox/3.0.18"
173.73.6.67 - - [11/May/2010:19:08:03 +0000] "GET /duradmin/images/duracloud_transparent.png HTTP/1.1" 200 12049 "http://ec2-174-129-151-69.compute-1.amazonaws.com/duradmin/login;jsessionid=89766E4939CB5B781F9D9FB5354C0A3A" "Mozilla/5.0 (X11; U; Linux i686; en-US; rv:1.9.0.18) Gecko/2010021501 Ubuntu/9.04 (jaunty) Firefox/3.0.18"
173.73.6.67 - - [11/May/2010:19:08:03 +0000] "GET /duradmin/images/hover.gif HTTP/1.1" 200 60 "http://ec2-174-129-151-69.compute-1.amazonaws.com/duradmin/style/menu.css" "Mozilla/5.0 (X11; U; Linux i686; en-US; rv:1.9.0.18) Gecko/2010021501 Ubuntu/9.04 (jaunty) Firefox/3.0.18"
173.73.6.67 - - [11/May/2010:19:08:03 +0000] "GET /duradmin/images/seperator.gif HTTP/1.1" 200 155 "http://ec2-174-129-151-69.compute-1.amazonaws.com/duradmin/style/menu.css" "Mozilla/5.0 (X11; U; Linux i686; en-US; rv:1.9.0.18) Gecko/2010021501 Ubuntu/9.04 (jaunty) Firefox/3.0.18"
173.73.6.67 - - [11/May/2010:19:08:03 +0000] "GET /duradmin/dojo/resources/blank.gif HTTP/1.1" 200 43 "http://ec2-174-129-151-69.compute-1.amazonaws.com/duradmin/login;jsessionid=89766E4939CB5B781F9D9FB5354C0A3A" "Mozilla/5.0 (X11; U; Linux i686; en-US; rv:1.9.0.18) Gecko/2010021501 Ubuntu/9.04 (jaunty) Firefox/3.0.18"
173.73.6.67 - - [11/May/2010:19:08:10 +0000] "POST /duradmin/j_spring_security_check HTTP/1.1" 302 - "http://ec2-174-129-151-69.compute-1.amazonaws.com/duradmin/login;jsessionid=89766E4939CB5B781F9D9FB5354C0A3A" "Mozilla/5.0 (X11; U; Linux i686; en-US; rv:1.9.0.18) Gecko/2010021501 Ubuntu/9.04 (jaunty) Firefox/3.0.18"
173.73.6.67 - - [11/May/2010:19:08:10 +0000] "GET /duradmin/login HTTP/1.1" 200 2071 "http://ec2-174-129-151-69.compute-1.amazonaws.com/duradmin/login;jsessionid=89766E4939CB5B781F9D9FB5354C0A3A" "Mozilla/5.0 (X11; U; Linux i686; en-US; rv:1.9.0.18) Gecko/2010021501 Ubuntu/9.04 (jaunty) Firefox/3.0.18"
173.73.6.67 - - [11/May/2010:19:08:22 +0000] "POST /duradmin/j_spring_security_check HTTP/1.1" 302 - "http://ec2-174-129-151-69.compute-1.amazonaws.com/duradmin/login" "Mozilla/5.0 (X11; U; Linux i686; en-US; rv:1.9.0.18) Gecko/2010021501 Ubuntu/9.04 (jaunty) Firefox/3.0.18"
173.73.6.67 - - [11/May/2010:19:08:22 +0000] "GET /duradmin/ HTTP/1.1" 200 2023 "http://ec2-174-129-151-69.compute-1.amazonaws.com/duradmin/login" "Mozilla/5.0 (X11; U; Linux i686; en-US; rv:1.9.0.18) Gecko/2010021501 Ubuntu/9.04 (jaunty) Firefox/3.0.18"
173.73.6.67 - - [11/May/2010:19:08:43 +0000] "GET /duradmin/users.htm HTTP/1.1" 200 2197 "http://ec2-174-129-151-69.compute-1.amazonaws.com/duradmin/" "Mozilla/5.0 (X11; U; Linux i686; en-US; rv:1.9.0.18) Gecko/2010021501 Ubuntu/9.04 (jaunty) Firefox/3.0.18"
173.73.6.67 - - [11/May/2010:19:08:46 +0000] "GET /duradmin/dijit/form/DropDownButton.js HTTP/1.1" 200 383 "http://ec2-174-129-151-69.compute-1.amazonaws.com/duradmin/users.htm" "Mozilla/5.0 (X11; U; Linux i686; en-US; rv:1.9.0.18) Gecko/2010021501 Ubuntu/9.04 (jaunty) Firefox/3.0.18"
173.73.6.67 - - [11/May/2010:19:08:46 +0000] "GET /duradmin/dijit/form/Button.js HTTP/1.1" 200 9067 "http://ec2-174-129-151-69.compute-1.amazonaws.com/duradmin/users.htm" "Mozilla/5.0 (X11; U; Linux i686; en-US; rv:1.9.0.18) Gecko/2010021501 Ubuntu/9.04 (jaunty) Firefox/3.0.18"
173.73.6.67 - - [11/May/2010:19:08:46 +0000] "GET /duradmin/dijit/form/_FormWidget.js HTTP/1.1" 200 6134 "http://ec2-174-129-151-69.compute-1.amazonaws.com/duradmin/users.htm" "Mozilla/5.0 (X11; U; Linux i686; en-US; rv:1.9.0.18) Gecko/2010021501 Ubuntu/9.04 (jaunty) Firefox/3.0.18"
173.73.6.67 - - [11/May/2010:19:08:46 +0000] "GET /duradmin/dijit/_HasDropDown.js HTTP/1.1" 200 5649 "http://ec2-174-129-151-69.compute-1.amazonaws.com/duradmin/users.htm" "Mozilla/5.0 (X11; U; Linux i686; en-US; rv:1.9.0.18) Gecko/2010021501 Ubuntu/9.04 (jaunty) Firefox/3.0.18"
173.73.6.67 - - [11/May/2010:19:08:46 +0000] "GET /duradmin/dijit/themes/tundra/images/buttonEnabled.png HTTP/1.1" 200 120 "http://ec2-174-129-151-69.compute-1.amazonaws.com/duradmin/dijit/themes/tundra/tundra.css" "Mozilla/5.0 (X11; U; Linux i686; en-US; rv:1.9.0.18) Gecko/2010021501 Ubuntu/9.04 (jaunty) Firefox/3.0.18"
173.73.6.67 - - [11/May/2010:19:08:46 +0000] "GET /duradmin/dijit/themes/tundra/images/spriteArrows.png HTTP/1.1" 200 338 "http://ec2-174-129-151-69.compute-1.amazonaws.com/duradmin/dijit/themes/tundra/tundra.css" "Mozilla/5.0 (X11; U; Linux i686; en-US; rv:1.9.0.18) Gecko/2010021501 Ubuntu/9.04 (jaunty) Firefox/3.0.18"
173.73.6.67 - - [11/May/2010:19:08:46 +0000] "GET /duradmin/dijit/themes/tundra/images/popupMenuBg.gif HTTP/1.1" 200 151 "http://ec2-174-129-151-69.compute-1.amazonaws.com/duradmin/dijit/themes/tundra/tundra.css" "Mozilla/5.0 (X11; U; Linux i686; en-US; rv:1.9.0.18) Gecko/2010021501 Ubuntu/9.04 (jaunty) Firefox/3.0.18"
173.73.6.67 - - [11/May/2010:19:11:43 +0000] "POST /durastore/stores HTTP/1.1" 200 25 "-" "Jakarta Commons-HttpClient/3.1"
173.73.6.67 - - [11/May/2010:19:11:44 +0000] "POST /duraservice/services HTTP/1.1" 200 25 "-" "Jakarta Commons-HttpClient/3.1"
173.73.6.67 - - [11/May/2010:19:11:47 +0000] "POST /duradmin/init HTTP/1.1" 200 26 "-" "Jakarta Commons-HttpClient/3.1"
173.73.6.67 - - [11/May/2010:19:11:47 +0000] "POST /durastore/security HTTP/1.1" 200 26 "-" "Jakarta Commons-HttpClient/3.1"
173.73.6.67 - - [11/May/2010:19:11:48 +0000] "POST /duraservice/security HTTP/1.1" 200 26 "-" "Jakarta Commons-HttpClient/3.1"
173.73.6.67 - - [11/May/2010:19:11:48 +0000] "POST /duradmin/security HTTP/1.1" 200 26 "-" "Jakarta Commons-HttpClient/3.1"
127.0.0.1 - - [11/May/2010:19:11:50 +0000] "OPTIONS * HTTP/1.0" 200 - "-" "Apache/2.2.9 (Ubuntu) mod_jk/1.2.26 (internal dummy connection)"
173.73.6.67 - - [11/May/2010:19:11:52 +0000] "GET /duradmin/logout HTTP/1.1" 302 - "http://ec2-174-129-151-69.compute-1.amazonaws.com/duradmin/users.htm" "Mozilla/5.0 (X11; U; Linux i686; en-US; rv:1.9.0.18) Gecko/2010021501 Ubuntu/9.04 (jaunty) Firefox/3.0.18"
173.73.6.67 - - [11/May/2010:19:11:52 +0000] "GET /duradmin/ HTTP/1.1" 302 - "http://ec2-174-129-151-69.compute-1.amazonaws.com/duradmin/users.htm" "Mozilla/5.0 (X11; U; Linux i686; en-US; rv:1.9.0.18) Gecko/2010021501 Ubuntu/9.04 (jaunty) Firefox/3.0.18"
10.192.165.219 - - [11/May/2010:19:11:52 +0000] "GET /durastore/stores HTTP/1.1" 401 1119 "-" "Jakarta Commons-HttpClient/3.1"
10.192.165.219 - - [11/May/2010:19:11:52 +0000] "GET /durastore/stores HTTP/1.1" 401 1119 "-" "Jakarta Commons-HttpClient/3.1"
173.73.6.67 - - [11/May/2010:19:11:52 +0000] "GET /duradmin/login HTTP/1.1" 200 2071 "http://ec2-174-129-151-69.compute-1.amazonaws.com/duradmin/users.htm" "Mozilla/5.0 (X11; U; Linux i686; en-US; rv:1.9.0.18) Gecko/2010021501 Ubuntu/9.04 (jaunty) Firefox/3.0.18"
173.73.6.67 - - [11/May/2010:19:12:00 +0000] "POST /duradmin/j_spring_security_check HTTP/1.1" 302 - "http://ec2-174-129-151-69.compute-1.amazonaws.com/duradmin/login" "Mozilla/5.0 (X11; U; Linux i686; en-US; rv:1.9.0.18) Gecko/2010021501 Ubuntu/9.04 (jaunty) Firefox/3.0.18"
10.192.165.219 - - [11/May/2010:19:12:00 +0000] "GET /durastore/stores HTTP/1.1" 200 306 "-" "Jakarta Commons-HttpClient/3.1"
10.192.165.219 - - [11/May/2010:19:12:00 +0000] "GET /durastore/stores HTTP/1.1" 200 306 "-" "Jakarta Commons-HttpClient/3.1"
173.73.6.67 - - [11/May/2010:19:12:00 +0000] "GET /duradmin/ HTTP/1.1" 200 2233 "http://ec2-174-129-151-69.compute-1.amazonaws.com/duradmin/login" "Mozilla/5.0 (X11; U; Linux i686; en-US; rv:1.9.0.18) Gecko/2010021501 Ubuntu/9.04 (jaunty) Firefox/3.0.18"
10.192.165.219 - - [11/May/2010:19:12:00 +0000] "GET /durastore/stores HTTP/1.1" 200 306 "-" "Jakarta Commons-HttpClient/3.1"
10.192.165.219 - - [11/May/2010:19:12:03 +0000] "GET /durastore/stores HTTP/1.1" 200 306 "-" "Jakarta Commons-HttpClient/3.1"
10.192.165.219 - - [11/May/2010:19:12:03 +0000] "GET /durastore/stores HTTP/1.1" 200 306 "-" "Jakarta Commons-HttpClient/3.1"
173.73.6.67 - - [11/May/2010:19:12:03 +0000] "GET /duradmin/services HTTP/1.1" 200 2368 "http://ec2-174-129-151-69.compute-1.amazonaws.com/duradmin/" "Mozilla/5.0 (X11; U; Linux i686; en-US; rv:1.9.0.18) Gecko/2010021501 Ubuntu/9.04 (jaunty) Firefox/3.0.18"
10.192.165.219 - - [11/May/2010:19:12:03 +0000] "GET /durastore/stores HTTP/1.1" 200 306 "-" "Jakarta Commons-HttpClient/3.1"
173.73.6.67 - - [11/May/2010:19:12:03 +0000] "GET /duradmin/duracloud/duraservice.js HTTP/1.1" 200 9300 "http://ec2-174-129-151-69.compute-1.amazonaws.com/duradmin/services" "Mozilla/5.0 (X11; U; Linux i686; en-US; rv:1.9.0.18) Gecko/2010021501 Ubuntu/9.04 (jaunty) Firefox/3.0.18"
173.73.6.67 - - [11/May/2010:19:12:03 +0000] "GET /duradmin/dijit/layout/TabContainer.js HTTP/1.1" 200 1280 "http://ec2-174-129-151-69.compute-1.amazonaws.com/duradmin/services" "Mozilla/5.0 (X11; U; Linux i686; en-US; rv:1.9.0.18) Gecko/2010021501 Ubuntu/9.04 (jaunty) Firefox/3.0.18"
173.73.6.67 - - [11/May/2010:19:12:03 +0000] "GET /duradmin/dijit/layout/_TabContainerBase.js HTTP/1.1" 200 2752 "http://ec2-174-129-151-69.compute-1.amazonaws.com/duradmin/services" "Mozilla/5.0 (X11; U; Linux i686; en-US; rv:1.9.0.18) Gecko/2010021501 Ubuntu/9.04 (jaunty) Firefox/3.0.18"
173.73.6.67 - - [11/May/2010:19:12:03 +0000] "GET /duradmin/dijit/layout/StackContainer.js HTTP/1.1" 200 4159 "http://ec2-174-129-151-69.compute-1.amazonaws.com/duradmin/services" "Mozilla/5.0 (X11; U; Linux i686; en-US; rv:1.9.0.18) Gecko/2010021501 Ubuntu/9.04 (jaunty) Firefox/3.0.18"
173.73.6.67 - - [11/May/2010:19:12:03 +0000] "GET /duradmin/dijit/layout/StackController.js HTTP/1.1" 200 5235 "http://ec2-174-129-151-69.compute-1.amazonaws.com/duradmin/services" "Mozilla/5.0 (X11; U; Linux i686; en-US; rv:1.9.0.18) Gecko/2010021501 Ubuntu/9.04 (jaunty) Firefox/3.0.18"
173.73.6.67 - - [11/May/2010:19:12:03 +0000] "GET /duradmin/dijit/form/ToggleButton.js HTTP/1.1" 200 377 "http://ec2-174-129-151-69.compute-1.amazonaws.com/duradmin/services" "Mozilla/5.0 (X11; U; Linux i686; en-US; rv:1.9.0.18) Gecko/2010021501 Ubuntu/9.04 (jaunty) Firefox/3.0.18"
173.73.6.67 - - [11/May/2010:19:12:03 +0000] "GET /duradmin/dijit/layout/TabController.js HTTP/1.1" 200 3675 "http://ec2-174-129-151-69.compute-1.amazonaws.com/duradmin/services" "Mozilla/5.0 (X11; U; Linux i686; en-US; rv:1.9.0.18) Gecko/2010021501 Ubuntu/9.04 (jaunty) Firefox/3.0.18"
173.73.6.67 - - [11/May/2010:19:12:03 +0000] "GET /duradmin/dijit/Menu.js HTTP/1.1" 200 9309 "http://ec2-174-129-151-69.compute-1.amazonaws.com/duradmin/services" "Mozilla/5.0 (X11; U; Linux i686; en-US; rv:1.9.0.18) Gecko/2010021501 Ubuntu/9.04 (jaunty) Firefox/3.0.18"
173.73.6.67 - - [11/May/2010:19:12:03 +0000] "GET /duradmin/dijit/_KeyNavContainer.js HTTP/1.1" 200 2593 "http://ec2-174-129-151-69.compute-1.amazonaws.com/duradmin/services" "Mozilla/5.0 (X11; U; Linux i686; en-US; rv:1.9.0.18) Gecko/2010021501 Ubuntu/9.04 (jaunty) Firefox/3.0.18"
173.73.6.67 - - [11/May/2010:19:12:03 +0000] "GET /duradmin/dijit/MenuItem.js HTTP/1.1" 200 3344 "http://ec2-174-129-151-69.compute-1.amazonaws.com/duradmin/services" "Mozilla/5.0 (X11; U; Linux i686; en-US; rv:1.9.0.18) Gecko/2010021501 Ubuntu/9.04 (jaunty) Firefox/3.0.18"
173.73.6.67 - - [11/May/2010:19:12:04 +0000] "GET /duradmin/dijit/PopupMenuItem.js HTTP/1.1" 200 1162 "http://ec2-174-129-151-69.compute-1.amazonaws.com/duradmin/services" "Mozilla/5.0 (X11; U; Linux i686; en-US; rv:1.9.0.18) Gecko/2010021501 Ubuntu/9.04 (jaunty) Firefox/3.0.18"
173.73.6.67 - - [11/May/2010:19:12:04 +0000] "GET /duradmin/dijit/CheckedMenuItem.js HTTP/1.1" 200 1606 "http://ec2-174-129-151-69.compute-1.amazonaws.com/duradmin/services" "Mozilla/5.0 (X11; U; Linux i686; en-US; rv:1.9.0.18) Gecko/2010021501 Ubuntu/9.04 (jaunty) Firefox/3.0.18"
173.73.6.67 - - [11/May/2010:19:12:04 +0000] "GET /duradmin/dijit/MenuSeparator.js HTTP/1.1" 200 866 "http://ec2-174-129-151-69.compute-1.amazonaws.com/duradmin/services" "Mozilla/5.0 (X11; U; Linux i686; en-US; rv:1.9.0.18) Gecko/2010021501 Ubuntu/9.04 (jaunty) Firefox/3.0.18"
173.73.6.67 - - [11/May/2010:19:12:04 +0000] "GET /duradmin/dijit/layout/ScrollingTabController.js HTTP/1.1" 200 8781 "http://ec2-174-129-151-69.compute-1.amazonaws.com/duradmin/services" "Mozilla/5.0 (X11; U; Linux i686; en-US; rv:1.9.0.18) Gecko/2010021501 Ubuntu/9.04 (jaunty) Firefox/3.0.18"
173.73.6.67 - - [11/May/2010:19:12:04 +0000] "GET /duradmin/dijit/themes/tundra/images/tabEnabled.png HTTP/1.1" 200 142 "http://ec2-174-129-151-69.compute-1.amazonaws.com/duradmin/dijit/themes/tundra/tundra.css" "Mozilla/5.0 (X11; U; Linux i686; en-US; rv:1.9.0.18) Gecko/2010021501 Ubuntu/9.04 (jaunty) Firefox/3.0.18"
173.73.6.67 - - [11/May/2010:19:12:04 +0000] "GET /duradmin/dijit/themes/tundra/images/spriteRoundedIconsSmall.png HTTP/1.1" 200 2195 "http://ec2-174-129-151-69.compute-1.amazonaws.com/duradmin/dijit/themes/tundra/tundra.css" "Mozilla/5.0 (X11; U; Linux i686; en-US; rv:1.9.0.18) Gecko/2010021501 Ubuntu/9.04 (jaunty) Firefox/3.0.18"
173.73.6.67 - - [11/May/2010:19:12:04 +0000] "GET /duradmin/images/wait.gif HTTP/1.1" 200 2358 "http://ec2-174-129-151-69.compute-1.amazonaws.com/duradmin/services" "Mozilla/5.0 (X11; U; Linux i686; en-US; rv:1.9.0.18) Gecko/2010021501 Ubuntu/9.04 (jaunty) Firefox/3.0.18"
173.73.6.67 - - [11/May/2010:19:12:04 +0000] "GET /duradmin/services?format=json&show=deployed HTTP/1.1" 200 11 "http://ec2-174-129-151-69.compute-1.amazonaws.com/duradmin/services" "Mozilla/5.0 (X11; U; Linux i686; en-US; rv:1.9.0.18) Gecko/2010021501 Ubuntu/9.04 (jaunty) Firefox/3.0.18"
10.192.165.219 - - [11/May/2010:19:12:04 +0000] "GET /durastore/stores HTTP/1.1" 200 306 "-" "Jakarta Commons-HttpClient/3.1"
10.192.165.219 - - [11/May/2010:19:12:04 +0000] "GET /durastore/stores HTTP/1.1" 200 306 "-" "Jakarta Commons-HttpClient/3.1"
173.73.6.67 - - [11/May/2010:19:12:05 +0000] "GET /duradmin/images/error.png HTTP/1.1" 200 457 "http://ec2-174-129-151-69.compute-1.amazonaws.com/duradmin/services" "Mozilla/5.0 (X11; U; Linux i686; en-US; rv:1.9.0.18) Gecko/2010021501 Ubuntu/9.04 (jaunty) Firefox/3.0.18"
10.192.165.219 - - [11/May/2010:19:12:05 +0000] "GET /durastore/stores HTTP/1.1" 200 306 "-" "Jakarta Commons-HttpClient/3.1"
10.192.165.219 - - [11/May/2010:19:12:06 +0000] "GET /durastore/stores HTTP/1.1" 200 306 "-" "Jakarta Commons-HttpClient/3.1"
10.192.165.219 - - [11/May/2010:19:12:07 +0000] "GET /durastore/stores HTTP/1.1" 200 306 "-" "Jakarta Commons-HttpClient/3.1"
10.192.165.219 - - [11/May/2010:19:12:07 +0000] "GET /durastore/spaces?storeID=0 HTTP/1.1" 200 602 "-" "Jakarta Commons-HttpClient/3.1"
10.192.165.219 - - [11/May/2010:19:12:08 +0000] "GET /durastore/stores HTTP/1.1" 200 306 "-" "Jakarta Commons-HttpClient/3.1"
10.192.165.219 - - [11/May/2010:19:12:08 +0000] "GET /durastore/stores HTTP/1.1" 200 306 "-" "Jakarta Commons-HttpClient/3.1"
10.192.165.219 - - [11/May/2010:19:12:08 +0000] "GET /durastore/stores HTTP/1.1" 200 306 "-" "Jakarta Commons-HttpClient/3.1"
10.192.165.219 - - [11/May/2010:19:12:08 +0000] "GET /durastore/stores HTTP/1.1" 200 306 "-" "Jakarta Commons-HttpClient/3.1"
10.192.165.219 - - [11/May/2010:19:12:09 +0000] "GET /durastore/stores HTTP/1.1" 200 306 "-" "Jakarta Commons-HttpClient/3.1"
10.192.165.219 - - [11/May/2010:19:12:09 +0000] "GET /durastore/stores HTTP/1.1" 200 306 "-" "Jakarta Commons-HttpClient/3.1"
10.192.165.219 - - [11/May/2010:19:12:09 +0000] "GET /durastore/stores HTTP/1.1" 200 306 "-" "Jakarta Commons-HttpClient/3.1"
10.192.165.219 - - [11/May/2010:19:12:09 +0000] "GET /durastore/stores HTTP/1.1" 200 306 "-" "Jakarta Commons-HttpClient/3.1"
10.192.165.219 - - [11/May/2010:19:12:09 +0000] "GET /durastore/stores HTTP/1.1" 200 306 "-" "Jakarta Commons-HttpClient/3.1"
173.73.6.67 - - [11/May/2010:19:12:05 +0000] "GET /duradmin/spaces.htm HTTP/1.1" 200 3068 "http://ec2-174-129-151-69.compute-1.amazonaws.com/duradmin/services" "Mozilla/5.0 (X11; U; Linux i686; en-US; rv:1.9.0.18) Gecko/2010021501 Ubuntu/9.04 (jaunty) Firefox/3.0.18"
10.192.165.219 - - [11/May/2010:19:12:09 +0000] "GET /durastore/spaces?storeID=0 HTTP/1.1" 200 602 "-" "Jakarta Commons-HttpClient/3.1"
10.192.165.219 - - [11/May/2010:19:12:09 +0000] "GET /durastore/stores HTTP/1.1" 200 306 "-" "Jakarta Commons-HttpClient/3.1"
10.192.165.219 - - [11/May/2010:19:12:09 +0000] "GET /durastore/spaces?storeID=0 HTTP/1.1" 200 602 "-" "Jakarta Commons-HttpClient/3.1"
10.192.165.219 - - [11/May/2010:19:12:09 +0000] "GET /durastore/spaces?storeID=0 HTTP/1.1" 200 602 "-" "Jakarta Commons-HttpClient/3.1"
10.192.165.219 - - [11/May/2010:19:12:09 +0000] "GET /durastore/stores HTTP/1.1" 200 306 "-" "Jakarta Commons-HttpClient/3.1"
10.192.165.219 - - [11/May/2010:19:12:09 +0000] "GET /durastore/stores HTTP/1.1" 200 306 "-" "Jakarta Commons-HttpClient/3.1"
173.73.6.67 - - [11/May/2010:19:12:04 +0000] "GET /duradmin/services?format=json&show=available HTTP/1.1" 200 8283 "http://ec2-174-129-151-69.compute-1.amazonaws.com/duradmin/services" "Mozilla/5.0 (X11; U; Linux i686; en-US; rv:1.9.0.18) Gecko/2010021501 Ubuntu/9.04 (jaunty) Firefox/3.0.18"
10.192.165.219 - - [11/May/2010:19:12:09 +0000] "GET /durastore/stores HTTP/1.1" 200 306 "-" "Jakarta Commons-HttpClient/3.1"
173.73.6.67 - - [11/May/2010:19:12:08 +0000] "GET /duradmin/spaces.htm HTTP/1.1" 200 3068 "http://ec2-174-129-151-69.compute-1.amazonaws.com/duradmin/services" "Mozilla/5.0 (X11; U; Linux i686; en-US; rv:1.9.0.18) Gecko/2010021501 Ubuntu/9.04 (jaunty) Firefox/3.0.18"
173.73.6.67 - - [11/May/2010:19:12:10 +0000] "GET /duradmin/duracloud/durastore.js HTTP/1.1" 200 4563 "http://ec2-174-129-151-69.compute-1.amazonaws.com/duradmin/spaces.htm" "Mozilla/5.0 (X11; U; Linux i686; en-US; rv:1.9.0.18) Gecko/2010021501 Ubuntu/9.04 (jaunty) Firefox/3.0.18"
173.73.6.67 - - [11/May/2010:19:12:10 +0000] "GET /duradmin/dojox/dtl/filter/strings.js HTTP/1.1" 200 6107 "http://ec2-174-129-151-69.compute-1.amazonaws.com/duradmin/spaces.htm" "Mozilla/5.0 (X11; U; Linux i686; en-US; rv:1.9.0.18) Gecko/2010021501 Ubuntu/9.04 (jaunty) Firefox/3.0.18"
173.73.6.67 - - [11/May/2010:19:12:10 +0000] "GET /duradmin/dojox/dtl/filter/htmlstrings.js HTTP/1.1" 200 1354 "http://ec2-174-129-151-69.compute-1.amazonaws.com/duradmin/spaces.htm" "Mozilla/5.0 (X11; U; Linux i686; en-US; rv:1.9.0.18) Gecko/2010021501 Ubuntu/9.04 (jaunty) Firefox/3.0.18"
173.73.6.67 - - [11/May/2010:19:12:10 +0000] "GET /duradmin/dojox/dtl/_base.js HTTP/1.1" 200 13623 "http://ec2-174-129-151-69.compute-1.amazonaws.com/duradmin/spaces.htm" "Mozilla/5.0 (X11; U; Linux i686; en-US; rv:1.9.0.18) Gecko/2010021501 Ubuntu/9.04 (jaunty) Firefox/3.0.18"
173.73.6.67 - - [11/May/2010:19:12:10 +0000] "GET /duradmin/dojox/string/Builder.js HTTP/1.1" 200 1525 "http://ec2-174-129-151-69.compute-1.amazonaws.com/duradmin/spaces.htm" "Mozilla/5.0 (X11; U; Linux i686; en-US; rv:1.9.0.18) Gecko/2010021501 Ubuntu/9.04 (jaunty) Firefox/3.0.18"
173.73.6.67 - - [11/May/2010:19:12:10 +0000] "GET /duradmin/dojox/string/tokenize.js HTTP/1.1" 200 780 "http://ec2-174-129-151-69.compute-1.amazonaws.com/duradmin/spaces.htm" "Mozilla/5.0 (X11; U; Linux i686; en-US; rv:1.9.0.18) Gecko/2010021501 Ubuntu/9.04 (jaunty) Firefox/3.0.18"
173.73.6.67 - - [11/May/2010:19:12:10 +0000] "GET /duradmin/dojox/string/sprintf.js HTTP/1.1" 200 7128 "http://ec2-174-129-151-69.compute-1.amazonaws.com/duradmin/spaces.htm" "Mozilla/5.0 (X11; U; Linux i686; en-US; rv:1.9.0.18) Gecko/2010021501 Ubuntu/9.04 (jaunty) Firefox/3.0.18"
10.192.165.219 - - [11/May/2010:19:12:10 +0000] "GET /durastore/stores HTTP/1.1" 200 306 "-" "Jakarta Commons-HttpClient/3.1"
10.192.165.219 - - [11/May/2010:19:12:10 +0000] "GET /durastore/stores HTTP/1.1" 200 306 "-" "Jakarta Commons-HttpClient/3.1"
10.192.165.219 - - [11/May/2010:19:12:10 +0000] "GET /durastore/stores HTTP/1.1" 200 306 "-" "Jakarta Commons-HttpClient/3.1"
10.192.165.219 - - [11/May/2010:19:12:10 +0000] "GET /durastore/akubra-test?storeID=0 HTTP/1.1" 200 2276 "-" "Jakarta Commons-HttpClient/3.1"
173.73.6.67 - - [11/May/2010:19:12:10 +0000] "GET /duradmin/data/spaces/space?spaceId=akubra-test HTTP/1.1" 200 1933 "http://ec2-174-129-151-69.compute-1.amazonaws.com/duradmin/spaces.htm" "Mozilla/5.0 (X11; U; Linux i686; en-US; rv:1.9.0.18) Gecko/2010021501 Ubuntu/9.04 (jaunty) Firefox/3.0.18"
10.192.165.219 - - [11/May/2010:19:12:12 +0000] "GET /durastore/stores HTTP/1.1" 200 306 "-" "Jakarta Commons-HttpClient/3.1"
10.192.165.219 - - [11/May/2010:19:12:12 +0000] "GET /durastore/stores HTTP/1.1" 200 306 "-" "Jakarta Commons-HttpClient/3.1"
10.192.165.219 - - [11/May/2010:19:12:12 +0000] "GET /durastore/stores HTTP/1.1" 200 306 "-" "Jakarta Commons-HttpClient/3.1"
10.192.165.219 - - [11/May/2010:19:12:12 +0000] "GET /durastore/stores HTTP/1.1" 200 306 "-" "Jakarta Commons-HttpClient/3.1"
10.192.165.219 - - [11/May/2010:19:12:10 +0000] "GET /durastore/asia-space?storeID=0 HTTP/1.1" 200 118 "-" "Jakarta Commons-HttpClient/3.1"
173.73.6.67 - - [11/May/2010:19:12:10 +0000] "GET /duradmin/data/spaces/space?spaceId=asia-space HTTP/1.1" 200 202 "http://ec2-174-129-151-69.compute-1.amazonaws.com/duradmin/spaces.htm" "Mozilla/5.0 (X11; U; Linux i686; en-US; rv:1.9.0.18) Gecko/2010021501 Ubuntu/9.04 (jaunty) Firefox/3.0.18"
10.192.165.219 - - [11/May/2010:19:12:10 +0000] "GET /durastore/awoods?storeID=0 HTTP/1.1" 200 314 "-" "Jakarta Commons-HttpClient/3.1"
173.73.6.67 - - [11/May/2010:19:12:10 +0000] "GET /duradmin/data/spaces/space?spaceId=awoods HTTP/1.1" 200 348 "http://ec2-174-129-151-69.compute-1.amazonaws.com/duradmin/spaces.htm" "Mozilla/5.0 (X11; U; Linux i686; en-US; rv:1.9.0.18) Gecko/2010021501 Ubuntu/9.04 (jaunty) Firefox/3.0.18"
10.192.165.219 - - [11/May/2010:19:12:14 +0000] "GET /durastore/stores HTTP/1.1" 200 306 "-" "Jakarta Commons-HttpClient/3.1"
10.192.165.219 - - [11/May/2010:19:12:14 +0000] "GET /durastore/stores HTTP/1.1" 200 306 "-" "Jakarta Commons-HttpClient/3.1"
127.0.0.1 - - [11/May/2010:19:12:15 +0000] "OPTIONS * HTTP/1.0" 200 - "-" "Apache/2.2.9 (Ubuntu) mod_jk/1.2.26 (internal dummy connection)"
173.73.6.67 - - [11/May/2010:19:12:12 +0000] "GET /duradmin/data/spaces/space?spaceId=bb-sync-test HTTP/1.1" 200 382 "http://ec2-174-129-151-69.compute-1.amazonaws.com/duradmin/spaces.htm" "Mozilla/5.0 (X11; U; Linux i686; en-US; rv:1.9.0.18) Gecko/2010021501 Ubuntu/9.04 (jaunty) Firefox/3.0.18"
10.192.165.219 - - [11/May/2010:19:12:14 +0000] "GET /durastore/bb-sync-test?storeID=0 HTTP/1.1" 200 387 "-" "Jakarta Commons-HttpClient/3.1"
10.192.165.219 - - [11/May/2010:19:12:15 +0000] "GET /durastore/stores HTTP/1.1" 200 306 "-" "Jakarta Commons-HttpClient/3.1"
10.192.165.219 - - [11/May/2010:19:12:14 +0000] "GET /durastore/bb-convert-destination?storeID=0 HTTP/1.1" 200 309 "-" "Jakarta Commons-HttpClient/3.1"
173.73.6.67 - - [11/May/2010:19:12:11 +0000] "GET /duradmin/data/spaces/space?spaceId=bb-convert-destination HTTP/1.1" 200 333 "http://ec2-174-129-151-69.compute-1.amazonaws.com/duradmin/spaces.htm" "Mozilla/5.0 (X11; U; Linux i686; en-US; rv:1.9.0.18) Gecko/2010021501 Ubuntu/9.04 (jaunty) Firefox/3.0.18"
10.192.165.219 - - [11/May/2010:19:12:16 +0000] "GET /durastore/stores HTTP/1.1" 200 306 "-" "Jakarta Commons-HttpClient/3.1"
127.0.0.1 - - [11/May/2010:19:12:16 +0000] "OPTIONS * HTTP/1.0" 200 - "-" "Apache/2.2.9 (Ubuntu) mod_jk/1.2.26 (internal dummy connection)"
173.73.6.67 - - [11/May/2010:19:12:13 +0000] "GET /duradmin/data/spaces/space?spaceId=beautiful-open-space HTTP/1.1" 200 205 "http://ec2-174-129-151-69.compute-1.amazonaws.com/duradmin/spaces.htm" "Mozilla/5.0 (X11; U; Linux i686; en-US; rv:1.9.0.18) Gecko/2010021501 Ubuntu/9.04 (jaunty) Firefox/3.0.18"
10.192.165.219 - - [11/May/2010:19:12:14 +0000] "GET /durastore/beautiful-open-space?storeID=0 HTTP/1.1" 200 109 "-" "Jakarta Commons-HttpClient/3.1"
10.192.165.219 - - [11/May/2010:19:12:16 +0000] "GET /durastore/stores HTTP/1.1" 200 306 "-" "Jakarta Commons-HttpClient/3.1"
10.192.165.219 - - [11/May/2010:19:12:14 +0000] "GET /durastore/bhl-test-data?storeID=0 HTTP/1.1" 200 3455 "-" "Jakarta Commons-HttpClient/3.1"
173.73.6.67 - - [11/May/2010:19:12:13 +0000] "GET /duradmin/data/spaces/space?spaceId=bhl-test-data HTTP/1.1" 200 3051 "http://ec2-174-129-151-69.compute-1.amazonaws.com/duradmin/spaces.htm" "Mozilla/5.0 (X11; U; Linux i686; en-US; rv:1.9.0.18) Gecko/2010021501 Ubuntu/9.04 (jaunty) Firefox/3.0.18"
10.192.165.219 - - [11/May/2010:19:12:16 +0000] "GET /durastore/stores HTTP/1.1" 200 306 "-" "Jakarta Commons-HttpClient/3.1"
10.192.165.219 - - [11/May/2010:19:12:14 +0000] "GET /durastore/bb-convert-src?storeID=0 HTTP/1.1" 200 112 "-" "Jakarta Commons-HttpClient/3.1"
173.73.6.67 - - [11/May/2010:19:12:11 +0000] "GET /duradmin/data/spaces/space?spaceId=bb-convert-src HTTP/1.1" 200 208 "http://ec2-174-129-151-69.compute-1.amazonaws.com/duradmin/spaces.htm" "Mozilla/5.0 (X11; U; Linux i686; en-US; rv:1.9.0.18) Gecko/2010021501 Ubuntu/9.04 (jaunty) Firefox/3.0.18"
10.192.165.219 - - [11/May/2010:19:12:16 +0000] "GET /durastore/stores HTTP/1.1" 200 306 "-" "Jakarta Commons-HttpClient/3.1"
10.192.165.219 - - [11/May/2010:19:12:14 +0000] "GET /durastore/bb-convert-dest-orig?storeID=0 HTTP/1.1" 200 303 "-" "Jakarta Commons-HttpClient/3.1"
173.73.6.67 - - [11/May/2010:19:12:10 +0000] "GET /duradmin/data/spaces/space?spaceId=bb-convert-dest-orig HTTP/1.1" 200 329 "http://ec2-174-129-151-69.compute-1.amazonaws.com/duradmin/spaces.htm" "Mozilla/5.0 (X11; U; Linux i686; en-US; rv:1.9.0.18) Gecko/2010021501 Ubuntu/9.04 (jaunty) Firefox/3.0.18"
10.192.165.219 - - [11/May/2010:19:12:16 +0000] "GET /durastore/stores HTTP/1.1" 200 306 "-" "Jakarta Commons-HttpClient/3.1"
127.0.0.1 - - [11/May/2010:19:12:17 +0000] "OPTIONS * HTTP/1.0" 200 - "-" "Apache/2.2.9 (Ubuntu) mod_jk/1.2.26 (internal dummy connection)"
10.192.165.219 - - [11/May/2010:19:12:15 +0000] "GET /durastore/carissa-sync-test?storeID=0 HTTP/1.1" 200 521 "-" "Jakarta Commons-HttpClient/3.1"
173.73.6.67 - - [11/May/2010:19:12:15 +0000] "GET /duradmin/data/spaces/space?spaceId=carissa-sync-test HTTP/1.1" 200 468 "http://ec2-174-129-151-69.compute-1.amazonaws.com/duradmin/spaces.htm" "Mozilla/5.0 (X11; U; Linux i686; en-US; rv:1.9.0.18) Gecko/2010021501 Ubuntu/9.04 (jaunty) Firefox/3.0.18"
10.192.165.219 - - [11/May/2010:19:12:17 +0000] "GET /durastore/stores HTTP/1.1" 200 306 "-" "Jakarta Commons-HttpClient/3.1"
10.192.165.219 - - [11/May/2010:19:12:16 +0000] "GET /durastore/conversion-test-source?storeID=0 HTTP/1.1" 200 260 "-" "Jakarta Commons-HttpClient/3.1"
173.73.6.67 - - [11/May/2010:19:12:16 +0000] "GET /duradmin/data/spaces/space?spaceId=conversion-test-source HTTP/1.1" 200 296 "http://ec2-174-129-151-69.compute-1.amazonaws.com/duradmin/spaces.htm" "Mozilla/5.0 (X11; U; Linux i686; en-US; rv:1.9.0.18) Gecko/2010021501 Ubuntu/9.04 (jaunty) Firefox/3.0.18"
10.192.165.219 - - [11/May/2010:19:12:17 +0000] "GET /durastore/stores HTTP/1.1" 200 306 "-" "Jakarta Commons-HttpClient/3.1"
10.192.165.219 - - [11/May/2010:19:12:16 +0000] "GET /durastore/duracloud-service-repository?storeID=0 HTTP/1.1" 200 412 "-" "Jakarta Commons-HttpClient/3.1"
173.73.6.67 - - [11/May/2010:19:12:16 +0000] "GET /duradmin/data/spaces/space?spaceId=duracloud-service-repository HTTP/1.1" 200 438 "http://ec2-174-129-151-69.compute-1.amazonaws.com/duradmin/spaces.htm" "Mozilla/5.0 (X11; U; Linux i686; en-US; rv:1.9.0.18) Gecko/2010021501 Ubuntu/9.04 (jaunty) Firefox/3.0.18"
10.192.165.219 - - [11/May/2010:19:12:16 +0000] "GET /durastore/michele-test?storeID=0 HTTP/1.1" 200 223 "-" "Jakarta Commons-HttpClient/3.1"
